Component: Arm Compiler for Embedded 6.19 Tool: armlink [5e73cb00]

==============================================================================

Section Cross References

    startup_stm32f103xb.o(STACK) refers (Special) to heapauxi.o(.text) for __use_two_region_memory
    startup_stm32f103xb.o(HEAP) refers (Special) to heapauxi.o(.text) for __use_two_region_memory
    startup_stm32f103xb.o(RESET) refers (Special) to heapauxi.o(.text) for __use_two_region_memory
    startup_stm32f103xb.o(RESET) refers to startup_stm32f103xb.o(STACK) for __initial_sp
    startup_stm32f103xb.o(RESET) refers to startup_stm32f103xb.o(.text) for Reset_Handler
    startup_stm32f103xb.o(RESET) refers to stm32f1xx_it.o(.text.NMI_Handler) for NMI_Handler
    startup_stm32f103xb.o(RESET) refers to stm32f1xx_it.o(.text.HardFault_Handler) for HardFault_Handler
    startup_stm32f103xb.o(RESET) refers to stm32f1xx_it.o(.text.MemManage_Handler) for MemManage_Handler
    startup_stm32f103xb.o(RESET) refers to stm32f1xx_it.o(.text.BusFault_Handler) for BusFault_Handler
    startup_stm32f103xb.o(RESET) refers to stm32f1xx_it.o(.text.UsageFault_Handler) for UsageFault_Handler
    startup_stm32f103xb.o(RESET) refers to stm32f1xx_it.o(.text.SVC_Handler) for SVC_Handler
    startup_stm32f103xb.o(RESET) refers to stm32f1xx_it.o(.text.DebugMon_Handler) for DebugMon_Handler
    startup_stm32f103xb.o(RESET) refers to stm32f1xx_it.o(.text.PendSV_Handler) for PendSV_Handler
    startup_stm32f103xb.o(RESET) refers to stm32f1xx_it.o(.text.SysTick_Handler) for SysTick_Handler
    startup_stm32f103xb.o(.text) refers (Special) to heapauxi.o(.text) for __use_two_region_memory
    startup_stm32f103xb.o(.text) refers to system_stm32f1xx.o(.text.SystemInit) for SystemInit
    startup_stm32f103xb.o(.text) refers to __main.o(!!!main) for __main
    startup_stm32f103xb.o(.text) refers to startup_stm32f103xb.o(HEAP) for Heap_Mem
    startup_stm32f103xb.o(.text) refers to startup_stm32f103xb.o(STACK) for Stack_Mem
    main.o(.text.main) refers to stm32f1xx_hal.o(.text.HAL_Init) for HAL_Init
    main.o(.text.main) refers to main.o(.text.SystemClock_Config) for SystemClock_Config
    main.o(.text.main) refers to gpio.o(.text.MX_GPIO_Init) for MX_GPIO_Init
    main.o(.text.main) refers to i2c.o(.text.MX_I2C1_Init) for MX_I2C1_Init
    main.o(.text.main) refers to oled.o(.text.OLED_Init) for OLED_Init
    main.o(.text.main) refers to main.o(.rodata.str1.1) for .L.str
    main.o(.text.main) refers to oled.o(.text.OLED_ShowString) for OLED_ShowString
    main.o(.text.main) refers to i2c.o(.bss.hi2c1) for hi2c1
    main.o(.text.main) refers to shtc3.o(.text.shtc3_read_id) for shtc3_read_id
    main.o(.text.main) refers to oled.o(.text.OLED_Update) for OLED_Update
    main.o(.text.main) refers to stm32f1xx_hal.o(.text.HAL_Delay) for HAL_Delay
    main.o(.text.main) refers to shtc3.o(.text.shtc3_perform_measurements) for shtc3_perform_measurements
    main.o(.text.main) refers to dflt_clz.o(x$fpl$dflt) for __aeabi_i2d
    main.o(.text.main) refers to ddiv.o(x$fpl$ddiv) for __aeabi_ddiv
    main.o(.text.main) refers to oled.o(.text.OLED_ShowFloatNum) for OLED_ShowFloatNum
    main.o(.text.main) refers to oled.o(.text.OLED_ShowChar) for OLED_ShowChar
    main.o(.text.main) refers to oled.o(.text.OLED_DrawCircle) for OLED_DrawCircle
    main.o(.text.main) refers to oled.o(.text.OLED_ShowNum) for OLED_ShowNum
    main.o(.text.main) refers to stm32f1xx_hal_gpio.o(.text.HAL_GPIO_ReadPin) for HAL_GPIO_ReadPin
    main.o(.text.main) refers to stm32f1xx_hal_gpio.o(.text.HAL_GPIO_WritePin) for HAL_GPIO_WritePin
    main.o(.text.main) refers to stm32f1xx_hal_gpio.o(.text.HAL_GPIO_LockPin) for HAL_GPIO_LockPin
    main.o(.ARM.exidx.text.main) refers to main.o(.text.main) for [Anonymous Symbol]
    main.o(.text.SystemClock_Config) refers to rt_memclr_w.o(.text) for __aeabi_memclr4
    main.o(.text.SystemClock_Config) refers to stm32f1xx_hal_rcc.o(.text.HAL_RCC_OscConfig) for HAL_RCC_OscConfig
    main.o(.text.SystemClock_Config) refers to main.o(.text.Error_Handler) for Error_Handler
    main.o(.text.SystemClock_Config) refers to stm32f1xx_hal_rcc.o(.text.HAL_RCC_ClockConfig) for HAL_RCC_ClockConfig
    main.o(.ARM.exidx.text.SystemClock_Config) refers to main.o(.text.SystemClock_Config) for [Anonymous Symbol]
    main.o(.ARM.exidx.text.Error_Handler) refers to main.o(.text.Error_Handler) for [Anonymous Symbol]
    gpio.o(.text.MX_GPIO_Init) refers to stm32f1xx_hal_gpio.o(.text.HAL_GPIO_WritePin) for HAL_GPIO_WritePin
    gpio.o(.text.MX_GPIO_Init) refers to stm32f1xx_hal_gpio.o(.text.HAL_GPIO_Init) for HAL_GPIO_Init
    gpio.o(.ARM.exidx.text.MX_GPIO_Init) refers to gpio.o(.text.MX_GPIO_Init) for [Anonymous Symbol]
    i2c.o(.text.MX_I2C1_Init) refers to i2c.o(.bss.hi2c1) for hi2c1
    i2c.o(.text.MX_I2C1_Init) refers to stm32f1xx_hal_i2c.o(.text.HAL_I2C_Init) for HAL_I2C_Init
    i2c.o(.text.MX_I2C1_Init) refers to main.o(.text.Error_Handler) for Error_Handler
[...]
    ../clib/angel/startup.s                  0x00000000   Number         0  __main.o ABSOLUTE
    ../clib/angel/sys.s                      0x00000000   Number         0  libspace.o ABSOLUTE
    ../clib/angel/sys.s                      0x00000000   Number         0  sys_stackheap_outer.o ABSOLUTE
    ../clib/angel/sys.s                      0x00000000   Number         0  use_no_semi.o ABSOLUTE
    ../clib/angel/sys.s                      0x00000000   Number         0  indicate_semi.o ABSOLUTE
    ../clib/angel/sysapp.c                   0x00000000   Number         0  sys_exit.o ABSOLUTE
    ../clib/angel/sysapp.c                   0x00000000   Number         0  sys_exit_hlt.o ABSOLUTE
    ../clib/angel/sysapp.c                   0x00000000   Number         0  sys_command.o ABSOLUTE
    ../clib/angel/sysapp.c                   0x00000000   Number         0  sys_command_hlt.o ABSOLUTE
    ../clib/angel/sysapp.c                   0x00000000   Number         0  sys_wrch.o ABSOLUTE
    ../clib/angel/sysapp.c                   0x00000000   Number         0  sys_wrch_hlt.o ABSOLUTE
    ../clib/armsys.c                         0x00000000   Number         0  argv_veneer.o ABSOLUTE
    ../clib/armsys.c                         0x00000000   Number         0  argv_veneer.o ABSOLUTE
    ../clib/armsys.c                         0x00000000   Number         0  _get_argv_nomalloc.o ABSOLUTE
    ../clib/armsys.c                         0x00000000   Number         0  no_argv.o ABSOLUTE
    ../clib/bigflt.c                         0x00000000   Number         0  bigflt0.o ABSOLUTE
    ../clib/btod.s                           0x00000000   Number         0  btod.o ABSOLUTE
    ../clib/btod_accurate.c                  0x00000000   Number         0  btod_accurate.o ABSOLUTE
    ../clib/btod_accurate.c                  0x00000000   Number         0  btod_accurate_common.o ABSOLUTE
    ../clib/fenv.c                           0x00000000   Number         0  _rserrno.o ABSOLUTE
    ../clib/heapalloc.c                      0x00000000   Number         0  hrguard.o ABSOLUTE
    ../clib/heapaux.c                        0x00000000   Number         0  heapauxi.o ABSOLUTE
    ../clib/libinit.s                        0x00000000   Number         0  libinit.o ABSOLUTE
    ../clib/libinit.s                        0x00000000   Number         0  libinit2.o ABSOLUTE
    ../clib/libinit.s                        0x00000000   Number         0  libshutdown.o ABSOLUTE
    ../clib/libinit.s                        0x00000000   Number         0  libshutdown2.o ABSOLUTE
    ../clib/locale.c                         0x00000000   Number         0  _c16rtomb.o ABSOLUTE
    ../clib/locale.s                         0x00000000   Number         0  lc_numeric_c.o ABSOLUTE
    ../clib/locale.s                         0x00000000   Number         0  lc_ctype_c.o ABSOLUTE
    ../clib/longlong.s                       0x00000000   Number         0  lludiv10.o ABSOLUTE
    ../clib/longlong.s                       0x00000000   Number         0  llushr.o ABSOLUTE
    ../clib/memcpset.s                       0x00000000   Number         0  rt_memclr_w.o ABSOLUTE
    ../clib/memcpset.s                       0x00000000   Number         0  strcmpv7m.o ABSOLUTE
    ../clib/misc.s                           0x00000000   Number         0  printf_stubs.o ABSOLUTE
    ../clib/printf.c                         0x00000000   Number         0  vsprintf.o ABSOLUTE
    ../clib/printf.c                         0x00000000   Number         0  __printf.o ABSOLUTE
    ../clib/printf.c                         0x00000000   Number         0  _printf_pad.o ABSOLUTE
    ../clib/printf.c                         0x00000000   Number         0  _printf_truncate.o ABSOLUTE
    ../clib/printf.c                         0x00000000   Number         0  _printf_str.o ABSOLUTE
    ../clib/printf.c                         0x00000000   Number         0  _printf_dec.o ABSOLUTE
    ../clib/printf.c                         0x00000000   Number         0  _printf_charcount.o ABSOLUTE
    ../clib/printf.c                         0x00000000   Number         0  _printf_char_common.o ABSOLUTE
    ../clib/printf.c                         0x00000000   Number         0  _sputc.o ABSOLUTE
    ../clib/printf.c                         0x00000000   Number         0  _printf_wctomb.o ABSOLUTE
    ../clib/printf.c                         0x00000000   Number         0  _printf_longlong_dec.o ABSOLUTE
    ../clib/printf.c                         0x00000000   Number         0  _printf_oct_ll.o ABSOLUTE
    ../clib/printf.c                         0x00000000   Number         0  _printf_oct_int.o ABSOLUTE
    ../clib/printf.c                         0x00000000   Number         0  _printf_oct_int_ll.o ABSOLUTE
    ../clib/printf.c                         0x00000000   Number         0  _printf_hex_ll.o ABSOLUTE
    ../clib/printf.c                         0x00000000   Number         0  _printf_hex_int.o ABSOLUTE
    ../clib/printf.c                         0x00000000   Number         0  _printf_hex_int_ll.o ABSOLUTE
    ../clib/printf.c                         0x00000000   Number         0  _printf_hex_ptr.o ABSOLUTE
    ../clib/printf.c                         0x00000000   Number         0  _printf_hex_int_ptr.o ABSOLUTE
    ../clib/printf.c                         0x00000000   Number         0  _printf_hex_ll_ptr.o ABSOLUTE
    ../clib/printf.c                         0x00000000   Number         0  _printf_hex_int_ll_ptr.o ABSOLUTE
    ../clib/printf.c                         0x00000000   Number         0  __printf_flags.o ABSOLUTE
    ../clib/printf.c                         0x00000000   Number         0  __printf_ss.o ABSOLUTE
    ../clib/printf.c                         0x00000000   Number         0  __printf_flags_ss.o ABSOLUTE
    ../clib/printf.c                         0x00000000   Number         0  __printf_wp.o ABSOLUTE
    ../clib/printf.c                         0x00000000   Number         0  __printf_flags_wp.o ABSOLUTE
    ../clib/printf.c                         0x00000000   Number         0  __printf_ss_wp.o ABSOLUTE
    ../clib/printf.c                         0x00000000   Number         0  __printf_flags_ss_wp.o ABSOLUTE
    ../clib/printf.c                         0x00000000   Number         0  _printf_intcommon.o ABSOLUTE
    ../clib/printf.c                         0x00000000   Number         0  _printf_fp_dec.o ABSOLUTE
    ../clib/printf.c                         0x00000000   Number         0  _printf_fp_dec_accurate.o ABSOLUTE
    ../clib/printf.c                         0x00000000   Number         0  _printf_fp_hex.o ABSOLUTE
    ../clib/printf.c                         0x00000000   Number         0  __printf_nopercent.o ABSOLUTE
    ../clib/printf.c                         0x00000000   Number         0  _printf_char.o ABSOLUTE
    ../clib/printf.c                         0x00000000   Number         0  _printf_wchar.o ABSOLUTE
    ../clib/printf.c                         0x00000000   Number         0  _printf_fp_infnan.o ABSOLUTE
    ../clib/printf_percent.s                 0x00000000   Number         0  _printf_c.o ABSOLUTE
    ../clib/printf_percent.s                 0x00000000   Number         0  _printf_s.o ABSOLUTE
    ../clib/printf_percent.s                 0x00000000   Number         0  _printf_n.o ABSOLUTE
    ../clib/printf_percent.s                 0x00000000   Number         0  _printf_x.o ABSOLUTE
    ../clib/printf_percent.s                 0x00000000   Number         0  _printf_p.o ABSOLUTE
    ../clib/printf_percent.s                 0x00000000   Number         0  _printf_o.o ABSOLUTE
    ../clib/printf_percent.s                 0x00000000   Number         0  _printf_i.o ABSOLUTE
    ../clib/printf_percent.s                 0x00000000   Number         0  _printf_d.o ABSOLUTE
    ../clib/printf_percent.s                 0x00000000   Number         0  _printf_u.o ABSOLUTE
    ../clib/printf_percent.s                 0x00000000   Number         0  _printf_f.o ABSOLUTE
    ../clib/printf_percent.s                 0x00000000   Number         0  _printf_e.o ABSOLUTE
    ../clib/printf_percent.s                 0x00000000   Number         0  _printf_g.o ABSOLUTE
    ../clib/printf_percent.s                 0x00000000   Number         0  _printf_a.o ABSOLUTE
    ../clib/printf_percent.s                 0x00000000   Number         0  _printf_percent.o ABSOLUTE
    ../clib/printf_percent.s                 0x00000000   Number         0  _printf_lli.o ABSOLUTE
    ../clib/printf_percent.s                 0x00000000   Number         0  _printf_lld.o ABSOLUTE
    ../clib/printf_percent.s                 0x00000000   Number         0  _printf_llu.o ABSOLUTE
    ../clib/printf_percent.s                 0x00000000   Number         0  _printf_ll.o ABSOLUTE
    ../clib/printf_percent.s                 0x00000000   Number         0  _printf_l.o ABSOLUTE
    ../clib/printf_percent.s                 0x00000000   Number         0  _printf_lc.o ABSOLUTE
    ../clib/printf_percent.s                 0x00000000   Number         0  _printf_ls.o ABSOLUTE
    ../clib/printf_percent.s                 0x00000000   Number         0  _printf_llo.o ABSOLUTE
    ../clib/printf_percent.s                 0x00000000   Number         0  _printf_llx.o ABSOLUTE
    ../clib/printf_percent.s                 0x00000000   Number         0  _printf_percent_end.o ABSOLUTE
    ../clib/signal.c                         0x00000000   Number         0  defsig_rtmem_outer.o ABSOLUTE
    ../clib/signal.c                         0x00000000   Number         0  defsig_rtmem_formal.o ABSOLUTE
    ../clib/signal.c                         0x00000000   Number         0  defsig_exit.o ABSOLUTE
    ../clib/signal.c                         0x00000000   Number         0  defsig_rtmem_inner.o ABSOLUTE
    ../clib/signal.c                         0x00000000   Number         0  __raise.o ABSOLUTE
    ../clib/signal.c                         0x00000000   Number         0  defsig_general.o ABSOLUTE
    ../clib/signal.c                         0x00000000   Number         0  defsig_abrt_inner.o ABSOLUTE
    ../clib/signal.c                         0x00000000   Number         0  defsig_fpe_inner.o ABSOLUTE
    ../clib/signal.c                         0x00000000   Number         0  defsig_rtred_inner.o ABSOLUTE
    ../clib/signal.c                         0x00000000   Number         0  defsig_stak_inner.o ABSOLUTE
    ../clib/signal.c                         0x00000000   Number         0  defsig_pvfn_inner.o ABSOLUTE
    ../clib/signal.c                         0x00000000   Number         0  defsig_cppl_inner.o ABSOLUTE
    ../clib/signal.c                         0x00000000   Number         0  defsig_segv_inner.o ABSOLUTE
    ../clib/signal.c                         0x00000000   Number         0  defsig_other.o ABSOLUTE
    ../clib/signal.s                         0x00000000   Number         0  defsig.o ABSOLUTE
    ../clib/stdlib.c                         0x00000000   Number         0  exit.o ABSOLUTE
    ../fplib/d2f.s                           0x00000000   Number         0  d2f.o ABSOLUTE
    ../fplib/daddsub.s                       0x00000000   Number         0  daddsub_clz.o ABSOLUTE
    ../fplib/dcheck1.s                       0x00000000   Number         0  dcheck1.o ABSOLUTE
    ../fplib/dcmp.s                          0x00000000   Number         0  dcmp.o ABSOLUTE
    ../fplib/dcmpi.s                         0x00000000   Number         0  dcmpi.o ABSOLUTE
    ../fplib/ddiv.s                          0x00000000   Number         0  ddiv.o ABSOLUTE
    ../fplib/deqf.s                          0x00000000   Number         0  deqf.o ABSOLUTE
    ../fplib/dfix.s                          0x00000000   Number         0  dfix.o ABSOLUTE
    ../fplib/dfixu.s                         0x00000000   Number         0  dfixu.o ABSOLUTE
    ../fplib/dflt.s                          0x00000000   Number         0  dflt_clz.o ABSOLUTE
    ../fplib/dgeqf.s                         0x00000000   Number         0  dgeqf.o ABSOLUTE
    ../fplib/dleqf.s                         0x00000000   Number         0  dleqf.o ABSOLUTE
    ../fplib/dmul.s                          0x00000000   Number         0  dmul.o ABSOLUTE
    ../fplib/dnaninf.s                       0x00000000   Number         0  dnaninf.o ABSOLUTE
    ../fplib/dretinf.s                       0x00000000   Number         0  dretinf.o ABSOLUTE
    ../fplib/drleqf.s                        0x00000000   Number         0  drleqf.o ABSOLUTE
    ../fplib/drnd.s                          0x00000000   Number         0  drnd.o ABSOLUTE
    ../fplib/faddsub.s                       0x00000000   Number         0  faddsub_clz.o ABSOLUTE
    ../fplib/fcmp.s                          0x00000000   Number         0  fcmp.o ABSOLUTE
    ../fplib/fcmpi.s                         0x00000000   Number         0  fcmpi.o ABSOLUTE
    ../fplib/feqf.s                          0x00000000   Number         0  feqf.o ABSOLUTE
    ../fplib/fflt.s                          0x00000000   Number         0  fflt_clz.o ABSOLUTE
    ../fplib/fgeqf.s                         0x00000000   Number         0  fgeqf.o ABSOLUTE
    ../fplib/fleqf.s                         0x00000000   Number         0  fleqf.o ABSOLUTE
    ../fplib/fnaninf.s                       0x00000000   Number         0  fnaninf.o ABSOLUTE
    ../fplib/fpinit.s                        0x00000000   Number         0  fpinit.o ABSOLUTE
    ../fplib/fpinit_empty.s                  0x00000000   Number         0  fpinit_empty.o ABSOLUTE
    ../fplib/fretinf.s                       0x00000000   Number         0  fretinf.o ABSOLUTE
    ../fplib/istatus.s                       0x00000000   Number         0  istatus.o ABSOLUTE
    ../fplib/printf1.s                       0x00000000   Number         0  printf1.o ABSOLUTE
    ../fplib/printf2.s                       0x00000000   Number         0  printf2.o ABSOLUTE
    ../fplib/printf2a.s                      0x00000000   Number         0  printf2a.o ABSOLUTE
    ../fplib/printf2b.s                      0x00000000   Number         0  printf2b.o ABSOLUTE
    ../fplib/retnan.s                        0x00000000   Number         0  retnan.o ABSOLUTE
    ../fplib/scalbn.s                        0x00000000   Number         0  scalbn.o ABSOLUTE
    ../fplib/trapv.s                         0x00000000   Number         0  trapv.o ABSOLUTE
    ../fplib/usenofp.s                       0x00000000   Number         0  usenofp.o ABSOLUTE
    ../mathlib/atan.c                        0x00000000   Number         0  atan.o ABSOLUTE
    ../mathlib/atan2.c                       0x00000000   Number         0  atan2.o ABSOLUTE
    ../mathlib/dunder.c                      0x00000000   Number         0  dunder.o ABSOLUTE
    ../mathlib/fpclassify.c                  0x00000000   Number         0  fpclassify.o ABSOLUTE
    ../mathlib/poly.c                        0x00000000   Number         0  poly.o ABSOLUTE
    ../mathlib/qnan.c                        0x00000000   Number         0  qnan.o ABSOLUTE
    ../mathlib/round.c                       0x00000000   Number         0  round.o ABSOLUTE
    OLED_Data.c                              0x00000000   Number         0  oled_data.o ABSOLUTE
    SHTC3.c                                  0x00000000   Number         0  shtc3.o ABSOLUTE
    dc.s                                     0x00000000   Number         0  dc.o ABSOLUTE
    gpio.c                                   0x00000000   Number         0  gpio.o ABSOLUTE
    i2c.c                                    0x00000000   Number         0  i2c.o ABSOLUTE
    main.c                                   0x00000000   Number         0  main.o ABSOLUTE
    oled.c                                   0x00000000   Number         0  oled.o ABSOLUTE
    startup_stm32f103xb.s                    0x00000000   Number         0  startup_stm32f103xb.o ABSOLUTE
    stm32f1xx_hal.c                          0x00000000   Number         0  stm32f1xx_hal.o ABSOLUTE
    stm32f1xx_hal_cortex.c                   0x00000000   Number         0  stm32f1xx_hal_cortex.o ABSOLUTE
    stm32f1xx_hal_dma.c                      0x00000000   Number         0  stm32f1xx_hal_dma.o ABSOLUTE
    stm32f1xx_hal_exti.c                     0x00000000   Number         0  stm32f1xx_hal_exti.o ABSOLUTE
    stm32f1xx_hal_flash.c                    0x00000000   Number         0  stm32f1xx_hal_flash.o ABSOLUTE
    stm32f1xx_hal_flash_ex.c                 0x00000000   Number         0  stm32f1xx_hal_flash_ex.o ABSOLUTE
    stm32f1xx_hal_gpio.c                     0x00000000   Number         0  stm32f1xx_hal_gpio.o ABSOLUTE
    stm32f1xx_hal_gpio_ex.c                  0x00000000   Number         0  stm32f1xx_hal_gpio_ex.o ABSOLUTE
    stm32f1xx_hal_i2c.c                      0x00000000   Number         0  stm32f1xx_hal_i2c.o ABSOLUTE
    stm32f1xx_hal_msp.c                      0x00000000   Number         0  stm32f1xx_hal_msp.o ABSOLUTE
    stm32f1xx_hal_pwr.c                      0x00000000   Number         0  stm32f1xx_hal_pwr.o ABSOLUTE
    stm32f1xx_hal_rcc.c                      0x00000000   Number         0  stm32f1xx_hal_rcc.o ABSOLUTE
    stm32f1xx_hal_rcc_ex.c                   0x00000000   Number         0  stm32f1xx_hal_rcc_ex.o ABSOLUTE
    stm32f1xx_hal_tim.c                      0x00000000   Number         0  stm32f1xx_hal_tim.o ABSOLUTE
    stm32f1xx_hal_tim_ex.c                   0x00000000   Number         0  stm32f1xx_hal_tim_ex.o ABSOLUTE
    stm32f1xx_it.c                           0x00000000   Number         0  stm32f1xx_it.o ABSOLUTE
    system_stm32f1xx.c                       0x00000000   Number         0  system_stm32f1xx.o ABSOLUTE
    RESET                                    0x08000000   Section      236  startup_stm32f103xb.o(RESET)
    !!!main                                  0x080000ec   Section        8  __main.o(!!!main)
    !!!scatter                               0x080000f4   Section       52  __scatter.o(!!!scatter)
    !!handler_copy                           0x08000128   Section       26  __scatter_copy.o(!!handler_copy)
    !!handler_zi                             0x08000144   Section       28  __scatter_zi.o(!!handler_zi)
    .ARM.Collect$$libinit$$00000000          0x08000160   Section        2  libinit.o(.ARM.Collect$$libinit$$00000000)
    .ARM.Collect$$libinit$$00000002          0x08000162   Section        0  libinit2.o(.ARM.Collect$$libinit$$00000002)
    .ARM.Collect$$libinit$$00000004          0x08000162   Section        0  libinit2.o(.ARM.Collect$$libinit$$00000004)
    .ARM.Collect$$libinit$$00000006          0x08000162   Section        0  libinit2.o(.ARM.Collect$$libinit$$00000006)
    .ARM.Collect$$libinit$$0000000C          0x08000162   Section        0  libinit2.o(.ARM.Collect$$libinit$$0000000C)
    .ARM.Collect$$libinit$$0000000E          0x08000162   Section        0  libinit2.o(.ARM.Collect$$libinit$$0000000E)
    .ARM.Collect$$libinit$$00000010          0x08000162   Section        0  libinit2.o(.ARM.Collect$$libinit$$00000010)
    .ARM.Collect$$libinit$$00000013          0x08000162   Section        0  libinit2.o(.ARM.Collect$$libinit$$00000013)
    .ARM.Collect$$libinit$$00000015          0x08000162   Section        0  libinit2.o(.ARM.Collect$$libinit$$00000015)
    .ARM.Collect$$libinit$$00000017          0x08000162   Section        0  libinit2.o(.ARM.Collect$$libinit$$00000017)
    .ARM.Collect$$libinit$$00000019          0x08000162   Section        0  libinit2.o(.ARM.Collect$$libinit$$00000019)
    .ARM.Collect$$libinit$$0000001B          0x08000162   Section        0  libinit2.o(.ARM.Collect$$libinit$$0000001B)
    .ARM.Collect$$libinit$$0000001D          0x08000162   Section        0  libinit2.o(.ARM.Collect$$libinit$$0000001D)
    .ARM.Collect$$libinit$$0000001F          0x08000162   Section        0  libinit2.o(.ARM.Collect$$libinit$$0000001F)
    .ARM.Collect$$libinit$$00000021          0x08000162   Section        0  libinit2.o(.ARM.Collect$$libinit$$00000021)
    .ARM.Collect$$libinit$$00000023          0x08000162   Section        0  libinit2.o(.ARM.Collect$$libinit$$00000023)
    .ARM.Collect$$libinit$$00000025          0x08000162   Section        0  libinit2.o(.ARM.Collect$$libinit$$00000025)
    .ARM.Collect$$libinit$$00000027          0x08000162   Section        0  libinit2.o(.ARM.Collect$$libinit$$00000027)
    .ARM.Collect$$libinit$$0000002E          0x08000162   Section        0  libinit2.o(.ARM.Collect$$libinit$$0000002E)
    .ARM.Collect$$libinit$$00000030          0x08000162   Section        0  libinit2.o(.ARM.Collect$$libinit$$00000030)
    .ARM.Collect$$libinit$$00000032          0x08000162   Section        0  libinit2.o(.ARM.Collect$$libinit$$00000032)
    .ARM.Collect$$libinit$$00000034          0x08000162   Section        0  libinit2.o(.ARM.Collect$$libinit$$00000034)
    .ARM.Collect$$libinit$$00000035          0x08000162   Section        2  libinit2.o(.ARM.Collect$$libinit$$00000035)
    .ARM.Collect$$libshutdown$$00000000      0x08000164   Section        2  libshutdown.o(.ARM.Collect$$libshutdown$$00000000)
    .ARM.Collect$$libshutdown$$00000002      0x08000166   Section        0  libshutdown2.o(.ARM.Collect$$libshutdown$$00000002)
    .ARM.Collect$$libshutdown$$00000004      0x08000166   Section        0  libshutdown2.o(.ARM.Collect$$libshutdown$$00000004)
    .ARM.Collect$$libshutdown$$00000007      0x08000166   Section        0  libshutdown2.o(.ARM.Collect$$libshutdown$$00000007)
    .ARM.Collect$$libshutdown$$0000000A      0x08000166   Section        0  libshutdown2.o(.ARM.Collect$$libshutdown$$0000000A)
    .ARM.Collect$$libshutdown$$0000000C      0x08000166   Section        0  libshutdown2.o(.ARM.Collect$$libshutdown$$0000000C)
    .ARM.Collect$$libshutdown$$0000000F      0x08000166   Section        0  libshutdown2.o(.ARM.Collect$$libshutdown$$0000000F)
    .ARM.Collect$$libshutdown$$00000010      0x08000166   Section        2  libshutdown2.o(.ARM.Collect$$libshutdown$$00000010)
    .ARM.Collect$$rtentry$$00000000          0x08000168   Section        0  __rtentry.o(.ARM.Collect$$rtentry$$00000000)
    .ARM.Collect$$rtentry$$00000002          0x08000168   Section        0  __rtentry2.o(.ARM.Collect$$rtentry$$00000002)
    .ARM.Collect$$rtentry$$00000004          0x08000168   Section        6  __rtentry4.o(.ARM.Collect$$rtentry$$00000004)
    .ARM.Collect$$rtentry$$00000009          0x0800016e   Section        0  __rtentry2.o(.ARM.Collect$$rtentry$$00000009)
    .ARM.Collect$$rtentry$$0000000A          0x0800016e   Section        4  __rtentry2.o(.ARM.Collect$$rtentry$$0000000A)
    .ARM.Collect$$rtentry$$0000000C          0x08000172   Section        0  __rtentry2.o(.ARM.Collect$$rtentry$$0000000C)
    .ARM.Collect$$rtentry$$0000000D          0x08000172   Section        8  __rtentry2.o(.ARM.Collect$$rtentry$$0000000D)
    .ARM.Collect$$rtexit$$00000000           0x0800017a   Section        2  rtexit.o(.ARM.Collect$$rtexit$$00000000)
    .ARM.Collect$$rtexit$$00000002           0x0800017c   Section        0  rtexit2.o(.ARM.Collect$$rtexit$$00000002)
    .ARM.Collect$$rtexit$$00000003           0x0800017c   Section        4  rtexit2.o(.ARM.Collect$$rtexit$$00000003)
    .ARM.Collect$$rtexit$$00000004           0x08000180   Section        6  rtexit2.o(.ARM.Collect$$rtexit$$00000004)
    .text                                    0x08000188   Section       64  startup_stm32f103xb.o(.text)
    .text                                    0x080001c8   Section       78  rt_memclr_w.o(.text)
    .text                                    0x08000216   Section        0  heapauxi.o(.text)
    .text                                    0x0800021c   Section        8  libspace.o(.text)
    .text                                    0x08000224   Section       74  sys_stackheap_outer.o(.text)
    .text                                    0x0800026e   Section        0  exit.o(.text)
    .text                                    0x08000280   Section        0  sys_exit.o(.text)
    .text                                    0x0800028c   Section        2  use_no_semi.o(.text)
    .text                                    0x0800028e   Section        0  indicate_semi.o(.text)
    [Anonymous Symbol]                       0x08000290   Section        0  stm32f1xx_it.o(.text.BusFault_Handler)
    [Anonymous Symbol]                       0x08000294   Section        0  stm32f1xx_it.o(.text.DebugMon_Handler)
    [Anonymous Symbol]                       0x08000298   Section        0  main.o(.text.Error_Handler)
    [Anonymous Symbol]                       0x080002a8   Section        0  stm32f1xx_hal.o(.text.HAL_Delay)
    [Anonymous Symbol]                       0x080002ec   Section        0  stm32f1xx_hal_gpio.o(.text.HAL_GPIO_Init)
    [Anonymous Symbol]                       0x0800060c   Section        0  stm32f1xx_hal_gpio.o(.text.HAL_GPIO_LockPin)
    [Anonymous Symbol]                       0x08000664   Section        0  stm32f1xx_hal_gpio.o(.text.HAL_GPIO_ReadPin)
    [Anonymous Symbol]                       0x08000694   Section        0  stm32f1xx_hal_gpio.o(.text.HAL_GPIO_WritePin)
    [Anonymous Symbol]                       0x080006c4   Section        0  stm32f1xx_hal.o(.text.HAL_GetTick)
    [Anonymous Symbol]                       0x080006d0   Section        0  stm32f1xx_hal_i2c.o(.text.HAL_I2C_Init)
    [Anonymous Symbol]                       0x08000974   Section        0  stm32f1xx_hal_i2c.o(.text.HAL_I2C_Master_Receive)
    [Anonymous Symbol]                       0x08000e30   Section        0  stm32f1xx_hal_i2c.o(.text.HAL_I2C_Master_Transmit)
    [Anonymous Symbol]                       0x08001038   Section        0  i2c.o(.text.HAL_I2C_MspInit)
    [Anonymous Symbol]                       0x080010b8   Section        0  stm32f1xx_hal.o(.text.HAL_IncTick)
    [Anonymous Symbol]                       0x080010d4   Section        0  stm32f1xx_hal.o(.text.HAL_Init)
    [Anonymous Symbol]                       0x080010fc   Section        0  stm32f1xx_hal.o(.text.HAL_InitTick)
    [Anonymous Symbol]                       0x0800116c   Section        0  stm32f1xx_hal_msp.o(.text.HAL_MspInit)
    [Anonymous Symbol]                       0x080011d0   Section        0  stm32f1xx_hal_cortex.o(.text.HAL_NVIC_SetPriority)
    [Anonymous Symbol]                       0x08001204   Section        0  stm32f1xx_hal_cortex.o(.text.HAL_NVIC_SetPriorityGrouping)
    [Anonymous Symbol]                       0x08001214   Section        0  stm32f1xx_hal_rcc.o(.text.HAL_RCC_ClockConfig)
    [Anonymous Symbol]                       0x0800146c   Section        0  stm32f1xx_hal_rcc.o(.text.HAL_RCC_GetHCLKFreq)
    [Anonymous Symbol]                       0x08001478   Section        0  stm32f1xx_hal_rcc.o(.text.HAL_RCC_GetPCLK1Freq)
    [Anonymous Symbol]                       0x0800149c   Section        0  stm32f1xx_hal_rcc.o(.text.HAL_RCC_GetSysClockFreq)
    [Anonymous Symbol]                       0x08001558   Section        0  stm32f1xx_hal_rcc.o(.text.HAL_RCC_OscConfig)
    [Anonymous Symbol]                       0x08001bd4   Section        0  stm32f1xx_hal_cortex.o(.text.HAL_SYSTICK_Config)
    [Anonymous Symbol]                       0x08001be4   Section        0  stm32f1xx_it.o(.text.HardFault_Handler)
    I2C_IsAcknowledgeFailed                  0x08001be9   Thumb Code   100  stm32f1xx_hal_i2c.o(.text.I2C_IsAcknowledgeFailed)
    [Anonymous Symbol]                       0x08001be8   Section        0  stm32f1xx_hal_i2c.o(.text.I2C_IsAcknowledgeFailed)
    I2C_MasterRequestRead                    0x08001c4d   Thumb Code   426  stm32f1xx_hal_i2c.o(.text.I2C_MasterRequestRead)
    [Anonymous Symbol]                       0x08001c4c   Section        0  stm32f1xx_hal_i2c.o(.text.I2C_MasterRequestRead)
    I2C_MasterRequestWrite                   0x08001df9   Thumb Code   274  stm32f1xx_hal_i2c.o(.text.I2C_MasterRequestWrite)
    [Anonymous Symbol]                       0x08001df8   Section        0  stm32f1xx_hal_i2c.o(.text.I2C_MasterRequestWrite)
    I2C_WaitOnBTFFlagUntilTimeout            0x08001f0d   Thumb Code   172  stm32f1xx_hal_i2c.o(.text.I2C_WaitOnBTFFlagUntilTimeout)
    [Anonymous Symbol]                       0x08001f0c   Section        0  stm32f1xx_hal_i2c.o(.text.I2C_WaitOnBTFFlagUntilTimeout)
    I2C_WaitOnFlagUntilTimeout               0x08001fb9   Thumb Code   264  stm32f1xx_hal_i2c.o(.text.I2C_WaitOnFlagUntilTimeout)
    [Anonymous Symbol]                       0x08001fb8   Section        0  stm32f1xx_hal_i2c.o(.text.I2C_WaitOnFlagUntilTimeout)
    I2C_WaitOnMasterAddressFlagUntilTimeout  0x080020c1   Thumb Code   340  stm32f1xx_hal_i2c.o(.text.I2C_WaitOnMasterAddressFlagUntilTimeout)
    [Anonymous Symbol]                       0x080020c0   Section        0  stm32f1xx_hal_i2c.o(.text.I2C_WaitOnMasterAddressFlagUntilTimeout)
    I2C_WaitOnRXNEFlagUntilTimeout           0x08002215   Thumb Code   220  stm32f1xx_hal_i2c.o(.text.I2C_WaitOnRXNEFlagUntilTimeout)
    [Anonymous Symbol]                       0x08002214   Section        0  stm32f1xx_hal_i2c.o(.text.I2C_WaitOnRXNEFlagUntilTimeout)
    I2C_WaitOnTXEFlagUntilTimeout            0x080022f1   Thumb Code   168  stm32f1xx_hal_i2c.o(.text.I2C_WaitOnTXEFlagUntilTimeout)
    [Anonymous Symbol]                       0x080022f0   Section        0  stm32f1xx_hal_i2c.o(.text.I2C_WaitOnTXEFlagUntilTimeout)
    [Anonymous Symbol]                       0x08002398   Section        0  gpio.o(.text.MX_GPIO_Init)
    [Anonymous Symbol]                       0x0800246c   Section        0  i2c.o(.text.MX_I2C1_Init)
    [Anonymous Symbol]                       0x080024b4   Section        0  stm32f1xx_it.o(.text.MemManage_Handler)
    [Anonymous Symbol]                       0x080024b8   Section        0  stm32f1xx_it.o(.text.NMI_Handler)
    NVIC_EncodePriority                      0x080024bd   Thumb Code   108  stm32f1xx_hal_cortex.o(.text.NVIC_EncodePriority)
    [Anonymous Symbol]                       0x080024bc   Section        0  stm32f1xx_hal_cortex.o(.text.NVIC_EncodePriority)
    [Anonymous Symbol]                       0x08002528   Section        0  oled.o(.text.OLED_Clear)
    [Anonymous Symbol]                       0x08002588   Section        0  oled.o(.text.OLED_ClearArea)
    [Anonymous Symbol]                       0x08002674   Section        0  oled.o(.text.OLED_DrawCircle)
    [Anonymous Symbol]                       0x0800296c   Section        0  oled.o(.text.OLED_DrawPoint)
    [Anonymous Symbol]                       0x080029c0   Section        0  oled.o(.text.OLED_GPIO_Init)
    [Anonymous Symbol]                       0x08002a64   Section        0  oled.o(.text.OLED_I2C_SendByte)
    [Anonymous Symbol]                       0x08002abc   Section        0  oled.o(.text.OLED_I2C_Start)
    [Anonymous Symbol]                       0x08002ae0   Section        0  oled.o(.text.OLED_I2C_Stop)
    [Anonymous Symbol]                       0x08002afc   Section        0  oled.o(.text.OLED_Init)
    [Anonymous Symbol]                       0x08002b98   Section        0  oled.o(.text.OLED_Pow)
    [Anonymous Symbol]                       0x08002bc0   Section        0  oled.o(.text.OLED_SetCursor)
    [Anonymous Symbol]                       0x08002bf4   Section        0  oled.o(.text.OLED_ShowChar)
    [Anonymous Symbol]                       0x08002c78   Section        0  oled.o(.text.OLED_ShowFloatNum)
    [Anonymous Symbol]                       0x08002dac   Section        0  oled.o(.text.OLED_ShowImage)
    [Anonymous Symbol]                       0x08002f08   Section        0  oled.o(.text.OLED_ShowNum)
    [Anonymous Symbol]                       0x08002fa4   Section        0  oled.o(.text.OLED_ShowString)
    [Anonymous Symbol]                       0x08002ffc   Section        0  oled.o(.text.OLED_Update)
    [Anonymous Symbol]                       0x08003044   Section        0  oled.o(.text.OLED_W_SCL)
    [Anonymous Symbol]                       0x0800306c   Section        0  oled.o(.text.OLED_W_SDA)
    [Anonymous Symbol]                       0x08003094   Section        0  oled.o(.text.OLED_WriteCommand)
    [Anonymous Symbol]                       0x080030bc   Section        0  oled.o(.text.OLED_WriteData)
    [Anonymous Symbol]                       0x08003110   Section        0  stm32f1xx_it.o(.text.PendSV_Handler)
    RCC_Delay                                0x08003115   Thumb Code    58  stm32f1xx_hal_rcc.o(.text.RCC_Delay)
    [Anonymous Symbol]                       0x08003114   Section        0  stm32f1xx_hal_rcc.o(.text.RCC_Delay)
    [Anonymous Symbol]                       0x08003150   Section        0  stm32f1xx_it.o(.text.SVC_Handler)
    SysTick_Config                           0x08003155   Thumb Code    82  stm32f1xx_hal_cortex.o(.text.SysTick_Config)
    [Anonymous Symbol]                       0x08003154   Section        0  stm32f1xx_hal_cortex.o(.text.SysTick_Config)
    [Anonymous Symbol]                       0x080031a8   Section        0  stm32f1xx_it.o(.text.SysTick_Handler)
    [Anonymous Symbol]                       0x080031b0   Section        0  main.o(.text.SystemClock_Config)
    [Anonymous Symbol]                       0x0800321c   Section        0  system_stm32f1xx.o(.text.SystemInit)
    [Anonymous Symbol]                       0x08003220   Section        0  stm32f1xx_it.o(.text.UsageFault_Handler)
    __NVIC_GetPriorityGrouping               0x08003225   Thumb Code    16  stm32f1xx_hal_cortex.o(.text.__NVIC_GetPriorityGrouping)
    [Anonymous Symbol]                       0x08003224   Section        0  stm32f1xx_hal_cortex.o(.text.__NVIC_GetPriorityGrouping)
    __NVIC_SetPriority                       0x08003235   Thumb Code    66  stm32f1xx_hal_cortex.o(.text.__NVIC_SetPriority)
    [Anonymous Symbol]                       0x08003234   Section        0  stm32f1xx_hal_cortex.o(.text.__NVIC_SetPriority)
    __NVIC_SetPriorityGrouping               0x08003279   Thumb Code    60  stm32f1xx_hal_cortex.o(.text.__NVIC_SetPriorityGrouping)
    [Anonymous Symbol]                       0x08003278   Section        0  stm32f1xx_hal_cortex.o(.text.__NVIC_SetPriorityGrouping)
    _perform_measurements                    0x080032b5   Thumb Code   104  shtc3.o(.text._perform_measurements)
    [Anonymous Symbol]                       0x080032b4   Section        0  shtc3.o(.text._perform_measurements)
    _read_values                             0x0800331d   Thumb Code   160  shtc3.o(.text._read_values)
    [Anonymous Symbol]                       0x0800331c   Section        0  shtc3.o(.text._read_values)
    checkCRC                                 0x080033bd   Thumb Code   196  shtc3.o(.text.checkCRC)
    [Anonymous Symbol]                       0x080033bc   Section        0  shtc3.o(.text.checkCRC)
    [Anonymous Symbol]                       0x08003480   Section        0  main.o(.text.main)
    [Anonymous Symbol]                       0x08003608   Section        0  shtc3.o(.text.shtc3_perform_measurements)
    [Anonymous Symbol]                       0x08003624   Section        0  shtc3.o(.text.shtc3_read_id)
    i.round                                  0x080036c4   Section        0  round.o(i.round)
    x$fpl$dadd                               0x08003758   Section      336  daddsub_clz.o(x$fpl$dadd)
    _dadd1                                   0x08003769   Thumb Code     0  daddsub_clz.o(x$fpl$dadd)
    x$fpl$dcmpinf                            0x080038a8   Section       24  dcmpi.o(x$fpl$dcmpinf)
    x$fpl$ddiv                               0x080038c0   Section      692  ddiv.o(x$fpl$ddiv)
    ddiv_entry                               0x080038c7   Thumb Code     0  ddiv.o(x$fpl$ddiv)
    x$fpl$deqf                               0x08003b74   Section      120  deqf.o(x$fpl$deqf)
    x$fpl$dfixu                              0x08003bec   Section       90  dfixu.o(x$fpl$dfixu)
    x$fpl$dflt                               0x08003c46   Section       46  dflt_clz.o(x$fpl$dflt)
    x$fpl$dfltu                              0x08003c74   Section       38  dflt_clz.o(x$fpl$dfltu)
    x$fpl$dgeqf                              0x08003c9c   Section      120  dgeqf.o(x$fpl$dgeqf)
    x$fpl$dleqf                              0x08003d14   Section      120  dleqf.o(x$fpl$dleqf)
    x$fpl$dmul                               0x08003d8c   Section      340  dmul.o(x$fpl$dmul)
    x$fpl$dnaninf                            0x08003ee0   Section      156  dnaninf.o(x$fpl$dnaninf)
    x$fpl$dretinf                            0x08003f7c   Section       12  dretinf.o(x$fpl$dretinf)
    x$fpl$drleqf                             0x08003f88   Section      108  drleqf.o(x$fpl$drleqf)
    x$fpl$drnd                               0x08003ff4   Section      180  drnd.o(x$fpl$drnd)
    x$fpl$drsb                               0x080040a8   Section       22  daddsub_clz.o(x$fpl$drsb)
    x$fpl$dsub                               0x080040c0   Section      476  daddsub_clz.o(x$fpl$dsub)
    _dsub1                                   0x080040d1   Thumb Code     0  daddsub_clz.o(x$fpl$dsub)
    x$fpl$fcmp                               0x0800429c   Section       84  dcmp.o(x$fpl$fcmp)
    x$fpl$usenofp                            0x080042f0   Section        0  usenofp.o(x$fpl$usenofp)
    HAL_RCC_GetSysClockFreq.aPLLMULFactorTable 0x08004308   Data          16  stm32f1xx_hal_rcc.o(.rodata.HAL_RCC_GetSysClockFreq.aPLLMULFactorTable)
    [Anonymous Symbol]                       0x08004308   Section        0  stm32f1xx_hal_rcc.o(.rodata.HAL_RCC_GetSysClockFreq.aPLLMULFactorTable)
    HAL_RCC_GetSysClockFreq.aPredivFactorTable 0x08004318   Data           2  stm32f1xx_hal_rcc.o(.rodata.HAL_RCC_GetSysClockFreq.aPredivFactorTable)
    [Anonymous Symbol]                       0x08004318   Section        0  stm32f1xx_hal_rcc.o(.rodata.HAL_RCC_GetSysClockFreq.aPredivFactorTable)
    .L.str.4                                 0x08004b44   Data           8  main.o(.rodata.str1.1)
    [Anonymous Symbol]                       0x08004b44   Section        0  main.o(.rodata.str1.1)
    .L.str.2                                 0x08004b4c   Data           7  main.o(.rodata.str1.1)
    .L.str.5                                 0x08004b53   Data           2  main.o(.rodata.str1.1)
    .L.str.3                                 0x08004b55   Data           2  main.o(.rodata.str1.1)
    .L.str.1                                 0x08004b57   Data          17  main.o(.rodata.str1.1)
    .L.str                                   0x08004b68   Data          12  main.o(.rodata.str1.1)
    .bss                                     0x20000010   Section       96  libspace.o(.bss)
    Heap_Mem                                 0x200004c8   Data         512  startup_stm32f103xb.o(HEAP)
    HEAP                                     0x200004c8   Section      512  startup_stm32f103xb.o(HEAP)
    Stack_Mem                                0x200006c8   Data        1024  startup_stm32f103xb.o(STACK)
    STACK                                    0x200006c8   Section     1024  startup_stm32f103xb.o(STACK)
    __initial_sp                             0x20000ac8   Data           0  startup_stm32f103xb.o(STACK)

    Global Symbols

    Symbol Name                              Value     Ov Type        Size  Object(Section)

    BuildAttributes$$THM_ISAv4$P$D$K$B$S$PE$A:L22UL41UL21$X:L11$S22US41US21$IEEE1$IW$~IW$USESV6$~STKCKD$USESV7$~SHL$OTIME$ROPI$IEEEX$EBA8$UX$STANDARDLIB$REQ8$PRES8$EABIv2 0x00000000   Number         0  anon$$obj.o ABSOLUTE
    __fp_init_empty                          0x00000000   Number         0  fpinit_empty.o ABSOLUTE
    _printf_flags                            0x00000000   Number         0  printf_stubs.o ABSOLUTE
    _printf_return_value                     0x00000000   Number         0  printf_stubs.o ABSOLUTE
    _printf_sizespec                         0x00000000   Number         0  printf_stubs.o ABSOLUTE
    _printf_widthprec                        0x00000000   Number         0  printf_stubs.o ABSOLUTE
    __ARM_exceptions_init                     - Undefined Weak Reference
    __alloca_initialize                       - Undefined Weak Reference
    __arm_preinit_                            - Undefined Weak Reference
    __arm_relocate_pie_                       - Undefined Weak Reference
    __cpp_initialize__aeabi_                  - Undefined Weak Reference
    __cxa_finalize                            - Undefined Weak Reference
    __sigvec_lookup                           - Undefined Weak Reference
    _atexit_init                              - Undefined Weak Reference
    _call_atexit_fns                          - Undefined Weak Reference
    _clock_init                               - Undefined Weak Reference
    _fp_trap_init                             - Undefined Weak Reference
    _fp_trap_shutdown                         - Undefined Weak Reference
    _get_lc_collate                           - Undefined Weak Reference
    _get_lc_monetary                          - Undefined Weak Reference
    _get_lc_time                              - Undefined Weak Reference
    _getenv_init                              - Undefined Weak Reference
    _handle_redirection                       - Undefined Weak Reference
    _init_alloc                               - Undefined Weak Reference
    _init_user_alloc                          - Undefined Weak Reference
    _initio                                   - Undefined Weak Reference
    _printf_mbtowc                            - Undefined Weak Reference
    _printf_wc                                - Undefined Weak Reference
    _rand_init                                - Undefined Weak Reference
    _signal_finish                            - Undefined Weak Reference
    _signal_init                              - Undefined Weak Reference
    _terminate_alloc                          - Undefined Weak Reference
    _terminate_user_alloc                     - Undefined Weak Reference
    _terminateio                              - Undefined Weak Reference
    __Vectors_Size                           0x000000ec   Number         0  startup_stm32f103xb.o ABSOLUTE
    __Vectors                                0x08000000   Data           4  startup_stm32f103xb.o(RESET)
    __Vectors_End                            0x080000ec   Data           0  startup_stm32f103xb.o(RESET)
    __main                                   0x080000ed   Thumb Code     8  __main.o(!!!main)
    __scatterload                            0x080000f5   Thumb Code     0  __scatter.o(!!!scatter)
    __scatterload_rt2                        0x080000f5   Thumb Code    44  __scatter.o(!!!scatter)
    __scatterload_rt2_thumb_only             0x080000f5   Thumb Code     0  __scatter.o(!!!scatter)
    __scatterload_null                       0x08000103   Thumb Code     0  __scatter.o(!!!scatter)
    __scatterload_copy                       0x08000129   Thumb Code    26  __scatter_copy.o(!!handler_copy)
    __scatterload_zeroinit                   0x08000145   Thumb Code    28  __scatter_zi.o(!!handler_zi)
    __rt_lib_init                            0x08000161   Thumb Code     0  libinit.o(.ARM.Collect$$libinit$$00000000)
    __rt_lib_init_alloca_1                   0x08000163   Thumb Code     0  libinit2.o(.ARM.Collect$$libinit$$00000030)
    __rt_lib_init_argv_1                     0x08000163   Thumb Code     0  libinit2.o(.ARM.Collect$$libinit$$0000002E)
    __rt_lib_init_atexit_1                   0x08000163   Thumb Code     0  libinit2.o(.ARM.Collect$$libinit$$0000001D)
    __rt_lib_init_clock_1                    0x08000163   Thumb Code     0  libinit2.o(.ARM.Collect$$libinit$$00000023)
    __rt_lib_init_cpp_1                      0x08000163   Thumb Code     0  libinit2.o(.ARM.Collect$$libinit$$00000034)
    __rt_lib_init_exceptions_1               0x08000163   Thumb Code     0  libinit2.o(.ARM.Collect$$libinit$$00000032)
    __rt_lib_init_fp_1                       0x08000163   Thumb Code     0  libinit2.o(.ARM.Collect$$libinit$$00000002)
    __rt_lib_init_fp_trap_1                  0x08000163   Thumb Code     0  libinit2.o(.ARM.Collect$$libinit$$00000021)
    __rt_lib_init_getenv_1                   0x08000163   Thumb Code     0  libinit2.o(.ARM.Collect$$libinit$$00000025)
    __rt_lib_init_heap_1                     0x08000163   Thumb Code     0  libinit2.o(.ARM.Collect$$libinit$$0000000C)
    __rt_lib_init_lc_collate_1               0x08000163   Thumb Code     0  libinit2.o(.ARM.Collect$$libinit$$00000013)
    __rt_lib_init_lc_ctype_1                 0x08000163   Thumb Code     0  libinit2.o(.ARM.Collect$$libinit$$00000015)
    __rt_lib_init_lc_monetary_1              0x08000163   Thumb Code     0  libinit2.o(.ARM.Collect$$libinit$$00000017)
    __rt_lib_init_lc_numeric_1               0x08000163   Thumb Code     0  libinit2.o(.ARM.Collect$$libinit$$00000019)
    __rt_lib_init_lc_time_1                  0x08000163   Thumb Code     0  libinit2.o(.ARM.Collect$$libinit$$0000001B)
    __rt_lib_init_preinit_1                  0x08000163   Thumb Code     0  libinit2.o(.ARM.Collect$$libinit$$00000006)
    __rt_lib_init_rand_1                     0x08000163   Thumb Code     0  libinit2.o(.ARM.Collect$$libinit$$00000010)
    __rt_lib_init_relocate_pie_1             0x08000163   Thumb Code     0  libinit2.o(.ARM.Collect$$libinit$$00000004)
    __rt_lib_init_return                     0x08000163   Thumb Code     0  libinit2.o(.ARM.Collect$$libinit$$00000035)
    __rt_lib_init_signal_1                   0x08000163   Thumb Code     0  libinit2.o(.ARM.Collect$$libinit$$0000001F)
    __rt_lib_init_stdio_1                    0x08000163   Thumb Code     0  libinit2.o(.ARM.Collect$$libinit$$00000027)
    __rt_lib_init_user_alloc_1               0x08000163   Thumb Code     0  libinit2.o(.ARM.Collect$$libinit$$0000000E)
    __rt_lib_shutdown                        0x08000165   Thumb Code     0  libshutdown.o(.ARM.Collect$$libshutdown$$00000000)
    __rt_lib_shutdown_cpp_1                  0x08000167   Thumb Code     0  libshutdown2.o(.ARM.Collect$$libshutdown$$00000002)
    __rt_lib_shutdown_fp_trap_1              0x08000167   Thumb Code     0  libshutdown2.o(.ARM.Collect$$libshutdown$$00000007)
    __rt_lib_shutdown_heap_1                 0x08000167   Thumb Code     0  libshutdown2.o(.ARM.Collect$$libshutdown$$0000000F)
    __rt_lib_shutdown_return                 0x08000167   Thumb Code     0  libshutdown2.o(.ARM.Collect$$libshutdown$$00000010)
    __rt_lib_shutdown_signal_1               0x08000167   Thumb Code     0  libshutdown2.o(.ARM.Collect$$libshutdown$$0000000A)
    __rt_lib_shutdown_stdio_1                0x08000167   Thumb Code     0  libshutdown2.o(.ARM.Collect$$libshutdown$$00000004)
    __rt_lib_shutdown_user_alloc_1           0x08000167   Thumb Code     0  libshutdown2.o(.ARM.Collect$$libshutdown$$0000000C)
    __rt_entry                               0x08000169   Thumb Code     0  __rtentry.o(.ARM.Collect$$rtentry$$00000000)
    __rt_entry_presh_1                       0x08000169   Thumb Code     0  __rtentry2.o(.ARM.Collect$$rtentry$$00000002)
    __rt_entry_sh                            0x08000169   Thumb Code     0  __rtentry4.o(.ARM.Collect$$rtentry$$00000004)
    __rt_entry_li                            0x0800016f   Thumb Code     0  __rtentry2.o(.ARM.Collect$$rtentry$$0000000A)
    __rt_entry_postsh_1                      0x0800016f   Thumb Code     0  __rtentry2.o(.ARM.Collect$$rtentry$$00000009)
    __rt_entry_main                          0x08000173   Thumb Code     0  __rtentry2.o(.ARM.Collect$$rtentry$$0000000D)
    __rt_entry_postli_1                      0x08000173   Thumb Code     0  __rtentry2.o(.ARM.Collect$$rtentry$$0000000C)
    __rt_exit                                0x0800017b   Thumb Code     0  rtexit.o(.ARM.Collect$$rtexit$$00000000)
    __rt_exit_ls                             0x0800017d   Thumb Code     0  rtexit2.o(.ARM.Collect$$rtexit$$00000003)
    __rt_exit_prels_1                        0x0800017d   Thumb Code     0  rtexit2.o(.ARM.Collect$$rtexit$$00000002)
    __rt_exit_exit                           0x08000181   Thumb Code     0  rtexit2.o(.ARM.Collect$$rtexit$$00000004)
    Reset_Handler                            0x08000189   Thumb Code     8  startup_stm32f103xb.o(.text)
    ADC1_2_IRQHandler                        0x080001a3   Thumb Code     0  startup_stm32f103xb.o(.text)
    CAN1_RX1_IRQHandler                      0x080001a3   Thumb Code     0  startup_stm32f103xb.o(.text)
    CAN1_SCE_IRQHandler                      0x080001a3   Thumb Code     0  startup_stm32f103xb.o(.text)
    DMA1_Channel1_IRQHandler                 0x080001a3   Thumb Code     0  startup_stm32f103xb.o(.text)
    DMA1_Channel2_IRQHandler                 0x080001a3   Thumb Code     0  startup_stm32f103xb.o(.text)
    DMA1_Channel3_IRQHandler                 0x080001a3   Thumb Code     0  startup_stm32f103xb.o(.text)
    DMA1_Channel4_IRQHandler                 0x080001a3   Thumb Code     0  startup_stm32f103xb.o(.text)
    DMA1_Channel5_IRQHandler                 0x080001a3   Thumb Code     0  startup_stm32f103xb.o(.text)
    DMA1_Channel6_IRQHandler                 0x080001a3   Thumb Code     0  startup_stm32f103xb.o(.text)
    DMA1_Channel7_IRQHandler                 0x080001a3   Thumb Code     0  startup_stm32f103xb.o(.text)
    EXTI0_IRQHandler                         0x080001a3   Thumb Code     0  startup_stm32f103xb.o(.text)
    EXTI15_10_IRQHandler                     0x080001a3   Thumb Code     0  startup_stm32f103xb.o(.text)
    EXTI1_IRQHandler                         0x080001a3   Thumb Code     0  startup_stm32f103xb.o(.text)
    EXTI2_IRQHandler                         0x080001a3   Thumb Code     0  startup_stm32f103xb.o(.text)
    EXTI3_IRQHandler                         0x080001a3   Thumb Code     0  startup_stm32f103xb.o(.text)
    EXTI4_IRQHandler                         0x080001a3   Thumb Code     0  startup_stm32f103xb.o(.text)
    EXTI9_5_IRQHandler                       0x080001a3   Thumb Code     0  startup_stm32f103xb.o(.text)
    FLASH_IRQHandler                         0x080001a3   Thumb Code     0  startup_stm32f103xb.o(.text)
    I2C1_ER_IRQHandler                       0x080001a3   Thumb Code     0  startup_stm32f103xb.o(.text)
    I2C1_EV_IRQHandler                       0x080001a3   Thumb Code     0  startup_stm32f103xb.o(.text)
    I2C2_ER_IRQHandler                       0x080001a3   Thumb Code     0  startup_stm32f103xb.o(.text)
    I2C2_EV_IRQHandler                       0x080001a3   Thumb Code     0  startup_stm32f103xb.o(.text)
    PVD_IRQHandler                           0x080001a3   Thumb Code     0  startup_stm32f103xb.o(.text)
    RCC_IRQHandler                           0x080001a3   Thumb Code     0  startup_stm32f103xb.o(.text)
    RTC_Alarm_IRQHandler                     0x080001a3   Thumb Code     0  startup_stm32f103xb.o(.text)
    RTC_IRQHandler                           0x080001a3   Thumb Code     0  startup_stm32f103xb.o(.text)
    SPI1_IRQHandler                          0x080001a3   Thumb Code     0  startup_stm32f103xb.o(.text)
    SPI2_IRQHandler                          0x080001a3   Thumb Code     0  startup_stm32f103xb.o(.text)
    TAMPER_IRQHandler                        0x080001a3   Thumb Code     0  startup_stm32f103xb.o(.text)
    TIM1_BRK_IRQHandler                      0x080001a3   Thumb Code     0  startup_stm32f103xb.o(.text)
    TIM1_CC_IRQHandler                       0x080001a3   Thumb Code     0  startup_stm32f103xb.o(.text)
    TIM1_TRG_COM_IRQHandler                  0x080001a3   Thumb Code     0  startup_stm32f103xb.o(.text)
    TIM1_UP_IRQHandler                       0x080001a3   Thumb Code     0  startup_stm32f103xb.o(.text)
    TIM2_IRQHandler                          0x080001a3   Thumb Code     0  startup_stm32f103xb.o(.text)
    TIM3_IRQHandler                          0x080001a3   Thumb Code     0  startup_stm32f103xb.o(.text)
    TIM4_IRQHandler                          0x080001a3   Thumb Code     0  startup_stm32f103xb.o(.text)
    USART1_IRQHandler                        0x080001a3   Thumb Code     0  startup_stm32f103xb.o(.text)
    USART2_IRQHandler                        0x080001a3   Thumb Code     0  startup_stm32f103xb.o(.text)
    USART3_IRQHandler                        0x080001a3   Thumb Code     0  startup_stm32f103xb.o(.text)
    USBWakeUp_IRQHandler                     0x080001a3   Thumb Code     0  startup_stm32f103xb.o(.text)
    USB_HP_CAN1_TX_IRQHandler                0x080001a3   Thumb Code     0  startup_stm32f103xb.o(.text)
    USB_LP_CAN1_RX0_IRQHandler               0x080001a3   Thumb Code     0  startup_stm32f103xb.o(.text)
    WWDG_IRQHandler                          0x080001a3   Thumb Code     0  startup_stm32f103xb.o(.text)
    __user_initial_stackheap                 0x080001a5   Thumb Code     0  startup_stm32f103xb.o(.text)
    __aeabi_memclr4                          0x080001c9   Thumb Code     0  rt_memclr_w.o(.text)
    __aeabi_memclr8                          0x080001c9   Thumb Code     0  rt_memclr_w.o(.text)
    __rt_memclr_w                            0x080001c9   Thumb Code     0  rt_memclr_w.o(.text)
    _memset_w                                0x080001cd   Thumb Code    74  rt_memclr_w.o(.text)
    __use_two_region_memory                  0x08000217   Thumb Code     2  heapauxi.o(.text)
    __rt_heap_escrow$2region                 0x08000219   Thumb Code     2  heapauxi.o(.text)
    __rt_heap_expand$2region                 0x0800021b   Thumb Code     2  heapauxi.o(.text)
    __user_libspace                          0x0800021d   Thumb Code     8  libspace.o(.text)
    __user_perproc_libspace                  0x0800021d   Thumb Code     0  libspace.o(.text)
    __user_perthread_libspace                0x0800021d   Thumb Code     0  libspace.o(.text)
    __user_setup_stackheap                   0x08000225   Thumb Code    74  sys_stackheap_outer.o(.text)
    exit                                     0x0800026f   Thumb Code    18  exit.o(.text)
    _sys_exit                                0x08000281   Thumb Code     8  sys_exit.o(.text)
    __I$use$semihosting                      0x0800028d   Thumb Code     0  use_no_semi.o(.text)
    __use_no_semihosting_swi                 0x0800028d   Thumb Code     2  use_no_semi.o(.text)
    __semihosting_library_function           0x0800028f   Thumb Code     0  indicate_semi.o(.text)
    BusFault_Handler                         0x08000291   Thumb Code     4  stm32f1xx_it.o(.text.BusFault_Handler)
    DebugMon_Handler                         0x08000295   Thumb Code     2  stm32f1xx_it.o(.text.DebugMon_Handler)
    Error_Handler                            0x08000299   Thumb Code    14  main.o(.text.Error_Handler)
    HAL_Delay                                0x080002a9   Thumb Code    66  stm32f1xx_hal.o(.text.HAL_Delay)
    HAL_GPIO_Init                            0x080002ed   Thumb Code   798  stm32f1xx_hal_gpio.o(.text.HAL_GPIO_Init)
    HAL_GPIO_LockPin                         0x0800060d   Thumb Code    86  stm32f1xx_hal_gpio.o(.text.HAL_GPIO_LockPin)
    HAL_GPIO_ReadPin                         0x08000665   Thumb Code    46  stm32f1xx_hal_gpio.o(.text.HAL_GPIO_ReadPin)
    HAL_GPIO_WritePin                        0x08000695   Thumb Code    46  stm32f1xx_hal_gpio.o(.text.HAL_GPIO_WritePin)
    HAL_GetTick                              0x080006c5   Thumb Code    12  stm32f1xx_hal.o(.text.HAL_GetTick)
    HAL_I2C_Init                             0x080006d1   Thumb Code   676  stm32f1xx_hal_i2c.o(.text.HAL_I2C_Init)
    HAL_I2C_Master_Receive                   0x08000975   Thumb Code  1212  stm32f1xx_hal_i2c.o(.text.HAL_I2C_Master_Receive)
    HAL_I2C_Master_Transmit                  0x08000e31   Thumb Code   520  stm32f1xx_hal_i2c.o(.text.HAL_I2C_Master_Transmit)
    HAL_I2C_MspInit                          0x08001039   Thumb Code   126  i2c.o(.text.HAL_I2C_MspInit)
    HAL_IncTick                              0x080010b9   Thumb Code    26  stm32f1xx_hal.o(.text.HAL_IncTick)
    HAL_Init                                 0x080010d5   Thumb Code    38  stm32f1xx_hal.o(.text.HAL_Init)
    HAL_InitTick                             0x080010fd   Thumb Code   112  stm32f1xx_hal.o(.text.HAL_InitTick)
    HAL_MspInit                              0x0800116d   Thumb Code   100  stm32f1xx_hal_msp.o(.text.HAL_MspInit)
    HAL_NVIC_SetPriority                     0x080011d1   Thumb Code    50  stm32f1xx_hal_cortex.o(.text.HAL_NVIC_SetPriority)
    HAL_NVIC_SetPriorityGrouping             0x08001205   Thumb Code    16  stm32f1xx_hal_cortex.o(.text.HAL_NVIC_SetPriorityGrouping)
    HAL_RCC_ClockConfig                      0x08001215   Thumb Code   598  stm32f1xx_hal_rcc.o(.text.HAL_RCC_ClockConfig)
    HAL_RCC_GetHCLKFreq                      0x0800146d   Thumb Code    12  stm32f1xx_hal_rcc.o(.text.HAL_RCC_GetHCLKFreq)
    HAL_RCC_GetPCLK1Freq                     0x08001479   Thumb Code    34  stm32f1xx_hal_rcc.o(.text.HAL_RCC_GetPCLK1Freq)
    HAL_RCC_GetSysClockFreq                  0x0800149d   Thumb Code   188  stm32f1xx_hal_rcc.o(.text.HAL_RCC_GetSysClockFreq)
    HAL_RCC_OscConfig                        0x08001559   Thumb Code  1658  stm32f1xx_hal_rcc.o(.text.HAL_RCC_OscConfig)
    HAL_SYSTICK_Config                       0x08001bd5   Thumb Code    16  stm32f1xx_hal_cortex.o(.text.HAL_SYSTICK_Config)
    HardFault_Handler                        0x08001be5   Thumb Code     4  stm32f1xx_it.o(.text.HardFault_Handler)
    MX_GPIO_Init                             0x08002399   Thumb Code   212  gpio.o(.text.MX_GPIO_Init)
    MX_I2C1_Init                             0x0800246d   Thumb Code    72  i2c.o(.text.MX_I2C1_Init)
    MemManage_Handler                        0x080024b5   Thumb Code     4  stm32f1xx_it.o(.text.MemManage_Handler)
    NMI_Handler                              0x080024b9   Thumb Code     4  stm32f1xx_it.o(.text.NMI_Handler)
    OLED_Clear                               0x08002529   Thumb Code    94  oled.o(.text.OLED_Clear)
    OLED_ClearArea                           0x08002589   Thumb Code   236  oled.o(.text.OLED_ClearArea)
    OLED_DrawCircle                          0x08002675   Thumb Code   758  oled.o(.text.OLED_DrawCircle)
    OLED_DrawPoint                           0x0800296d   Thumb Code    82  oled.o(.text.OLED_DrawPoint)
    OLED_GPIO_Init                           0x080029c1   Thumb Code   162  oled.o(.text.OLED_GPIO_Init)
    OLED_I2C_SendByte                        0x08002a65   Thumb Code    86  oled.o(.text.OLED_I2C_SendByte)
    OLED_I2C_Start                           0x08002abd   Thumb Code    36  oled.o(.text.OLED_I2C_Start)
    OLED_I2C_Stop                            0x08002ae1   Thumb Code    28  oled.o(.text.OLED_I2C_Stop)
    OLED_Init                                0x08002afd   Thumb Code   154  oled.o(.text.OLED_Init)
    OLED_Pow                                 0x08002b99   Thumb Code    38  oled.o(.text.OLED_Pow)
    OLED_SetCursor                           0x08002bc1   Thumb Code    52  oled.o(.text.OLED_SetCursor)
    OLED_ShowChar                            0x08002bf5   Thumb Code   132  oled.o(.text.OLED_ShowChar)
    OLED_ShowFloatNum                        0x08002c79   Thumb Code   308  oled.o(.text.OLED_ShowFloatNum)
    OLED_ShowImage                           0x08002dad   Thumb Code   346  oled.o(.text.OLED_ShowImage)
    OLED_ShowNum                             0x08002f09   Thumb Code   156  oled.o(.text.OLED_ShowNum)
    OLED_ShowString                          0x08002fa5   Thumb Code    88  oled.o(.text.OLED_ShowString)
    OLED_Update                              0x08002ffd   Thumb Code    72  oled.o(.text.OLED_Update)
    OLED_W_SCL                               0x08003045   Thumb Code    38  oled.o(.text.OLED_W_SCL)
    OLED_W_SDA                               0x0800306d   Thumb Code    38  oled.o(.text.OLED_W_SDA)
    OLED_WriteCommand                        0x08003095   Thumb Code    40  oled.o(.text.OLED_WriteCommand)
    OLED_WriteData                           0x080030bd   Thumb Code    82  oled.o(.text.OLED_WriteData)
    PendSV_Handler                           0x08003111   Thumb Code     2  stm32f1xx_it.o(.text.PendSV_Handler)
    SVC_Handler                              0x08003151   Thumb Code     2  stm32f1xx_it.o(.text.SVC_Handler)
    SysTick_Handler                          0x080031a9   Thumb Code     8  stm32f1xx_it.o(.text.SysTick_Handler)
    SystemClock_Config                       0x080031b1   Thumb Code   108  main.o(.text.SystemClock_Config)
    SystemInit                               0x0800321d   Thumb Code     2  system_stm32f1xx.o(.text.SystemInit)
    UsageFault_Handler                       0x08003221   Thumb Code     4  stm32f1xx_it.o(.text.UsageFault_Handler)
    main                                     0x08003481   Thumb Code   392  main.o(.text.main)
    shtc3_perform_measurements               0x08003609   Thumb Code    28  shtc3.o(.text.shtc3_perform_measurements)
    shtc3_read_id                            0x08003625   Thumb Code   160  shtc3.o(.text.shtc3_read_id)
    round                                    0x080036c5   Thumb Code   136  round.o(i.round)
    __aeabi_dadd                             0x08003759   Thumb Code     0  daddsub_clz.o(x$fpl$dadd)
    _dadd                                    0x08003759   Thumb Code   332  daddsub_clz.o(x$fpl$dadd)
    __fpl_dcmp_Inf                           0x080038a9   Thumb Code    24  dcmpi.o(x$fpl$dcmpinf)
    __aeabi_ddiv                             0x080038c1   Thumb Code     0  ddiv.o(x$fpl$ddiv)
    _ddiv                                    0x080038c1   Thumb Code   556  ddiv.o(x$fpl$ddiv)
    __aeabi_cdcmpeq                          0x08003b75   Thumb Code     0  deqf.o(x$fpl$deqf)
    _dcmpeq                                  0x08003b75   Thumb Code   120  deqf.o(x$fpl$deqf)
    __aeabi_d2uiz                            0x08003bed   Thumb Code     0  dfixu.o(x$fpl$dfixu)
    _dfixu                                   0x08003bed   Thumb Code    90  dfixu.o(x$fpl$dfixu)
    __aeabi_i2d                              0x08003c47   Thumb Code     0  dflt_clz.o(x$fpl$dflt)
    _dflt                                    0x08003c47   Thumb Code    46  dflt_clz.o(x$fpl$dflt)
    __aeabi_ui2d                             0x08003c75   Thumb Code     0  dflt_clz.o(x$fpl$dfltu)
    _dfltu                                   0x08003c75   Thumb Code    38  dflt_clz.o(x$fpl$dfltu)
    __aeabi_cdcmpge                          0x08003c9d   Thumb Code     0  dgeqf.o(x$fpl$dgeqf)
    _dcmpge                                  0x08003c9d   Thumb Code   120  dgeqf.o(x$fpl$dgeqf)
    __aeabi_cdcmple                          0x08003d15   Thumb Code     0  dleqf.o(x$fpl$dleqf)
    _dcmple                                  0x08003d15   Thumb Code   120  dleqf.o(x$fpl$dleqf)
    __fpl_dcmple_InfNaN                      0x08003d77   Thumb Code     0  dleqf.o(x$fpl$dleqf)
    __aeabi_dmul                             0x08003d8d   Thumb Code     0  dmul.o(x$fpl$dmul)
    _dmul                                    0x08003d8d   Thumb Code   332  dmul.o(x$fpl$dmul)
    __fpl_dnaninf                            0x08003ee1   Thumb Code   156  dnaninf.o(x$fpl$dnaninf)
    __fpl_dretinf                            0x08003f7d   Thumb Code    12  dretinf.o(x$fpl$dretinf)
    __aeabi_cdrcmple                         0x08003f89   Thumb Code     0  drleqf.o(x$fpl$drleqf)
    _drcmple                                 0x08003f89   Thumb Code   108  drleqf.o(x$fpl$drleqf)
    _drnd                                    0x08003ff5   Thumb Code   180  drnd.o(x$fpl$drnd)
    __aeabi_drsub                            0x080040a9   Thumb Code     0  daddsub_clz.o(x$fpl$drsb)
    _drsb                                    0x080040a9   Thumb Code    22  daddsub_clz.o(x$fpl$drsb)
    __aeabi_dsub                             0x080040c1   Thumb Code     0  daddsub_clz.o(x$fpl$dsub)
    _dsub                                    0x080040c1   Thumb Code   472  daddsub_clz.o(x$fpl$dsub)
    __aeabi_dcmpeq                           0x0800429d   Thumb Code     0  dcmp.o(x$fpl$fcmp)
    _deq                                     0x0800429d   Thumb Code    14  dcmp.o(x$fpl$fcmp)
    _dneq                                    0x080042ab   Thumb Code    14  dcmp.o(x$fpl$fcmp)
    __aeabi_dcmpgt                           0x080042b9   Thumb Code     0  dcmp.o(x$fpl$fcmp)
    _dgr                                     0x080042b9   Thumb Code    14  dcmp.o(x$fpl$fcmp)
    __aeabi_dcmpge                           0x080042c7   Thumb Code     0  dcmp.o(x$fpl$fcmp)
    _dgeq                                    0x080042c7   Thumb Code    14  dcmp.o(x$fpl$fcmp)
    __aeabi_dcmple                           0x080042d5   Thumb Code     0  dcmp.o(x$fpl$fcmp)
    _dleq                                    0x080042d5   Thumb Code    14  dcmp.o(x$fpl$fcmp)
    __aeabi_dcmplt                           0x080042e3   Thumb Code     0  dcmp.o(x$fpl$fcmp)
    _dls                                     0x080042e3   Thumb Code    14  dcmp.o(x$fpl$fcmp)
    AHBPrescTable                            0x080042f0   Data          16  system_stm32f1xx.o(.rodata.AHBPrescTable)
    __I$use$fp                               0x080042f0   Number         0  usenofp.o(x$fpl$usenofp)
    APBPrescTable                            0x08004300   Data           8  system_stm32f1xx.o(.rodata.APBPrescTable)
    OLED_F6x8                                0x0800431a   Data         570  oled_data.o(.rodata.OLED_F6x8)
    OLED_F8x16                               0x08004554   Data        1520  oled_data.o(.rodata.OLED_F8x16)
    Region$$Table$$Base                      0x08004b74   Number         0  anon$$obj.o(Region$$Table)
    Region$$Table$$Limit                     0x08004b94   Number         0  anon$$obj.o(Region$$Table)
    GPIO_SCL_PIN                             0x20000000   Data           2  oled.o(.data.GPIO_SCL_PIN)
    GPIO_SDA_PIN                             0x20000002   Data           2  oled.o(.data.GPIO_SDA_PIN)
    SystemCoreClock                          0x20000004   Data           4  system_stm32f1xx.o(.data.SystemCoreClock)
    uwTickFreq                               0x20000008   Data           1  stm32f1xx_hal.o(.data.uwTickFreq)
    uwTickPrio                               0x2000000c   Data           4  stm32f1xx_hal.o(.data.uwTickPrio)
    __libspace_start                         0x20000010   Data          96  libspace.o(.bss)
    OLED_DisplayBuf                          0x20000070   Data        1024  oled.o(.bss.OLED_DisplayBuf)
    __temporary_stack_top$libspace           0x20000070   Data           0  libspace.o(.bss)
    hi2c1                                    0x20000470   Data          84  i2c.o(.bss.hi2c1)
    uwTick                                   0x200004c4   Data           4  stm32f1xx_hal.o(.bss.uwTick)



==============================================================================

Memory Map of the image

  Image Entry point : 0x080000ed

  Load Region LR_IROM1 (Base: 0x08000000, Size: 0x00004ba8, Max: 0x00010000, ABSOLUTE)

    Execution Region ER_IROM1 (Exec base: 0x08000000, Load base: 0x08000000, Size: 0x00004b94, Max: 0x00010000, ABSOLUTE)

    Exec Addr    Load Addr    Size         Type   Attr      Idx    E Section Name        Object

    0x08000000   0x08000000   0x000000ec   Data   RO            3    RESET               startup_stm32f103xb.o
    0x080000ec   0x080000ec   0x00000008   Code   RO          801  * !!!main             c_w.l(__main.o)
    0x080000f4   0x080000f4   0x00000034   Code   RO         1251    !!!scatter          c_w.l(__scatter.o)
    0x08000128   0x08000128   0x0000001a   Code   RO         1253    !!handler_copy      c_w.l(__scatter_copy.o)
    0x08000142   0x08000142   0x00000002   PAD
    0x08000144   0x08000144   0x0000001c   Code   RO         1255    !!handler_zi        c_w.l(__scatter_zi.o)
    0x08000160   0x08000160   0x00000002   Code   RO         1101    .ARM.Collect$$libinit$$00000000  c_w.l(libinit.o)
    0x08000162   0x08000162   0x00000000   Code   RO         1114    .ARM.Collect$$libinit$$00000002  c_w.l(libinit2.o)
    0x08000162   0x08000162   0x00000000   Code   RO         1116    .ARM.Collect$$libinit$$00000004  c_w.l(libinit2.o)
    0x08000162   0x08000162   0x00000000   Code   RO         1118    .ARM.Collect$$libinit$$00000006  c_w.l(libinit2.o)
    0x08000162   0x08000162   0x00000000   Code   RO         1121    .ARM.Collect$$libinit$$0000000C  c_w.l(libinit2.o)
    0x08000162   0x08000162   0x00000000   Code   RO         1123    .ARM.Collect$$libinit$$0000000E  c_w.l(libinit2.o)
    0x08000162   0x08000162   0x00000000   Code   RO         1125    .ARM.Collect$$libinit$$00000010  c_w.l(libinit2.o)
    0x08000162   0x08000162   0x00000000   Code   RO         1128    .ARM.Collect$$libinit$$00000013  c_w.l(libinit2.o)
    0x08000162   0x08000162   0x00000000   Code   RO         1130    .ARM.Collect$$libinit$$00000015  c_w.l(libinit2.o)
    0x08000162   0x08000162   0x00000000   Code   RO         1132    .ARM.Collect$$libinit$$00000017  c_w.l(libinit2.o)
    0x08000162   0x08000162   0x00000000   Code   RO         1134    .ARM.Collect$$libinit$$00000019  c_w.l(libinit2.o)
    0x08000162   0x08000162   0x00000000   Code   RO         1136    .ARM.Collect$$libinit$$0000001B  c_w.l(libinit2.o)
    0x08000162   0x08000162   0x00000000   Code   RO         1138    .ARM.Collect$$libinit$$0000001D  c_w.l(libinit2.o)
    0x08000162   0x08000162   0x00000000   Code   RO         1140    .ARM.Collect$$libinit$$0000001F  c_w.l(libinit2.o)
    0x08000162   0x08000162   0x00000000   Code   RO         1142    .ARM.Collect$$libinit$$00000021  c_w.l(libinit2.o)
    0x08000162   0x08000162   0x00000000   Code   RO         1144    .ARM.Collect$$libinit$$00000023  c_w.l(libinit2.o)
    0x08000162   0x08000162   0x00000000   Code   RO         1146    .ARM.Collect$$libinit$$00000025  c_w.l(libinit2.o)
    0x08000162   0x08000162   0x00000000   Code   RO         1148    .ARM.Collect$$libinit$$00000027  c_w.l(libinit2.o)
    0x08000162   0x08000162   0x00000000   Code   RO         1152    .ARM.Collect$$libinit$$0000002E  c_w.l(libinit2.o)
    0x08000162   0x08000162   0x00000000   Code   RO         1154    .ARM.Collect$$libinit$$00000030  c_w.l(libinit2.o)
    0x08000162   0x08000162   0x00000000   Code   RO         1156    .ARM.Collect$$libinit$$00000032  c_w.l(libinit2.o)
    0x08000162   0x08000162   0x00000000   Code   RO         1158    .ARM.Collect$$libinit$$00000034  c_w.l(libinit2.o)
    0x08000162   0x08000162   0x00000002   Code   RO         1159    .ARM.Collect$$libinit$$00000035  c_w.l(libinit2.o)
    0x08000164   0x08000164   0x00000002   Code   RO         1187    .ARM.Collect$$libshutdown$$00000000  c_w.l(libshutdown.o)
    0x08000166   0x08000166   0x00000000   Code   RO         1202    .ARM.Collect$$libshutdown$$00000002  c_w.l(libshutdown2.o)
    0x08000166   0x08000166   0x00000000   Code   RO         1204    .ARM.Collect$$libshutdown$$00000004  c_w.l(libshutdown2.o)
    0x08000166   0x08000166   0x00000000   Code   RO         1207    .ARM.Collect$$libshutdown$$00000007  c_w.l(libshutdown2.o)
    0x08000166   0x08000166   0x00000000   Code   RO         1210    .ARM.Collect$$libshutdown$$0000000A  c_w.l(libshutdown2.o)
    0x08000166   0x08000166   0x00000000   Code   RO         1212    .ARM.Collect$$libshutdown$$0000000C  c_w.l(libshutdown2.o)
    0x08000166   0x08000166   0x00000000   Code   RO         1215    .ARM.Collect$$libshutdown$$0000000F  c_w.l(libshutdown2.o)
    0x08000166   0x08000166   0x00000002   Code   RO         1216    .ARM.Collect$$libshutdown$$00000010  c_w.l(libshutdown2.o)
    0x08000168   0x08000168   0x00000000   Code   RO          853    .ARM.Collect$$rtentry$$00000000  c_w.l(__rtentry.o)
    0x08000168   0x08000168   0x00000000   Code   RO         1001    .ARM.Collect$$rtentry$$00000002  c_w.l(__rtentry2.o)
    0x08000168   0x08000168   0x00000006   Code   RO         1013    .ARM.Collect$$rtentry$$00000004  c_w.l(__rtentry4.o)
    0x0800016e   0x0800016e   0x00000000   Code   RO         1003    .ARM.Collect$$rtentry$$00000009  c_w.l(__rtentry2.o)
    0x0800016e   0x0800016e   0x00000004   Code   RO         1004    .ARM.Collect$$rtentry$$0000000A  c_w.l(__rtentry2.o)
    0x08000172   0x08000172   0x00000000   Code   RO         1006    .ARM.Collect$$rtentry$$0000000C  c_w.l(__rtentry2.o)
    0x08000172   0x08000172   0x00000008   Code   RO         1007    .ARM.Collect$$rtentry$$0000000D  c_w.l(__rtentry2.o)
    0x0800017a   0x0800017a   0x00000002   Code   RO         1106    .ARM.Collect$$rtexit$$00000000  c_w.l(rtexit.o)
    0x0800017c   0x0800017c   0x00000000   Code   RO         1163    .ARM.Collect$$rtexit$$00000002  c_w.l(rtexit2.o)
    0x0800017c   0x0800017c   0x00000004   Code   RO         1164    .ARM.Collect$$rtexit$$00000003  c_w.l(rtexit2.o)
    0x08000180   0x08000180   0x00000006   Code   RO         1165    .ARM.Collect$$rtexit$$00000004  c_w.l(rtexit2.o)
    0x08000186   0x08000186   0x00000002   PAD
    0x08000188   0x08000188   0x00000040   Code   RO            4    .text               startup_stm32f103xb.o
    0x080001c8   0x080001c8   0x0000004e   Code   RO          795    .text               c_w.l(rt_memclr_w.o)
    0x08000216   0x08000216   0x00000006   Code   RO          799    .text               c_w.l(heapauxi.o)
    0x0800021c   0x0800021c   0x00000008   Code   RO         1050    .text               c_w.l(libspace.o)
    0x08000224   0x08000224   0x0000004a   Code   RO         1053    .text               c_w.l(sys_stackheap_outer.o)
    0x0800026e   0x0800026e   0x00000012   Code   RO         1094    .text               c_w.l(exit.o)
    0x08000280   0x08000280   0x0000000c   Code   RO         1177    .text               c_w.l(sys_exit.o)
    0x0800028c   0x0800028c   0x00000002   Code   RO         1192    .text               c_w.l(use_no_semi.o)
    0x0800028e   0x0800028e   0x00000000   Code   RO         1194    .text               c_w.l(indicate_semi.o)
    0x0800028e   0x0800028e   0x00000002   PAD
    0x08000290   0x08000290   0x00000004   Code   RO           70    .text.BusFault_Handler  stm32f1xx_it.o
    0x08000294   0x08000294   0x00000002   Code   RO           76    .text.DebugMon_Handler  stm32f1xx_it.o
    0x08000296   0x08000296   0x00000002   PAD
    0x08000298   0x08000298   0x0000000e   Code   RO           15    .text.Error_Handler  main.o
    0x080002a6   0x080002a6   0x00000002   PAD
    0x080002a8   0x080002a8   0x00000042   Code   RO          418    .text.HAL_Delay     stm32f1xx_hal.o
    0x080002ea   0x080002ea   0x00000002   PAD
    0x080002ec   0x080002ec   0x0000031e   Code   RO          512    .text.HAL_GPIO_Init  stm32f1xx_hal_gpio.o
    0x0800060a   0x0800060a   0x00000002   PAD
    0x0800060c   0x0800060c   0x00000056   Code   RO          522    .text.HAL_GPIO_LockPin  stm32f1xx_hal_gpio.o
    0x08000662   0x08000662   0x00000002   PAD
    0x08000664   0x08000664   0x0000002e   Code   RO          516    .text.HAL_GPIO_ReadPin  stm32f1xx_hal_gpio.o
    0x08000692   0x08000692   0x00000002   PAD
    0x08000694   0x08000694   0x0000002e   Code   RO          518    .text.HAL_GPIO_WritePin  stm32f1xx_hal_gpio.o
    0x080006c2   0x080006c2   0x00000002   PAD
    0x080006c4   0x080006c4   0x0000000c   Code   RO          410    .text.HAL_GetTick   stm32f1xx_hal.o
    0x080006d0   0x080006d0   0x000002a4   Code   RO          227    .text.HAL_I2C_Init  stm32f1xx_hal_i2c.o
    0x08000974   0x08000974   0x000004bc   Code   RO          245    .text.HAL_I2C_Master_Receive  stm32f1xx_hal_i2c.o
    0x08000e30   0x08000e30   0x00000208   Code   RO          235    .text.HAL_I2C_Master_Transmit  stm32f1xx_hal_i2c.o
    0x08001038   0x08001038   0x0000007e   Code   RO           36    .text.HAL_I2C_MspInit  i2c.o
    0x080010b6   0x080010b6   0x00000002   PAD
    0x080010b8   0x080010b8   0x0000001a   Code   RO          408    .text.HAL_IncTick   stm32f1xx_hal.o
    0x080010d2   0x080010d2   0x00000002   PAD
    0x080010d4   0x080010d4   0x00000026   Code   RO          398    .text.HAL_Init      stm32f1xx_hal.o
    0x080010fa   0x080010fa   0x00000002   PAD
    0x080010fc   0x080010fc   0x00000070   Code   RO          400    .text.HAL_InitTick  stm32f1xx_hal.o
    0x0800116c   0x0800116c   0x00000064   Code   RO           89    .text.HAL_MspInit   stm32f1xx_hal_msp.o
    0x080011d0   0x080011d0   0x00000032   Code   RO          572    .text.HAL_NVIC_SetPriority  stm32f1xx_hal_cortex.o
    0x08001202   0x08001202   0x00000002   PAD
    0x08001204   0x08001204   0x00000010   Code   RO          568    .text.HAL_NVIC_SetPriorityGrouping  stm32f1xx_hal_cortex.o
    0x08001214   0x08001214   0x00000256   Code   RO          464    .text.HAL_RCC_ClockConfig  stm32f1xx_hal_rcc.o
    0x0800146a   0x0800146a   0x00000002   PAD
    0x0800146c   0x0800146c   0x0000000c   Code   RO          474    .text.HAL_RCC_GetHCLKFreq  stm32f1xx_hal_rcc.o
    0x08001478   0x08001478   0x00000022   Code   RO          476    .text.HAL_RCC_GetPCLK1Freq  stm32f1xx_hal_rcc.o
    0x0800149a   0x0800149a   0x00000002   PAD
    0x0800149c   0x0800149c   0x000000bc   Code   RO          466    .text.HAL_RCC_GetSysClockFreq  stm32f1xx_hal_rcc.o
    0x08001558   0x08001558   0x0000067a   Code   RO          460    .text.HAL_RCC_OscConfig  stm32f1xx_hal_rcc.o
    0x08001bd2   0x08001bd2   0x00000002   PAD
    0x08001bd4   0x08001bd4   0x00000010   Code   RO          592    .text.HAL_SYSTICK_Config  stm32f1xx_hal_cortex.o
    0x08001be4   0x08001be4   0x00000004   Code   RO           66    .text.HardFault_Handler  stm32f1xx_it.o
    0x08001be8   0x08001be8   0x00000064   Code   RO          389    .text.I2C_IsAcknowledgeFailed  stm32f1xx_hal_i2c.o
    0x08001c4c   0x08001c4c   0x000001aa   Code   RO          247    .text.I2C_MasterRequestRead  stm32f1xx_hal_i2c.o
    0x08001df6   0x08001df6   0x00000002   PAD
    0x08001df8   0x08001df8   0x00000112   Code   RO          239    .text.I2C_MasterRequestWrite  stm32f1xx_hal_i2c.o
    0x08001f0a   0x08001f0a   0x00000002   PAD
    0x08001f0c   0x08001f0c   0x000000ac   Code   RO          243    .text.I2C_WaitOnBTFFlagUntilTimeout  stm32f1xx_hal_i2c.o
    0x08001fb8   0x08001fb8   0x00000108   Code   RO          237    .text.I2C_WaitOnFlagUntilTimeout  stm32f1xx_hal_i2c.o
    0x080020c0   0x080020c0   0x00000154   Code   RO          387    .text.I2C_WaitOnMasterAddressFlagUntilTimeout  stm32f1xx_hal_i2c.o
    0x08002214   0x08002214   0x000000dc   Code   RO          249    .text.I2C_WaitOnRXNEFlagUntilTimeout  stm32f1xx_hal_i2c.o
    0x080022f0   0x080022f0   0x000000a8   Code   RO          241    .text.I2C_WaitOnTXEFlagUntilTimeout  stm32f1xx_hal_i2c.o
    0x08002398   0x08002398   0x000000d4   Code   RO           26    .text.MX_GPIO_Init  gpio.o
    0x0800246c   0x0800246c   0x00000048   Code   RO           34    .text.MX_I2C1_Init  i2c.o
    0x080024b4   0x080024b4   0x00000004   Code   RO           68    .text.MemManage_Handler  stm32f1xx_it.o
    0x080024b8   0x080024b8   0x00000004   Code   RO           64    .text.NMI_Handler   stm32f1xx_it.o
    0x080024bc   0x080024bc   0x0000006c   Code   RO          578    .text.NVIC_EncodePriority  stm32f1xx_hal_cortex.o
    0x08002528   0x08002528   0x0000005e   Code   RO          115    .text.OLED_Clear    oled.o
    0x08002586   0x08002586   0x00000002   PAD
    0x08002588   0x08002588   0x000000ec   Code   RO          129    .text.OLED_ClearArea  oled.o
    0x08002674   0x08002674   0x000002f6   Code   RO          165    .text.OLED_DrawCircle  oled.o
    0x0800296a   0x0800296a   0x00000002   PAD
    0x0800296c   0x0800296c   0x00000052   Code   RO          155    .text.OLED_DrawPoint  oled.o
    0x080029be   0x080029be   0x00000002   PAD
    0x080029c0   0x080029c0   0x000000a2   Code   RO          101    .text.OLED_GPIO_Init  oled.o
    0x08002a62   0x08002a62   0x00000002   PAD
    0x08002a64   0x08002a64   0x00000056   Code   RO          107    .text.OLED_I2C_SendByte  oled.o
    0x08002aba   0x08002aba   0x00000002   PAD
    0x08002abc   0x08002abc   0x00000024   Code   RO          103    .text.OLED_I2C_Start  oled.o
    0x08002ae0   0x08002ae0   0x0000001c   Code   RO          105    .text.OLED_I2C_Stop  oled.o
    0x08002afc   0x08002afc   0x0000009a   Code   RO          113    .text.OLED_Init     oled.o
    0x08002b96   0x08002b96   0x00000002   PAD
    0x08002b98   0x08002b98   0x00000026   Code   RO          121    .text.OLED_Pow      oled.o
    0x08002bbe   0x08002bbe   0x00000002   PAD
    0x08002bc0   0x08002bc0   0x00000034   Code   RO          119    .text.OLED_SetCursor  oled.o
    0x08002bf4   0x08002bf4   0x00000084   Code   RO          135    .text.OLED_ShowChar  oled.o
    0x08002c78   0x08002c78   0x00000134   Code   RO          149    .text.OLED_ShowFloatNum  oled.o
    0x08002dac   0x08002dac   0x0000015a   Code   RO          137    .text.OLED_ShowImage  oled.o
    0x08002f06   0x08002f06   0x00000002   PAD
    0x08002f08   0x08002f08   0x0000009c   Code   RO          141    .text.OLED_ShowNum  oled.o
    0x08002fa4   0x08002fa4   0x00000058   Code   RO          139    .text.OLED_ShowString  oled.o
    0x08002ffc   0x08002ffc   0x00000048   Code   RO          117    .text.OLED_Update   oled.o
    0x08003044   0x08003044   0x00000026   Code   RO           97    .text.OLED_W_SCL    oled.o
    0x0800306a   0x0800306a   0x00000002   PAD
    0x0800306c   0x0800306c   0x00000026   Code   RO           99    .text.OLED_W_SDA    oled.o
    0x08003092   0x08003092   0x00000002   PAD
    0x08003094   0x08003094   0x00000028   Code   RO          109    .text.OLED_WriteCommand  oled.o
    0x080030bc   0x080030bc   0x00000052   Code   RO          111    .text.OLED_WriteData  oled.o
    0x0800310e   0x0800310e   0x00000002   PAD
    0x08003110   0x08003110   0x00000002   Code   RO           78    .text.PendSV_Handler  stm32f1xx_it.o
    0x08003112   0x08003112   0x00000002   PAD
    0x08003114   0x08003114   0x0000003a   Code   RO          462    .text.RCC_Delay     stm32f1xx_hal_rcc.o
    0x0800314e   0x0800314e   0x00000002   PAD
    0x08003150   0x08003150   0x00000002   Code   RO           74    .text.SVC_Handler   stm32f1xx_it.o
    0x08003152   0x08003152   0x00000002   PAD
    0x08003154   0x08003154   0x00000052   Code   RO          594    .text.SysTick_Config  stm32f1xx_hal_cortex.o
    0x080031a6   0x080031a6   0x00000002   PAD
    0x080031a8   0x080031a8   0x00000008   Code   RO           80    .text.SysTick_Handler  stm32f1xx_it.o
    0x080031b0   0x080031b0   0x0000006c   Code   RO           13    .text.SystemClock_Config  main.o
    0x0800321c   0x0800321c   0x00000002   Code   RO          778    .text.SystemInit    system_stm32f1xx.o
    0x0800321e   0x0800321e   0x00000002   PAD
    0x08003220   0x08003220   0x00000004   Code   RO           72    .text.UsageFault_Handler  stm32f1xx_it.o
    0x08003224   0x08003224   0x00000010   Code   RO          574    .text.__NVIC_GetPriorityGrouping  stm32f1xx_hal_cortex.o
    0x08003234   0x08003234   0x00000042   Code   RO          576    .text.__NVIC_SetPriority  stm32f1xx_hal_cortex.o
    0x08003276   0x08003276   0x00000002   PAD
    0x08003278   0x08003278   0x0000003c   Code   RO          570    .text.__NVIC_SetPriorityGrouping  stm32f1xx_hal_cortex.o
    0x080032b4   0x080032b4   0x00000068   Code   RO          199    .text._perform_measurements  shtc3.o
    0x0800331c   0x0800331c   0x000000a0   Code   RO          203    .text._read_values  shtc3.o
    0x080033bc   0x080033bc   0x000000c4   Code   RO          205    .text.checkCRC      shtc3.o
    0x08003480   0x08003480   0x00000188   Code   RO           11    .text.main          main.o
    0x08003608   0x08003608   0x0000001c   Code   RO          197    .text.shtc3_perform_measurements  shtc3.o
    0x08003624   0x08003624   0x000000a0   Code   RO          191    .text.shtc3_read_id  shtc3.o
    0x080036c4   0x080036c4   0x00000094   Code   RO          851    i.round             m_ws.l(round.o)
    0x08003758   0x08003758   0x00000150   Code   RO          805    x$fpl$dadd          fz_ws.l(daddsub_clz.o)
    0x080038a8   0x080038a8   0x00000018   Code   RO         1040    x$fpl$dcmpinf       fz_ws.l(dcmpi.o)
    0x080038c0   0x080038c0   0x000002b4   Code   RO          814    x$fpl$ddiv          fz_ws.l(ddiv.o)
    0x08003b74   0x08003b74   0x00000078   Code   RO          947    x$fpl$deqf          fz_ws.l(deqf.o)
    0x08003bec   0x08003bec   0x0000005a   Code   RO          821    x$fpl$dfixu         fz_ws.l(dfixu.o)
    0x08003c46   0x08003c46   0x0000002e   Code   RO          826    x$fpl$dflt          fz_ws.l(dflt_clz.o)
    0x08003c74   0x08003c74   0x00000026   Code   RO          825    x$fpl$dfltu         fz_ws.l(dflt_clz.o)
    0x08003c9a   0x08003c9a   0x00000002   PAD
    0x08003c9c   0x08003c9c   0x00000078   Code   RO          949    x$fpl$dgeqf         fz_ws.l(dgeqf.o)
    0x08003d14   0x08003d14   0x00000078   Code   RO          951    x$fpl$dleqf         fz_ws.l(dleqf.o)
    0x08003d8c   0x08003d8c   0x00000154   Code   RO          831    x$fpl$dmul          fz_ws.l(dmul.o)
    0x08003ee0   0x08003ee0   0x0000009c   Code   RO          953    x$fpl$dnaninf       fz_ws.l(dnaninf.o)
    0x08003f7c   0x08003f7c   0x0000000c   Code   RO          955    x$fpl$dretinf       fz_ws.l(dretinf.o)
    0x08003f88   0x08003f88   0x0000006c   Code   RO          957    x$fpl$drleqf        fz_ws.l(drleqf.o)
    0x08003ff4   0x08003ff4   0x000000b4   Code   RO          959    x$fpl$drnd          fz_ws.l(drnd.o)
    0x080040a8   0x080040a8   0x00000016   Code   RO          806    x$fpl$drsb          fz_ws.l(daddsub_clz.o)
    0x080040be   0x080040be   0x00000002   PAD
    0x080040c0   0x080040c0   0x000001dc   Code   RO          807    x$fpl$dsub          fz_ws.l(daddsub_clz.o)
    0x0800429c   0x0800429c   0x00000054   Code   RO          811    x$fpl$fcmp          fz_ws.l(dcmp.o)
    0x080042f0   0x080042f0   0x00000000   Code   RO          979    x$fpl$usenofp       fz_ws.l(usenofp.o)
    0x080042f0   0x080042f0   0x00000010   Data   RO          783    .rodata.AHBPrescTable  system_stm32f1xx.o
    0x08004300   0x08004300   0x00000008   Data   RO          784    .rodata.APBPrescTable  system_stm32f1xx.o
    0x08004308   0x08004308   0x00000010   Data   RO          488    .rodata.HAL_RCC_GetSysClockFreq.aPLLMULFactorTable  stm32f1xx_hal_rcc.o
    0x08004318   0x08004318   0x00000002   Data   RO          489    .rodata.HAL_RCC_GetSysClockFreq.aPredivFactorTable  stm32f1xx_hal_rcc.o
    0x0800431a   0x0800431a   0x0000023a   Data   RO          183    .rodata.OLED_F6x8   oled_data.o
    0x08004554   0x08004554   0x000005f0   Data   RO          182    .rodata.OLED_F8x16  oled_data.o
    0x08004b44   0x08004b44   0x00000030   Data   RO           17    .rodata.str1.1      main.o
    0x08004b74   0x08004b74   0x00000020   Data   RO         1250    Region$$Table       anon$$obj.o


    Execution Region RW_IRAM1 (Exec base: 0x20000000, Load base: 0x08004b98, Size: 0x00000ac8, Max: 0x00005000, ABSOLUTE)

    Exec Addr    Load Addr    Size         Type   Attr      Idx    E Section Name        Object

    0x20000000   0x08004b98   0x00000002   Data   RW          171    .data.GPIO_SCL_PIN  oled.o
    0x20000002   0x08004b9a   0x00000002   Data   RW          172    .data.GPIO_SDA_PIN  oled.o
    0x20000004   0x08004b9c   0x00000004   Data   RW          782    .data.SystemCoreClock  system_stm32f1xx.o
    0x20000008   0x08004ba0   0x00000001   Data   RW          449    .data.uwTickFreq    stm32f1xx_hal.o
    0x20000009   0x08004ba1   0x00000003   PAD
    0x2000000c   0x08004ba4   0x00000004   Data   RW          448    .data.uwTickPrio    stm32f1xx_hal.o
    0x20000010        -       0x00000060   Zero   RW         1051    .bss                c_w.l(libspace.o)
    0x20000070        -       0x00000400   Zero   RW          173    .bss.OLED_DisplayBuf  oled.o
    0x20000470        -       0x00000054   Zero   RW           56    .bss.hi2c1          i2c.o
    0x200004c4        -       0x00000004   Zero   RW          450    .bss.uwTick         stm32f1xx_hal.o
    0x200004c8        -       0x00000200   Zero   RW            2    HEAP                startup_stm32f103xb.o
    0x200006c8        -       0x00000400   Zero   RW            1    STACK               startup_stm32f103xb.o


==============================================================================

Image component sizes


      Code (inc. data)   RO Data    RW Data    ZI Data      Debug   Object Name

       212          0          0          0          0       1529   gpio.o
       198          0          0          0         84       5542   i2c.o
       514          0         48          0          0       2404   main.o
      3026          0          0          4       1024      14901   oled.o
         0          0       2090          0          0        778   oled_data.o
       648          0          0          0          0       5217   shtc3.o
        64         26        236          0       1536        772   startup_stm32f103xb.o
       254          0          0          5          4       5539   stm32f1xx_hal.o
       414          0          0          0          0       7490   stm32f1xx_hal_cortex.o
       976          0          0          0          0       4194   stm32f1xx_hal_gpio.o
      4372          0          0          0          0      37159   stm32f1xx_hal_i2c.o
       100          0          0          0          0       1177   stm32f1xx_hal_msp.o
      2548          0         18          0          0       7390   stm32f1xx_hal_rcc.o
        34          0          0          0          0        996   stm32f1xx_it.o
         2          0         24          4          0       1549   system_stm32f1xx.o

    ----------------------------------------------------------------------
     13428         26       2448         16       2648      96637   Object Totals
         0          0         32          0          0          0   (incl. Generated)
        66          0          0          3          0          0   (incl. Padding)

    ----------------------------------------------------------------------

      Code (inc. data)   RO Data    RW Data    ZI Data      Debug   Library Member Name

         8          0          0          0          0         68   __main.o
         0          0          0          0          0          0   __rtentry.o
        12          0          0          0          0          0   __rtentry2.o
         6          0          0          0          0          0   __rtentry4.o
        52          8          0          0          0          0   __scatter.o
        26          0          0          0          0          0   __scatter_copy.o
        28          0          0          0          0          0   __scatter_zi.o
        18          0          0          0          0         80   exit.o
         6          0          0          0          0        152   heapauxi.o
         0          0          0          0          0          0   indicate_semi.o
         2          0          0          0          0          0   libinit.o
         2          0          0          0          0          0   libinit2.o
         2          0          0          0          0          0   libshutdown.o
         2          0          0          0          0          0   libshutdown2.o
         8          4          0          0         96         68   libspace.o
        78          0          0          0          0         80   rt_memclr_w.o
         2          0          0          0          0          0   rtexit.o
        10          0          0          0          0          0   rtexit2.o
        12          4          0          0          0         68   sys_exit.o
        74          0          0          0          0         80   sys_stackheap_outer.o
         2          0          0          0          0         68   use_no_semi.o
       834         16          0          0          0        372   daddsub_clz.o
        84          0          0          0          0        196   dcmp.o
        24          0          0          0          0         68   dcmpi.o
       692        140          0          0          0        216   ddiv.o
       120          4          0          0          0         92   deqf.o
        90          4          0          0          0         92   dfixu.o
        84          0          0          0          0        136   dflt_clz.o
       120          4          0          0          0         92   dgeqf.o
       120          4          0          0          0         92   dleqf.o
       340         12          0          0          0        104   dmul.o
       156          4          0          0          0         92   dnaninf.o
        12          0          0          0          0         68   dretinf.o
       108          0          0          0          0         80   drleqf.o
       180          4          0          0          0         80   drnd.o
         0          0          0          0          0          0   usenofp.o
       148         12          0          0          0         88   round.o

    ----------------------------------------------------------------------
      3472        220          0          0         96       2532   Library Totals
        10          0          0          0          0          0   (incl. Padding)

    ----------------------------------------------------------------------

      Code (inc. data)   RO Data    RW Data    ZI Data      Debug   Library Name

       350         16          0          0         96        664   c_w.l
      2964        192          0          0          0       1780   fz_ws.l
       148         12          0          0          0         88   m_ws.l

    ----------------------------------------------------------------------
      3472        220          0          0         96       2532   Library Totals

    ----------------------------------------------------------------------

==============================================================================


      Code (inc. data)   RO Data    RW Data    ZI Data      Debug   

     16900        246       2448         16       2744      97833   Grand Totals
     16900        246       2448         16       2744      97833   ELF Image Totals
     16900        246       2448         16          0          0   ROM Totals

==============================================================================

    Total RO  Size (Code + RO Data)                19348 (  18.89kB)
    Total RW  Size (RW Data + ZI Data)              2760 (   2.70kB)
    Total ROM Size (Code + RO Data + RW Data)      19364 (  18.91kB)

==============================================================================

