Component: Arm Compiler for Embedded 6.19 Tool: armlink [5e73cb00]

==============================================================================

Section Cross References

    startup_stm32f103xb.o(STACK) refers (Special) to heapauxi.o(.text) for __use_two_region_memory
    startup_stm32f103xb.o(HEAP) refers (Special) to heapauxi.o(.text) for __use_two_region_memory
    startup_stm32f103xb.o(RESET) refers (Special) to heapauxi.o(.text) for __use_two_region_memory
    startup_stm32f103xb.o(RESET) refers to startup_stm32f103xb.o(STACK) for __initial_sp
    startup_stm32f103xb.o(RESET) refers to startup_stm32f103xb.o(.text) for Reset_Handler
    startup_stm32f103xb.o(RESET) refers to stm32f1xx_it.o(.text.NMI_Handler) for NMI_Handler
    startup_stm32f103xb.o(RESET) refers to stm32f1xx_it.o(.text.HardFault_Handler) for HardFault_Handler
    startup_stm32f103xb.o(RESET) refers to stm32f1xx_it.o(.text.MemManage_Handler) for MemManage_Handler
    startup_stm32f103xb.o(RESET) refers to stm32f1xx_it.o(.text.BusFault_Handler) for BusFault_Handler
    startup_stm32f103xb.o(RESET) refers to stm32f1xx_it.o(.text.UsageFault_Handler) for UsageFault_Handler
    startup_stm32f103xb.o(RESET) refers to stm32f1xx_it.o(.text.SVC_Handler) for SVC_Handler
    startup_stm32f103xb.o(RESET) refers to stm32f1xx_it.o(.text.DebugMon_Handler) for DebugMon_Handler
    startup_stm32f103xb.o(RESET) refers to stm32f1xx_it.o(.text.PendSV_Handler) for PendSV_Handler
    startup_stm32f103xb.o(RESET) refers to stm32f1xx_it.o(.text.SysTick_Handler) for SysTick_Handler
    startup_stm32f103xb.o(.text) refers (Special) to heapauxi.o(.text) for __use_two_region_memory
    startup_stm32f103xb.o(.text) refers to system_stm32f1xx.o(.text.SystemInit) for SystemInit
    startup_stm32f103xb.o(.text) refers to __main.o(!!!main) for __main
    startup_stm32f103xb.o(.text) refers to startup_stm32f103xb.o(HEAP) for Heap_Mem
    startup_stm32f103xb.o(.text) refers to startup_stm32f103xb.o(STACK) for Stack_Mem
    oled.o(.text.OLED_W_SCL) refers to oled.o(.data..L_MergedGlobals) for .L_MergedGlobals
    oled.o(.text.OLED_W_SCL) refers to stm32f1xx_hal_gpio.o(.text.HAL_GPIO_WritePin) for HAL_GPIO_WritePin
    oled.o(.ARM.exidx.text.OLED_W_SCL) refers to oled.o(.text.OLED_W_SCL) for [Anonymous Symbol]
    oled.o(.text.OLED_W_SDA) refers to oled.o(.data..L_MergedGlobals) for .L_MergedGlobals
    oled.o(.text.OLED_W_SDA) refers to stm32f1xx_hal_gpio.o(.text.HAL_GPIO_WritePin) for HAL_GPIO_WritePin
    oled.o(.ARM.exidx.text.OLED_W_SDA) refers to oled.o(.text.OLED_W_SDA) for [Anonymous Symbol]
    oled.o(.text.OLED_GPIO_Init) refers to oled.o(.data..L_MergedGlobals) for .L_MergedGlobals
    oled.o(.text.OLED_GPIO_Init) refers to stm32f1xx_hal_gpio.o(.text.HAL_GPIO_Init) for HAL_GPIO_Init
    oled.o(.text.OLED_GPIO_Init) refers to stm32f1xx_hal_gpio.o(.text.HAL_GPIO_WritePin) for HAL_GPIO_WritePin
    oled.o(.ARM.exidx.text.OLED_GPIO_Init) refers to oled.o(.text.OLED_GPIO_Init) for [Anonymous Symbol]
    oled.o(.text.OLED_I2C_Start) refers to oled.o(.data..L_MergedGlobals) for .L_MergedGlobals
    oled.o(.text.OLED_I2C_Start) refers to stm32f1xx_hal_gpio.o(.text.HAL_GPIO_WritePin) for HAL_GPIO_WritePin
    oled.o(.ARM.exidx.text.OLED_I2C_Start) refers to oled.o(.text.OLED_I2C_Start) for [Anonymous Symbol]
    oled.o(.text.OLED_I2C_Stop) refers to oled.o(.data..L_MergedGlobals) for .L_MergedGlobals
    oled.o(.text.OLED_I2C_Stop) refers to stm32f1xx_hal_gpio.o(.text.HAL_GPIO_WritePin) for HAL_GPIO_WritePin
    oled.o(.ARM.exidx.text.OLED_I2C_Stop) refers to oled.o(.text.OLED_I2C_Stop) for [Anonymous Symbol]
    oled.o(.text.OLED_I2C_SendByte) refers to oled.o(.data..L_MergedGlobals) for .L_MergedGlobals
    oled.o(.text.OLED_I2C_SendByte) refers to stm32f1xx_hal_gpio.o(.text.HAL_GPIO_WritePin) for HAL_GPIO_WritePin
    oled.o(.ARM.exidx.text.OLED_I2C_SendByte) refers to oled.o(.text.OLED_I2C_SendByte) for [Anonymous Symbol]
    oled.o(.text.OLED_WriteCommand) refers to oled.o(.data..L_MergedGlobals) for .L_MergedGlobals
    oled.o(.text.OLED_WriteCommand) refers to stm32f1xx_hal_gpio.o(.text.HAL_GPIO_WritePin) for HAL_GPIO_WritePin
    oled.o(.text.OLED_WriteCommand) refers to oled.o(.text.OLED_I2C_SendByte) for OLED_I2C_SendByte
    oled.o(.ARM.exidx.text.OLED_WriteCommand) refers to oled.o(.text.OLED_WriteCommand) for [Anonymous Symbol]
    oled.o(.text.OLED_WriteData) refers to oled.o(.data..L_MergedGlobals) for .L_MergedGlobals
    oled.o(.text.OLED_WriteData) refers to stm32f1xx_hal_gpio.o(.text.HAL_GPIO_WritePin) for HAL_GPIO_WritePin
    oled.o(.text.OLED_WriteData) refers to oled.o(.text.OLED_I2C_SendByte) for OLED_I2C_SendByte
    oled.o(.ARM.exidx.text.OLED_WriteData) refers to oled.o(.text.OLED_WriteData) for [Anonymous Symbol]
    oled.o(.text.OLED_Init) refers to oled.o(.data..L_MergedGlobals) for .L_MergedGlobals
    oled.o(.text.OLED_Init) refers to stm32f1xx_hal_gpio.o(.text.HAL_GPIO_Init) for HAL_GPIO_Init
[...]
    .ARM.Collect$$libinit$$00000013          0x0800017e   Section        0  libinit2.o(.ARM.Collect$$libinit$$00000013)
    .ARM.Collect$$libinit$$00000015          0x0800017e   Section        0  libinit2.o(.ARM.Collect$$libinit$$00000015)
    .ARM.Collect$$libinit$$00000017          0x0800017e   Section        0  libinit2.o(.ARM.Collect$$libinit$$00000017)
    .ARM.Collect$$libinit$$00000018          0x0800017e   Section       10  libinit2.o(.ARM.Collect$$libinit$$00000018)
    .ARM.Collect$$libinit$$00000019          0x08000188   Section        0  libinit2.o(.ARM.Collect$$libinit$$00000019)
    .ARM.Collect$$libinit$$0000001B          0x08000188   Section        0  libinit2.o(.ARM.Collect$$libinit$$0000001B)
    .ARM.Collect$$libinit$$0000001D          0x08000188   Section        0  libinit2.o(.ARM.Collect$$libinit$$0000001D)
    .ARM.Collect$$libinit$$0000001F          0x08000188   Section        0  libinit2.o(.ARM.Collect$$libinit$$0000001F)
    .ARM.Collect$$libinit$$00000021          0x08000188   Section        0  libinit2.o(.ARM.Collect$$libinit$$00000021)
    .ARM.Collect$$libinit$$00000023          0x08000188   Section        0  libinit2.o(.ARM.Collect$$libinit$$00000023)
    .ARM.Collect$$libinit$$00000025          0x08000188   Section        0  libinit2.o(.ARM.Collect$$libinit$$00000025)
    .ARM.Collect$$libinit$$00000027          0x08000188   Section        0  libinit2.o(.ARM.Collect$$libinit$$00000027)
    .ARM.Collect$$libinit$$0000002E          0x08000188   Section        0  libinit2.o(.ARM.Collect$$libinit$$0000002E)
    .ARM.Collect$$libinit$$00000030          0x08000188   Section        0  libinit2.o(.ARM.Collect$$libinit$$00000030)
    .ARM.Collect$$libinit$$00000032          0x08000188   Section        0  libinit2.o(.ARM.Collect$$libinit$$00000032)
    .ARM.Collect$$libinit$$00000034          0x08000188   Section        0  libinit2.o(.ARM.Collect$$libinit$$00000034)
    .ARM.Collect$$libinit$$00000035          0x08000188   Section        2  libinit2.o(.ARM.Collect$$libinit$$00000035)
    .ARM.Collect$$libshutdown$$00000000      0x0800018a   Section        2  libshutdown.o(.ARM.Collect$$libshutdown$$00000000)
    .ARM.Collect$$libshutdown$$00000002      0x0800018c   Section        0  libshutdown2.o(.ARM.Collect$$libshutdown$$00000002)
    .ARM.Collect$$libshutdown$$00000004      0x0800018c   Section        0  libshutdown2.o(.ARM.Collect$$libshutdown$$00000004)
    .ARM.Collect$$libshutdown$$00000007      0x0800018c   Section        0  libshutdown2.o(.ARM.Collect$$libshutdown$$00000007)
    .ARM.Collect$$libshutdown$$0000000A      0x0800018c   Section        0  libshutdown2.o(.ARM.Collect$$libshutdown$$0000000A)
    .ARM.Collect$$libshutdown$$0000000C      0x0800018c   Section        0  libshutdown2.o(.ARM.Collect$$libshutdown$$0000000C)
    .ARM.Collect$$libshutdown$$0000000F      0x0800018c   Section        0  libshutdown2.o(.ARM.Collect$$libshutdown$$0000000F)
    .ARM.Collect$$libshutdown$$00000010      0x0800018c   Section        2  libshutdown2.o(.ARM.Collect$$libshutdown$$00000010)
    .ARM.Collect$$rtentry$$00000000          0x0800018e   Section        0  __rtentry.o(.ARM.Collect$$rtentry$$00000000)
    .ARM.Collect$$rtentry$$00000002          0x0800018e   Section        0  __rtentry2.o(.ARM.Collect$$rtentry$$00000002)
    .ARM.Collect$$rtentry$$00000004          0x0800018e   Section        6  __rtentry4.o(.ARM.Collect$$rtentry$$00000004)
    .ARM.Collect$$rtentry$$00000009          0x08000194   Section        0  __rtentry2.o(.ARM.Collect$$rtentry$$00000009)
    .ARM.Collect$$rtentry$$0000000A          0x08000194   Section        4  __rtentry2.o(.ARM.Collect$$rtentry$$0000000A)
    .ARM.Collect$$rtentry$$0000000C          0x08000198   Section        0  __rtentry2.o(.ARM.Collect$$rtentry$$0000000C)
    .ARM.Collect$$rtentry$$0000000D          0x08000198   Section        8  __rtentry2.o(.ARM.Collect$$rtentry$$0000000D)
    .ARM.Collect$$rtexit$$00000000           0x080001a0   Section        2  rtexit.o(.ARM.Collect$$rtexit$$00000000)
    .ARM.Collect$$rtexit$$00000002           0x080001a2   Section        0  rtexit2.o(.ARM.Collect$$rtexit$$00000002)
    .ARM.Collect$$rtexit$$00000003           0x080001a2   Section        4  rtexit2.o(.ARM.Collect$$rtexit$$00000003)
    .ARM.Collect$$rtexit$$00000004           0x080001a6   Section        6  rtexit2.o(.ARM.Collect$$rtexit$$00000004)
    .text                                    0x080001ac   Section       64  startup_stm32f103xb.o(.text)
    .text                                    0x080001ec   Section        0  __2sprintf.o(.text)
    .text                                    0x08000218   Section        0  _printf_str.o(.text)
    .text                                    0x0800026c   Section        0  _printf_dec.o(.text)
    .text                                    0x080002e4   Section        0  __printf_flags_ss_wp.o(.text)
    .text                                    0x0800046c   Section       78  rt_memclr_w.o(.text)
    .text                                    0x080004bc   Section      128  strcmpv7m.o(.text)
    .text                                    0x0800053c   Section        0  heapauxi.o(.text)
    .text                                    0x08000542   Section        0  _printf_intcommon.o(.text)
    _fp_digits                               0x080005f5   Thumb Code   432  _printf_fp_dec.o(.text)
    .text                                    0x080005f4   Section        0  _printf_fp_dec.o(.text)
    _printf_input_char                       0x08000a11   Thumb Code    10  _printf_char_common.o(.text)
    .text                                    0x08000a10   Section        0  _printf_char_common.o(.text)
    .text                                    0x08000a40   Section        0  _sputc.o(.text)
    .text                                    0x08000a4a   Section        0  _printf_char.o(.text)
    .text                                    0x08000a78   Section        8  rt_locale_intlibspace.o(.text)
    .text                                    0x08000a80   Section      138  lludiv10.o(.text)
    .text                                    0x08000b0c   Section        0  _printf_fp_infnan.o(.text)
    .text                                    0x08000b8c   Section        0  bigflt0.o(.text)
    .text                                    0x08000c70   Section        8  libspace.o(.text)
    .text                                    0x08000c78   Section       74  sys_stackheap_outer.o(.text)
    .text                                    0x08000cc2   Section        0  exit.o(.text)
    .text                                    0x08000cd4   Section        0  sys_exit.o(.text)
    .text                                    0x08000ce0   Section        2  use_no_semi.o(.text)
    .text                                    0x08000ce2   Section        0  indicate_semi.o(.text)
    [Anonymous Symbol]                       0x08000ce4   Section        0  stm32f1xx_hal_adc.o(.text.ADC_Enable)
    [Anonymous Symbol]                       0x08000d9c   Section        0  stm32f1xx_it.o(.text.BusFault_Handler)
    [Anonymous Symbol]                       0x08000da0   Section        0  stm32f1xx_it.o(.text.DebugMon_Handler)
    [Anonymous Symbol]                       0x08000da4   Section        0  main.o(.text.Error_Handler)
    [Anonymous Symbol]                       0x08000db0   Section        0  stm32f1xx_hal_adc.o(.text.HAL_ADC_ConfigChannel)
    [Anonymous Symbol]                       0x08000f3c   Section        0  stm32f1xx_hal_adc.o(.text.HAL_ADC_GetValue)
    [Anonymous Symbol]                       0x08000f44   Section        0  stm32f1xx_hal_adc.o(.text.HAL_ADC_Init)
    [Anonymous Symbol]                       0x080010a0   Section        0  adc.o(.text.HAL_ADC_MspInit)
    [Anonymous Symbol]                       0x08001104   Section        0  stm32f1xx_hal_adc.o(.text.HAL_ADC_PollForConversion)
    [Anonymous Symbol]                       0x0800136c   Section        0  stm32f1xx_hal_adc.o(.text.HAL_ADC_Start)
    [Anonymous Symbol]                       0x08001438   Section        0  stm32f1xx_hal_adc.o(.text.HAL_ADC_Stop)
    [Anonymous Symbol]                       0x080014b8   Section        0  stm32f1xx_hal.o(.text.HAL_Delay)
    [Anonymous Symbol]                       0x080014e0   Section        0  stm32f1xx_hal_gpio.o(.text.HAL_GPIO_Init)
    [Anonymous Symbol]                       0x080016fc   Section        0  stm32f1xx_hal_gpio.o(.text.HAL_GPIO_WritePin)
    [Anonymous Symbol]                       0x08001708   Section        0  stm32f1xx_hal.o(.text.HAL_GetTick)
    [Anonymous Symbol]                       0x08001714   Section        0  stm32f1xx_hal_i2c.o(.text.HAL_I2C_Init)
    [Anonymous Symbol]                       0x0800188c   Section        0  stm32f1xx_hal_i2c.o(.text.HAL_I2C_Master_Receive)
    [Anonymous Symbol]                       0x08001c88   Section        0  stm32f1xx_hal_i2c.o(.text.HAL_I2C_Master_Transmit)
    [Anonymous Symbol]                       0x08001e5c   Section        0  i2c.o(.text.HAL_I2C_MspInit)
    [Anonymous Symbol]                       0x08001ec0   Section        0  stm32f1xx_hal.o(.text.HAL_IncTick)
    [Anonymous Symbol]                       0x08001edc   Section        0  stm32f1xx_hal.o(.text.HAL_Init)
    [Anonymous Symbol]                       0x08001f04   Section        0  stm32f1xx_hal.o(.text.HAL_InitTick)
    [Anonymous Symbol]                       0x08001f4c   Section        0  stm32f1xx_hal_msp.o(.text.HAL_MspInit)
    [Anonymous Symbol]                       0x08001f90   Section        0  stm32f1xx_hal_cortex.o(.text.HAL_NVIC_SetPriority)
    [Anonymous Symbol]                       0x08001fe8   Section        0  stm32f1xx_hal_cortex.o(.text.HAL_NVIC_SetPriorityGrouping)
    [Anonymous Symbol]                       0x08002008   Section        0  stm32f1xx_hal_rcc_ex.o(.text.HAL_RCCEx_GetPeriphCLKFreq)
    HAL_RCCEx_GetPeriphCLKFreq.aPLLMULFactorTable 0x080020e4   Number         0  stm32f1xx_hal_rcc_ex.o(.text.HAL_RCCEx_GetPeriphCLKFreq)
    HAL_RCCEx_GetPeriphCLKFreq.aPredivFactorTable 0x080020f4   Number         0  stm32f1xx_hal_rcc_ex.o(.text.HAL_RCCEx_GetPeriphCLKFreq)
    [Anonymous Symbol]                       0x080020f8   Section        0  stm32f1xx_hal_rcc_ex.o(.text.HAL_RCCEx_PeriphCLKConfig)
    [Anonymous Symbol]                       0x08002204   Section        0  stm32f1xx_hal_rcc.o(.text.HAL_RCC_ClockConfig)
    [Anonymous Symbol]                       0x080023c4   Section        0  stm32f1xx_hal_rcc.o(.text.HAL_RCC_GetPCLK1Freq)
    [Anonymous Symbol]                       0x080023ec   Section        0  stm32f1xx_hal_rcc.o(.text.HAL_RCC_GetPCLK2Freq)
    [Anonymous Symbol]                       0x08002414   Section        0  stm32f1xx_hal_rcc.o(.text.HAL_RCC_OscConfig)
    [Anonymous Symbol]                       0x080027c8   Section        0  stm32f1xx_hal_cortex.o(.text.HAL_SYSTICK_Config)
    [Anonymous Symbol]                       0x080027f4   Section        0  stm32f1xx_hal_uart.o(.text.HAL_UART_Init)
    [Anonymous Symbol]                       0x080028d8   Section        0  usart.o(.text.HAL_UART_MspInit)
    [Anonymous Symbol]                       0x08002954   Section        0  stm32f1xx_hal_uart.o(.text.HAL_UART_Transmit)
    [Anonymous Symbol]                       0x08002bcc   Section        0  stm32f1xx_it.o(.text.HardFault_Handler)
    I2C_WaitOnBTFFlagUntilTimeout            0x08002bd1   Thumb Code   190  stm32f1xx_hal_i2c.o(.text.I2C_WaitOnBTFFlagUntilTimeout)
    [Anonymous Symbol]                       0x08002bd0   Section        0  stm32f1xx_hal_i2c.o(.text.I2C_WaitOnBTFFlagUntilTimeout)
    I2C_WaitOnFlagUntilTimeout               0x08002c91   Thumb Code   466  stm32f1xx_hal_i2c.o(.text.I2C_WaitOnFlagUntilTimeout)
    [Anonymous Symbol]                       0x08002c90   Section        0  stm32f1xx_hal_i2c.o(.text.I2C_WaitOnFlagUntilTimeout)
    I2C_WaitOnMasterAddressFlagUntilTimeout  0x08002e65   Thumb Code   224  stm32f1xx_hal_i2c.o(.text.I2C_WaitOnMasterAddressFlagUntilTimeout)
    [Anonymous Symbol]                       0x08002e64   Section        0  stm32f1xx_hal_i2c.o(.text.I2C_WaitOnMasterAddressFlagUntilTimeout)
    I2C_WaitOnRXNEFlagUntilTimeout           0x08002f45   Thumb Code   144  stm32f1xx_hal_i2c.o(.text.I2C_WaitOnRXNEFlagUntilTimeout)
    [Anonymous Symbol]                       0x08002f44   Section        0  stm32f1xx_hal_i2c.o(.text.I2C_WaitOnRXNEFlagUntilTimeout)
    I2C_WaitOnTXEFlagUntilTimeout            0x08002fd5   Thumb Code   190  stm32f1xx_hal_i2c.o(.text.I2C_WaitOnTXEFlagUntilTimeout)
    [Anonymous Symbol]                       0x08002fd4   Section        0  stm32f1xx_hal_i2c.o(.text.I2C_WaitOnTXEFlagUntilTimeout)
    [Anonymous Symbol]                       0x08003094   Section        0  adc.o(.text.MX_ADC1_Init)
    [Anonymous Symbol]                       0x080030ec   Section        0  gpio.o(.text.MX_GPIO_Init)
    [Anonymous Symbol]                       0x08003188   Section        0  i2c.o(.text.MX_I2C1_Init)
    [Anonymous Symbol]                       0x080031cc   Section        0  usart.o(.text.MX_USART1_UART_Init)
    [Anonymous Symbol]                       0x08003208   Section        0  stm32f1xx_it.o(.text.MemManage_Handler)
    [Anonymous Symbol]                       0x0800320c   Section        0  stm32f1xx_it.o(.text.NMI_Handler)
    [Anonymous Symbol]                       0x08003210   Section        0  oled.o(.text.OLED_Clear)
    [Anonymous Symbol]                       0x08003224   Section        0  oled.o(.text.OLED_DrawCircle)
    [Anonymous Symbol]                       0x08003a24   Section        0  oled.o(.text.OLED_I2C_SendByte)
    [Anonymous Symbol]                       0x08003b50   Section        0  oled.o(.text.OLED_Init)
    [Anonymous Symbol]                       0x08003c58   Section        0  oled.o(.text.OLED_ShowChar)
    [Anonymous Symbol]                       0x08003ca8   Section        0  oled.o(.text.OLED_ShowFloatNum)
    [Anonymous Symbol]                       0x08003e60   Section        0  oled.o(.text.OLED_ShowImage)
    [Anonymous Symbol]                       0x08003ff4   Section        0  oled.o(.text.OLED_ShowNum)
    [Anonymous Symbol]                       0x08004180   Section        0  oled.o(.text.OLED_ShowString)
    [Anonymous Symbol]                       0x0800420c   Section        0  oled.o(.text.OLED_Update)
    [Anonymous Symbol]                       0x080042f8   Section        0  oled.o(.text.OLED_WriteCommand)
    [Anonymous Symbol]                       0x08004368   Section        0  oled.o(.text.OLED_WriteData)
    [Anonymous Symbol]                       0x080043e8   Section        0  stm32f1xx_it.o(.text.PendSV_Handler)
    [Anonymous Symbol]                       0x080043ec   Section        0  stm32f1xx_it.o(.text.SVC_Handler)
    [Anonymous Symbol]                       0x080043f0   Section        0  stm32f1xx_it.o(.text.SysTick_Handler)
    [Anonymous Symbol]                       0x080043f4   Section        0  system_stm32f1xx.o(.text.SystemInit)
    [Anonymous Symbol]                       0x080043f8   Section        0  stm32f1xx_it.o(.text.UsageFault_Handler)
    _perform_measurements                    0x080043fd   Thumb Code   568  shtc3.o(.text._perform_measurements)
    [Anonymous Symbol]                       0x080043fc   Section        0  shtc3.o(.text._perform_measurements)
    [Anonymous Symbol]                       0x08004634   Section        0  main.o(.text.main)
    [Anonymous Symbol]                       0x08004a9c   Section        0  sgp30.o(.text.sgp30_init)
    [Anonymous Symbol]                       0x08004afc   Section        0  sgp30.o(.text.sgp30_read)
    [Anonymous Symbol]                       0x08004c54   Section        0  shtc3.o(.text.shtc3_perform_measurements)
    [Anonymous Symbol]                       0x08004c60   Section        0  shtc3.o(.text.shtc3_read_id)
    CL$$btod_d2e                             0x08004cc6   Section       62  btod.o(CL$$btod_d2e)
    CL$$btod_d2e_denorm_low                  0x08004d04   Section       70  btod.o(CL$$btod_d2e_denorm_low)
    CL$$btod_d2e_norm_op1                    0x08004d4a   Section       96  btod.o(CL$$btod_d2e_norm_op1)
    CL$$btod_div_common                      0x08004dac   Section      824  btod.o(CL$$btod_div_common)
    CL$$btod_e2e                             0x080050e4   Section      220  btod.o(CL$$btod_e2e)
    CL$$btod_ediv                            0x080051c0   Section       42  btod.o(CL$$btod_ediv)
    CL$$btod_emul                            0x080051ea   Section       42  btod.o(CL$$btod_emul)
    CL$$btod_mult_common                     0x08005214   Section      580  btod.o(CL$$btod_mult_common)
    i.__ARM_fpclassify                       0x08005458   Section        0  fpclassify.o(i.__ARM_fpclassify)
    i._is_digit                              0x08005480   Section        0  __printf_wp.o(i._is_digit)
    i.round                                  0x08005490   Section        0  round.o(i.round)
    locale$$code                             0x08005524   Section       44  lc_numeric_c.o(locale$$code)
    x$fpl$d2f                                0x08005550   Section       98  d2f.o(x$fpl$d2f)
    x$fpl$dadd                               0x080055b4   Section      336  daddsub_clz.o(x$fpl$dadd)
    _dadd1                                   0x080055c5   Thumb Code     0  daddsub_clz.o(x$fpl$dadd)
    x$fpl$dcmpinf                            0x08005704   Section       24  dcmpi.o(x$fpl$dcmpinf)
    x$fpl$ddiv                               0x0800571c   Section      692  ddiv.o(x$fpl$ddiv)
    ddiv_entry                               0x08005723   Thumb Code     0  ddiv.o(x$fpl$ddiv)
    x$fpl$deqf                               0x080059d0   Section      120  deqf.o(x$fpl$deqf)
    x$fpl$dfixu                              0x08005a48   Section       90  dfixu.o(x$fpl$dfixu)
    x$fpl$dflt                               0x08005aa2   Section       46  dflt_clz.o(x$fpl$dflt)
    x$fpl$dfltu                              0x08005ad0   Section       38  dflt_clz.o(x$fpl$dfltu)
    x$fpl$dgeqf                              0x08005af8   Section      120  dgeqf.o(x$fpl$dgeqf)
    x$fpl$dleqf                              0x08005b70   Section      120  dleqf.o(x$fpl$dleqf)
    x$fpl$dmul                               0x08005be8   Section      340  dmul.o(x$fpl$dmul)
    x$fpl$dnaninf                            0x08005d3c   Section      156  dnaninf.o(x$fpl$dnaninf)
    x$fpl$dretinf                            0x08005dd8   Section       12  dretinf.o(x$fpl$dretinf)
    x$fpl$drleqf                             0x08005de4   Section      108  drleqf.o(x$fpl$drleqf)
    x$fpl$drnd                               0x08005e50   Section      180  drnd.o(x$fpl$drnd)
    x$fpl$drsb                               0x08005f04   Section       22  daddsub_clz.o(x$fpl$drsb)
    x$fpl$dsub                               0x08005f1c   Section      476  daddsub_clz.o(x$fpl$dsub)
    _dsub1                                   0x08005f2d   Thumb Code     0  daddsub_clz.o(x$fpl$dsub)
    x$fpl$f2d                                0x080060f8   Section       86  f2d.o(x$fpl$f2d)
    x$fpl$fcmp                               0x0800614e   Section       84  dcmp.o(x$fpl$fcmp)
    x$fpl$fcmp                               0x080061a2   Section       84  fcmp.o(x$fpl$fcmp)
    x$fpl$fcmpinf                            0x080061f6   Section       24  fcmpi.o(x$fpl$fcmpinf)
    x$fpl$feqf                               0x08006210   Section      104  feqf.o(x$fpl$feqf)
    x$fpl$fgeqf                              0x08006278   Section      104  fgeqf.o(x$fpl$fgeqf)
    x$fpl$fleqf                              0x080062e0   Section      104  fleqf.o(x$fpl$fleqf)
    x$fpl$fnaninf                            0x08006348   Section      140  fnaninf.o(x$fpl$fnaninf)
    x$fpl$fretinf                            0x080063d4   Section       10  fretinf.o(x$fpl$fretinf)
    x$fpl$printf1                            0x080063de   Section        4  printf1.o(x$fpl$printf1)
    maptable                                 0x080063e2   Data          17  __printf_flags_ss_wp.o(.constdata)
    .constdata                               0x080063e2   Section       17  __printf_flags_ss_wp.o(.constdata)
    x$fpl$usenofp                            0x080063e2   Section        0  usenofp.o(x$fpl$usenofp)
    tenpwrs_x                                0x080063f4   Data          60  bigflt0.o(.constdata)
    .constdata                               0x080063f4   Section      148  bigflt0.o(.constdata)
    tenpwrs_i                                0x08006430   Data          64  bigflt0.o(.constdata)
    HAL_RCC_GetSysClockFreq.aPredivFactorTable 0x080064a0   Data           2  stm32f1xx_hal_rcc.o(.rodata.HAL_RCC_GetSysClockFreq.aPredivFactorTable)
    [Anonymous Symbol]                       0x080064a0   Section        0  stm32f1xx_hal_rcc.o(.rodata.HAL_RCC_GetSysClockFreq.aPredivFactorTable)
    HAL_RCC_GetSysClockFreq.aPLLMULFactorTable 0x08006ccc   Data          16  stm32f1xx_hal_rcc.o(.rodata.cst16)
    [Anonymous Symbol]                       0x08006ccc   Section        0  stm32f1xx_hal_rcc.o(.rodata.cst16)
    .L.str.12                                0x08006cdc   Data          77  main.o(.rodata.str1.1)
    [Anonymous Symbol]                       0x08006cdc   Section        0  main.o(.rodata.str1.1)
    .L.str.2                                 0x08006d29   Data           7  main.o(.rodata.str1.1)
    .L.str.6                                 0x08006d30   Data           5  main.o(.rodata.str1.1)
    .L.str.7                                 0x08006d35   Data           6  main.o(.rodata.str1.1)
    .L.str.3                                 0x08006d3b   Data           7  main.o(.rodata.str1.1)
    .L.str.4                                 0x08006d42   Data           7  main.o(.rodata.str1.1)
    .L.str.11                                0x08006d49   Data           4  main.o(.rodata.str1.1)
    .L.str.10                                0x08006d4d   Data           3  main.o(.rodata.str1.1)
    .L.str.9                                 0x08006d50   Data           4  main.o(.rodata.str1.1)
    .L.str.8                                 0x08006d54   Data           4  main.o(.rodata.str1.1)
    .L.str.5                                 0x08006d58   Data           3  main.o(.rodata.str1.1)
    locale$$data                             0x08006d7c   Section       28  lc_numeric_c.o(locale$$data)
    __lcnum_c_name                           0x08006d80   Data           2  lc_numeric_c.o(locale$$data)
    __lcnum_c_start                          0x08006d88   Data           0  lc_numeric_c.o(locale$$data)
    __lcnum_c_point                          0x08006d94   Data           0  lc_numeric_c.o(locale$$data)
    __lcnum_c_thousands                      0x08006d96   Data           0  lc_numeric_c.o(locale$$data)
    __lcnum_c_grouping                       0x08006d97   Data           0  lc_numeric_c.o(locale$$data)
    __lcnum_c_end                            0x08006d98   Data           0  lc_numeric_c.o(locale$$data)
    .L_MergedGlobals                         0x20000000   Data           4  oled.o(.data..L_MergedGlobals)
    [Anonymous Symbol]                       0x20000000   Section        0  oled.o(.data..L_MergedGlobals)
    .L_MergedGlobals                         0x20000004   Data           8  stm32f1xx_hal.o(.data..L_MergedGlobals)
    [Anonymous Symbol]                       0x20000004   Section        0  stm32f1xx_hal.o(.data..L_MergedGlobals)
    .bss                                     0x20000010   Section       96  libspace.o(.bss)
    Heap_Mem                                 0x20000540   Data         512  startup_stm32f103xb.o(HEAP)
    HEAP                                     0x20000540   Section      512  startup_stm32f103xb.o(HEAP)
    Stack_Mem                                0x20000740   Data        1024  startup_stm32f103xb.o(STACK)
    STACK                                    0x20000740   Section     1024  startup_stm32f103xb.o(STACK)
    __initial_sp                             0x20000b40   Data           0  startup_stm32f103xb.o(STACK)

    Global Symbols

    Symbol Name                              Value     Ov Type        Size  Object(Section)

    BuildAttributes$$THM_ISAv4$P$D$K$B$S$PE$A:L22UL41UL21$X:L11$S22US41US21$IEEE1$IW$~IW$USESV6$~STKCKD$USESV7$~SHL$OTIME$ROPI$IEEEX$EBA8$UX$STANDARDLIB$REQ8$PRES8$EABIv2 0x00000000   Number         0  anon$$obj.o ABSOLUTE
    __fp_init_empty                          0x00000000   Number         0  fpinit_empty.o ABSOLUTE
    _printf_flags                            0x00000000   Number         0  printf_stubs.o ABSOLUTE
    _printf_return_value                     0x00000000   Number         0  printf_stubs.o ABSOLUTE
    _printf_sizespec                         0x00000000   Number         0  printf_stubs.o ABSOLUTE
    _printf_widthprec                        0x00000000   Number         0  printf_stubs.o ABSOLUTE
    __ARM_exceptions_init                     - Undefined Weak Reference
    __alloca_initialize                       - Undefined Weak Reference
    __arm_preinit_                            - Undefined Weak Reference
    __arm_relocate_pie_                       - Undefined Weak Reference
    __cpp_initialize__aeabi_                  - Undefined Weak Reference
    __cxa_finalize                            - Undefined Weak Reference
    __sigvec_lookup                           - Undefined Weak Reference
    _atexit_init                              - Undefined Weak Reference
    _call_atexit_fns                          - Undefined Weak Reference
    _clock_init                               - Undefined Weak Reference
    _fp_trap_init                             - Undefined Weak Reference
    _fp_trap_shutdown                         - Undefined Weak Reference
    _get_lc_collate                           - Undefined Weak Reference
    _get_lc_monetary                          - Undefined Weak Reference
    _get_lc_time                              - Undefined Weak Reference
    _getenv_init                              - Undefined Weak Reference
    _handle_redirection                       - Undefined Weak Reference
    _init_alloc                               - Undefined Weak Reference
    _init_user_alloc                          - Undefined Weak Reference
    _initio                                   - Undefined Weak Reference
    _printf_mbtowc                            - Undefined Weak Reference
    _printf_wc                                - Undefined Weak Reference
    _rand_init                                - Undefined Weak Reference
    _signal_finish                            - Undefined Weak Reference
    _signal_init                              - Undefined Weak Reference
    _terminate_alloc                          - Undefined Weak Reference
    _terminate_user_alloc                     - Undefined Weak Reference
    _terminateio                              - Undefined Weak Reference
    __Vectors_Size                           0x000000ec   Number         0  startup_stm32f103xb.o ABSOLUTE
    __Vectors                                0x08000000   Data           4  startup_stm32f103xb.o(RESET)
    __Vectors_End                            0x080000ec   Data           0  startup_stm32f103xb.o(RESET)
    __main                                   0x080000ed   Thumb Code     8  __main.o(!!!main)
    __scatterload                            0x080000f5   Thumb Code     0  __scatter.o(!!!scatter)
    __scatterload_rt2                        0x080000f5   Thumb Code    44  __scatter.o(!!!scatter)
    __scatterload_rt2_thumb_only             0x080000f5   Thumb Code     0  __scatter.o(!!!scatter)
    __scatterload_null                       0x08000103   Thumb Code     0  __scatter.o(!!!scatter)
    __scatterload_copy                       0x08000129   Thumb Code    26  __scatter_copy.o(!!handler_copy)
    __scatterload_zeroinit                   0x08000145   Thumb Code    28  __scatter_zi.o(!!handler_zi)
    _printf_f                                0x08000161   Thumb Code     0  _printf_f.o(.ARM.Collect$$_printf_percent$$00000003)
    _printf_percent                          0x08000161   Thumb Code     0  _printf_percent.o(.ARM.Collect$$_printf_percent$$00000000)
    _printf_d                                0x08000167   Thumb Code     0  _printf_d.o(.ARM.Collect$$_printf_percent$$00000009)
    _printf_s                                0x0800016d   Thumb Code     0  _printf_s.o(.ARM.Collect$$_printf_percent$$00000014)
    _printf_percent_end                      0x08000173   Thumb Code     0  _printf_percent_end.o(.ARM.Collect$$_printf_percent$$00000017)
    __rt_lib_init                            0x08000177   Thumb Code     0  libinit.o(.ARM.Collect$$libinit$$00000000)
    __rt_lib_init_fp_1                       0x08000179   Thumb Code     0  libinit2.o(.ARM.Collect$$libinit$$00000002)
    __rt_lib_init_heap_1                     0x08000179   Thumb Code     0  libinit2.o(.ARM.Collect$$libinit$$0000000C)
    __rt_lib_init_lc_common                  0x08000179   Thumb Code     0  libinit2.o(.ARM.Collect$$libinit$$00000011)
    __rt_lib_init_preinit_1                  0x08000179   Thumb Code     0  libinit2.o(.ARM.Collect$$libinit$$00000006)
    __rt_lib_init_rand_1                     0x08000179   Thumb Code     0  libinit2.o(.ARM.Collect$$libinit$$00000010)
    __rt_lib_init_relocate_pie_1             0x08000179   Thumb Code     0  libinit2.o(.ARM.Collect$$libinit$$00000004)
    __rt_lib_init_user_alloc_1               0x08000179   Thumb Code     0  libinit2.o(.ARM.Collect$$libinit$$0000000E)
    __rt_lib_init_lc_collate_1               0x0800017f   Thumb Code     0  libinit2.o(.ARM.Collect$$libinit$$00000013)
    __rt_lib_init_lc_ctype_1                 0x0800017f   Thumb Code     0  libinit2.o(.ARM.Collect$$libinit$$00000015)
    __rt_lib_init_lc_monetary_1              0x0800017f   Thumb Code     0  libinit2.o(.ARM.Collect$$libinit$$00000017)
    __rt_lib_init_lc_numeric_2               0x0800017f   Thumb Code     0  libinit2.o(.ARM.Collect$$libinit$$00000018)
    __rt_lib_init_alloca_1                   0x08000189   Thumb Code     0  libinit2.o(.ARM.Collect$$libinit$$00000030)
    __rt_lib_init_argv_1                     0x08000189   Thumb Code     0  libinit2.o(.ARM.Collect$$libinit$$0000002E)
    __rt_lib_init_atexit_1                   0x08000189   Thumb Code     0  libinit2.o(.ARM.Collect$$libinit$$0000001D)
    __rt_lib_init_clock_1                    0x08000189   Thumb Code     0  libinit2.o(.ARM.Collect$$libinit$$00000023)
    __rt_lib_init_cpp_1                      0x08000189   Thumb Code     0  libinit2.o(.ARM.Collect$$libinit$$00000034)
    __rt_lib_init_exceptions_1               0x08000189   Thumb Code     0  libinit2.o(.ARM.Collect$$libinit$$00000032)
    __rt_lib_init_fp_trap_1                  0x08000189   Thumb Code     0  libinit2.o(.ARM.Collect$$libinit$$00000021)
    __rt_lib_init_getenv_1                   0x08000189   Thumb Code     0  libinit2.o(.ARM.Collect$$libinit$$00000025)
    __rt_lib_init_lc_numeric_1               0x08000189   Thumb Code     0  libinit2.o(.ARM.Collect$$libinit$$00000019)
    __rt_lib_init_lc_time_1                  0x08000189   Thumb Code     0  libinit2.o(.ARM.Collect$$libinit$$0000001B)
    __rt_lib_init_return                     0x08000189   Thumb Code     0  libinit2.o(.ARM.Collect$$libinit$$00000035)
    __rt_lib_init_signal_1                   0x08000189   Thumb Code     0  libinit2.o(.ARM.Collect$$libinit$$0000001F)
    __rt_lib_init_stdio_1                    0x08000189   Thumb Code     0  libinit2.o(.ARM.Collect$$libinit$$00000027)
    __rt_lib_shutdown                        0x0800018b   Thumb Code     0  libshutdown.o(.ARM.Collect$$libshutdown$$00000000)
    __rt_lib_shutdown_cpp_1                  0x0800018d   Thumb Code     0  libshutdown2.o(.ARM.Collect$$libshutdown$$00000002)
    __rt_lib_shutdown_fp_trap_1              0x0800018d   Thumb Code     0  libshutdown2.o(.ARM.Collect$$libshutdown$$00000007)
    __rt_lib_shutdown_heap_1                 0x0800018d   Thumb Code     0  libshutdown2.o(.ARM.Collect$$libshutdown$$0000000F)
    __rt_lib_shutdown_return                 0x0800018d   Thumb Code     0  libshutdown2.o(.ARM.Collect$$libshutdown$$00000010)
    __rt_lib_shutdown_signal_1               0x0800018d   Thumb Code     0  libshutdown2.o(.ARM.Collect$$libshutdown$$0000000A)
    __rt_lib_shutdown_stdio_1                0x0800018d   Thumb Code     0  libshutdown2.o(.ARM.Collect$$libshutdown$$00000004)
    __rt_lib_shutdown_user_alloc_1           0x0800018d   Thumb Code     0  libshutdown2.o(.ARM.Collect$$libshutdown$$0000000C)
    __rt_entry                               0x0800018f   Thumb Code     0  __rtentry.o(.ARM.Collect$$rtentry$$00000000)
    __rt_entry_presh_1                       0x0800018f   Thumb Code     0  __rtentry2.o(.ARM.Collect$$rtentry$$00000002)
    __rt_entry_sh                            0x0800018f   Thumb Code     0  __rtentry4.o(.ARM.Collect$$rtentry$$00000004)
    __rt_entry_li                            0x08000195   Thumb Code     0  __rtentry2.o(.ARM.Collect$$rtentry$$0000000A)
    __rt_entry_postsh_1                      0x08000195   Thumb Code     0  __rtentry2.o(.ARM.Collect$$rtentry$$00000009)
    __rt_entry_main                          0x08000199   Thumb Code     0  __rtentry2.o(.ARM.Collect$$rtentry$$0000000D)
    __rt_entry_postli_1                      0x08000199   Thumb Code     0  __rtentry2.o(.ARM.Collect$$rtentry$$0000000C)
    __rt_exit                                0x080001a1   Thumb Code     0  rtexit.o(.ARM.Collect$$rtexit$$00000000)
    __rt_exit_ls                             0x080001a3   Thumb Code     0  rtexit2.o(.ARM.Collect$$rtexit$$00000003)
    __rt_exit_prels_1                        0x080001a3   Thumb Code     0  rtexit2.o(.ARM.Collect$$rtexit$$00000002)
    __rt_exit_exit                           0x080001a7   Thumb Code     0  rtexit2.o(.ARM.Collect$$rtexit$$00000004)
    Reset_Handler                            0x080001ad   Thumb Code     8  startup_stm32f103xb.o(.text)
    ADC1_2_IRQHandler                        0x080001c7   Thumb Code     0  startup_stm32f103xb.o(.text)
    CAN1_RX1_IRQHandler                      0x080001c7   Thumb Code     0  startup_stm32f103xb.o(.text)
    CAN1_SCE_IRQHandler                      0x080001c7   Thumb Code     0  startup_stm32f103xb.o(.text)
    DMA1_Channel1_IRQHandler                 0x080001c7   Thumb Code     0  startup_stm32f103xb.o(.text)
    DMA1_Channel2_IRQHandler                 0x080001c7   Thumb Code     0  startup_stm32f103xb.o(.text)
    DMA1_Channel3_IRQHandler                 0x080001c7   Thumb Code     0  startup_stm32f103xb.o(.text)
    DMA1_Channel4_IRQHandler                 0x080001c7   Thumb Code     0  startup_stm32f103xb.o(.text)
    DMA1_Channel5_IRQHandler                 0x080001c7   Thumb Code     0  startup_stm32f103xb.o(.text)
    DMA1_Channel6_IRQHandler                 0x080001c7   Thumb Code     0  startup_stm32f103xb.o(.text)
    DMA1_Channel7_IRQHandler                 0x080001c7   Thumb Code     0  startup_stm32f103xb.o(.text)
    EXTI0_IRQHandler                         0x080001c7   Thumb Code     0  startup_stm32f103xb.o(.text)
    EXTI15_10_IRQHandler                     0x080001c7   Thumb Code     0  startup_stm32f103xb.o(.text)
    EXTI1_IRQHandler                         0x080001c7   Thumb Code     0  startup_stm32f103xb.o(.text)
    EXTI2_IRQHandler                         0x080001c7   Thumb Code     0  startup_stm32f103xb.o(.text)
    EXTI3_IRQHandler                         0x080001c7   Thumb Code     0  startup_stm32f103xb.o(.text)
    EXTI4_IRQHandler                         0x080001c7   Thumb Code     0  startup_stm32f103xb.o(.text)
    EXTI9_5_IRQHandler                       0x080001c7   Thumb Code     0  startup_stm32f103xb.o(.text)
    FLASH_IRQHandler                         0x080001c7   Thumb Code     0  startup_stm32f103xb.o(.text)
    I2C1_ER_IRQHandler                       0x080001c7   Thumb Code     0  startup_stm32f103xb.o(.text)
    I2C1_EV_IRQHandler                       0x080001c7   Thumb Code     0  startup_stm32f103xb.o(.text)
    I2C2_ER_IRQHandler                       0x080001c7   Thumb Code     0  startup_stm32f103xb.o(.text)
    I2C2_EV_IRQHandler                       0x080001c7   Thumb Code     0  startup_stm32f103xb.o(.text)
    PVD_IRQHandler                           0x080001c7   Thumb Code     0  startup_stm32f103xb.o(.text)
    RCC_IRQHandler                           0x080001c7   Thumb Code     0  startup_stm32f103xb.o(.text)
    RTC_Alarm_IRQHandler                     0x080001c7   Thumb Code     0  startup_stm32f103xb.o(.text)
    RTC_IRQHandler                           0x080001c7   Thumb Code     0  startup_stm32f103xb.o(.text)
    SPI1_IRQHandler                          0x080001c7   Thumb Code     0  startup_stm32f103xb.o(.text)
    SPI2_IRQHandler                          0x080001c7   Thumb Code     0  startup_stm32f103xb.o(.text)
    TAMPER_IRQHandler                        0x080001c7   Thumb Code     0  startup_stm32f103xb.o(.text)
    TIM1_BRK_IRQHandler                      0x080001c7   Thumb Code     0  startup_stm32f103xb.o(.text)
    TIM1_CC_IRQHandler                       0x080001c7   Thumb Code     0  startup_stm32f103xb.o(.text)
    TIM1_TRG_COM_IRQHandler                  0x080001c7   Thumb Code     0  startup_stm32f103xb.o(.text)
    TIM1_UP_IRQHandler                       0x080001c7   Thumb Code     0  startup_stm32f103xb.o(.text)
    TIM2_IRQHandler                          0x080001c7   Thumb Code     0  startup_stm32f103xb.o(.text)
    TIM3_IRQHandler                          0x080001c7   Thumb Code     0  startup_stm32f103xb.o(.text)
    TIM4_IRQHandler                          0x080001c7   Thumb Code     0  startup_stm32f103xb.o(.text)
    USART1_IRQHandler                        0x080001c7   Thumb Code     0  startup_stm32f103xb.o(.text)
    USART2_IRQHandler                        0x080001c7   Thumb Code     0  startup_stm32f103xb.o(.text)
    USART3_IRQHandler                        0x080001c7   Thumb Code     0  startup_stm32f103xb.o(.text)
    USBWakeUp_IRQHandler                     0x080001c7   Thumb Code     0  startup_stm32f103xb.o(.text)
    USB_HP_CAN1_TX_IRQHandler                0x080001c7   Thumb Code     0  startup_stm32f103xb.o(.text)
    USB_LP_CAN1_RX0_IRQHandler               0x080001c7   Thumb Code     0  startup_stm32f103xb.o(.text)
    WWDG_IRQHandler                          0x080001c7   Thumb Code     0  startup_stm32f103xb.o(.text)
    __user_initial_stackheap                 0x080001c9   Thumb Code     0  startup_stm32f103xb.o(.text)
    __2sprintf                               0x080001ed   Thumb Code    38  __2sprintf.o(.text)
    _printf_str                              0x08000219   Thumb Code    82  _printf_str.o(.text)
    _printf_int_dec                          0x0800026d   Thumb Code   104  _printf_dec.o(.text)
    __printf                                 0x080002e5   Thumb Code   388  __printf_flags_ss_wp.o(.text)
    __aeabi_memclr4                          0x0800046d   Thumb Code     0  rt_memclr_w.o(.text)
    __aeabi_memclr8                          0x0800046d   Thumb Code     0  rt_memclr_w.o(.text)
    __rt_memclr_w                            0x0800046d   Thumb Code     0  rt_memclr_w.o(.text)
    _memset_w                                0x08000471   Thumb Code    74  rt_memclr_w.o(.text)
    strcmp                                   0x080004bd   Thumb Code   128  strcmpv7m.o(.text)
    __use_two_region_memory                  0x0800053d   Thumb Code     2  heapauxi.o(.text)
    __rt_heap_escrow$2region                 0x0800053f   Thumb Code     2  heapauxi.o(.text)
    __rt_heap_expand$2region                 0x08000541   Thumb Code     2  heapauxi.o(.text)
    _printf_int_common                       0x08000543   Thumb Code   178  _printf_intcommon.o(.text)
    _printf_fp_dec_real                      0x080007a5   Thumb Code   620  _printf_fp_dec.o(.text)
    _printf_char_common                      0x08000a1b   Thumb Code    32  _printf_char_common.o(.text)
    _sputc                                   0x08000a41   Thumb Code    10  _sputc.o(.text)
    _printf_cs_common                        0x08000a4b   Thumb Code    20  _printf_char.o(.text)
    _printf_char                             0x08000a5f   Thumb Code    16  _printf_char.o(.text)
    _printf_string                           0x08000a6f   Thumb Code     8  _printf_char.o(.text)
    __rt_locale                              0x08000a79   Thumb Code     8  rt_locale_intlibspace.o(.text)
    _ll_udiv10                               0x08000a81   Thumb Code   138  lludiv10.o(.text)
    _printf_fp_infnan                        0x08000b0d   Thumb Code   112  _printf_fp_infnan.o(.text)
    _btod_etento                             0x08000b8d   Thumb Code   224  bigflt0.o(.text)
    __user_libspace                          0x08000c71   Thumb Code     8  libspace.o(.text)
    __user_perproc_libspace                  0x08000c71   Thumb Code     0  libspace.o(.text)
    __user_perthread_libspace                0x08000c71   Thumb Code     0  libspace.o(.text)
    __user_setup_stackheap                   0x08000c79   Thumb Code    74  sys_stackheap_outer.o(.text)
    exit                                     0x08000cc3   Thumb Code    18  exit.o(.text)
    _sys_exit                                0x08000cd5   Thumb Code     8  sys_exit.o(.text)
    __I$use$semihosting                      0x08000ce1   Thumb Code     0  use_no_semi.o(.text)
    __use_no_semihosting_swi                 0x08000ce1   Thumb Code     2  use_no_semi.o(.text)
    __semihosting_library_function           0x08000ce3   Thumb Code     0  indicate_semi.o(.text)
    ADC_Enable                               0x08000ce5   Thumb Code   182  stm32f1xx_hal_adc.o(.text.ADC_Enable)
    BusFault_Handler                         0x08000d9d   Thumb Code     2  stm32f1xx_it.o(.text.BusFault_Handler)
    DebugMon_Handler                         0x08000da1   Thumb Code     2  stm32f1xx_it.o(.text.DebugMon_Handler)
    Error_Handler                            0x08000da5   Thumb Code    10  main.o(.text.Error_Handler)
    HAL_ADC_ConfigChannel                    0x08000db1   Thumb Code   396  stm32f1xx_hal_adc.o(.text.HAL_ADC_ConfigChannel)
    HAL_ADC_GetValue                         0x08000f3d   Thumb Code     6  stm32f1xx_hal_adc.o(.text.HAL_ADC_GetValue)
    HAL_ADC_Init                             0x08000f45   Thumb Code   348  stm32f1xx_hal_adc.o(.text.HAL_ADC_Init)
    HAL_ADC_MspInit                          0x080010a1   Thumb Code    98  adc.o(.text.HAL_ADC_MspInit)
    HAL_ADC_PollForConversion                0x08001105   Thumb Code   616  stm32f1xx_hal_adc.o(.text.HAL_ADC_PollForConversion)
    HAL_ADC_Start                            0x0800136d   Thumb Code   204  stm32f1xx_hal_adc.o(.text.HAL_ADC_Start)
    HAL_ADC_Stop                             0x08001439   Thumb Code   126  stm32f1xx_hal_adc.o(.text.HAL_ADC_Stop)
    HAL_Delay                                0x080014b9   Thumb Code    40  stm32f1xx_hal.o(.text.HAL_Delay)
    HAL_GPIO_Init                            0x080014e1   Thumb Code   538  stm32f1xx_hal_gpio.o(.text.HAL_GPIO_Init)
    HAL_GPIO_WritePin                        0x080016fd   Thumb Code    10  stm32f1xx_hal_gpio.o(.text.HAL_GPIO_WritePin)
    HAL_GetTick                              0x08001709   Thumb Code    12  stm32f1xx_hal.o(.text.HAL_GetTick)
    HAL_I2C_Init                             0x08001715   Thumb Code   374  stm32f1xx_hal_i2c.o(.text.HAL_I2C_Init)
    HAL_I2C_Master_Receive                   0x0800188d   Thumb Code  1020  stm32f1xx_hal_i2c.o(.text.HAL_I2C_Master_Receive)
    HAL_I2C_Master_Transmit                  0x08001c89   Thumb Code   468  stm32f1xx_hal_i2c.o(.text.HAL_I2C_Master_Transmit)
    HAL_I2C_MspInit                          0x08001e5d   Thumb Code    98  i2c.o(.text.HAL_I2C_MspInit)
    HAL_IncTick                              0x08001ec1   Thumb Code    26  stm32f1xx_hal.o(.text.HAL_IncTick)
    HAL_Init                                 0x08001edd   Thumb Code    38  stm32f1xx_hal.o(.text.HAL_Init)
    HAL_InitTick                             0x08001f05   Thumb Code    72  stm32f1xx_hal.o(.text.HAL_InitTick)
    HAL_MspInit                              0x08001f4d   Thumb Code    66  stm32f1xx_hal_msp.o(.text.HAL_MspInit)
    HAL_NVIC_SetPriority                     0x08001f91   Thumb Code    86  stm32f1xx_hal_cortex.o(.text.HAL_NVIC_SetPriority)
    HAL_NVIC_SetPriorityGrouping             0x08001fe9   Thumb Code    32  stm32f1xx_hal_cortex.o(.text.HAL_NVIC_SetPriorityGrouping)
    HAL_RCCEx_GetPeriphCLKFreq               0x08002009   Thumb Code   220  stm32f1xx_hal_rcc_ex.o(.text.HAL_RCCEx_GetPeriphCLKFreq)
    HAL_RCCEx_PeriphCLKConfig                0x080020f9   Thumb Code   266  stm32f1xx_hal_rcc_ex.o(.text.HAL_RCCEx_PeriphCLKConfig)
    HAL_RCC_ClockConfig                      0x08002205   Thumb Code   446  stm32f1xx_hal_rcc.o(.text.HAL_RCC_ClockConfig)
    HAL_RCC_GetPCLK1Freq                     0x080023c5   Thumb Code    38  stm32f1xx_hal_rcc.o(.text.HAL_RCC_GetPCLK1Freq)
    HAL_RCC_GetPCLK2Freq                     0x080023ed   Thumb Code    38  stm32f1xx_hal_rcc.o(.text.HAL_RCC_GetPCLK2Freq)
    HAL_RCC_OscConfig                        0x08002415   Thumb Code   948  stm32f1xx_hal_rcc.o(.text.HAL_RCC_OscConfig)
    HAL_SYSTICK_Config                       0x080027c9   Thumb Code    44  stm32f1xx_hal_cortex.o(.text.HAL_SYSTICK_Config)
    HAL_UART_Init                            0x080027f5   Thumb Code   226  stm32f1xx_hal_uart.o(.text.HAL_UART_Init)
    HAL_UART_MspInit                         0x080028d9   Thumb Code   122  usart.o(.text.HAL_UART_MspInit)
    HAL_UART_Transmit                        0x08002955   Thumb Code   632  stm32f1xx_hal_uart.o(.text.HAL_UART_Transmit)
    HardFault_Handler                        0x08002bcd   Thumb Code     2  stm32f1xx_it.o(.text.HardFault_Handler)
    MX_ADC1_Init                             0x08003095   Thumb Code    86  adc.o(.text.MX_ADC1_Init)
    MX_GPIO_Init                             0x080030ed   Thumb Code   154  gpio.o(.text.MX_GPIO_Init)
    MX_I2C1_Init                             0x08003189   Thumb Code    66  i2c.o(.text.MX_I2C1_Init)
    MX_USART1_UART_Init                      0x080031cd   Thumb Code    60  usart.o(.text.MX_USART1_UART_Init)
    MemManage_Handler                        0x08003209   Thumb Code     2  stm32f1xx_it.o(.text.MemManage_Handler)
    NMI_Handler                              0x0800320d   Thumb Code     2  stm32f1xx_it.o(.text.NMI_Handler)
    OLED_Clear                               0x08003211   Thumb Code    20  oled.o(.text.OLED_Clear)
    OLED_DrawCircle                          0x08003225   Thumb Code  2046  oled.o(.text.OLED_DrawCircle)
    OLED_I2C_SendByte                        0x08003a25   Thumb Code   298  oled.o(.text.OLED_I2C_SendByte)
    OLED_Init                                0x08003b51   Thumb Code   262  oled.o(.text.OLED_Init)
    OLED_ShowChar                            0x08003c59   Thumb Code    80  oled.o(.text.OLED_ShowChar)
    OLED_ShowFloatNum                        0x08003ca9   Thumb Code   438  oled.o(.text.OLED_ShowFloatNum)
    OLED_ShowImage                           0x08003e61   Thumb Code   402  oled.o(.text.OLED_ShowImage)
    OLED_ShowNum                             0x08003ff5   Thumb Code   394  oled.o(.text.OLED_ShowNum)
    OLED_ShowString                          0x08004181   Thumb Code   138  oled.o(.text.OLED_ShowString)
    OLED_Update                              0x0800420d   Thumb Code   236  oled.o(.text.OLED_Update)
    OLED_WriteCommand                        0x080042f9   Thumb Code   112  oled.o(.text.OLED_WriteCommand)
    OLED_WriteData                           0x08004369   Thumb Code   128  oled.o(.text.OLED_WriteData)
    PendSV_Handler                           0x080043e9   Thumb Code     2  stm32f1xx_it.o(.text.PendSV_Handler)
    SVC_Handler                              0x080043ed   Thumb Code     2  stm32f1xx_it.o(.text.SVC_Handler)
    SysTick_Handler                          0x080043f1   Thumb Code     4  stm32f1xx_it.o(.text.SysTick_Handler)
    SystemInit                               0x080043f5   Thumb Code     2  system_stm32f1xx.o(.text.SystemInit)
    UsageFault_Handler                       0x080043f9   Thumb Code     2  stm32f1xx_it.o(.text.UsageFault_Handler)
    main                                     0x08004635   Thumb Code  1100  main.o(.text.main)
    sgp30_init                               0x08004a9d   Thumb Code    96  sgp30.o(.text.sgp30_init)
    sgp30_read                               0x08004afd   Thumb Code   344  sgp30.o(.text.sgp30_read)
    shtc3_perform_measurements               0x08004c55   Thumb Code    12  shtc3.o(.text.shtc3_perform_measurements)
    shtc3_read_id                            0x08004c61   Thumb Code   102  shtc3.o(.text.shtc3_read_id)
    _btod_d2e                                0x08004cc7   Thumb Code    62  btod.o(CL$$btod_d2e)
    _d2e_denorm_low                          0x08004d05   Thumb Code    70  btod.o(CL$$btod_d2e_denorm_low)
    _d2e_norm_op1                            0x08004d4b   Thumb Code    96  btod.o(CL$$btod_d2e_norm_op1)
    __btod_div_common                        0x08004dad   Thumb Code   696  btod.o(CL$$btod_div_common)
    _e2e                                     0x080050e5   Thumb Code   220  btod.o(CL$$btod_e2e)
    _btod_ediv                               0x080051c1   Thumb Code    42  btod.o(CL$$btod_ediv)
    _btod_emul                               0x080051eb   Thumb Code    42  btod.o(CL$$btod_emul)
    __btod_mult_common                       0x08005215   Thumb Code   580  btod.o(CL$$btod_mult_common)
    __ARM_fpclassify                         0x08005459   Thumb Code    40  fpclassify.o(i.__ARM_fpclassify)
    _is_digit                                0x08005481   Thumb Code    14  __printf_wp.o(i._is_digit)
    round                                    0x08005491   Thumb Code   136  round.o(i.round)
    _get_lc_numeric                          0x08005525   Thumb Code    44  lc_numeric_c.o(locale$$code)
    __aeabi_d2f                              0x08005551   Thumb Code     0  d2f.o(x$fpl$d2f)
    _d2f                                     0x08005551   Thumb Code    98  d2f.o(x$fpl$d2f)
    __aeabi_dadd                             0x080055b5   Thumb Code     0  daddsub_clz.o(x$fpl$dadd)
    _dadd                                    0x080055b5   Thumb Code   332  daddsub_clz.o(x$fpl$dadd)
    __fpl_dcmp_Inf                           0x08005705   Thumb Code    24  dcmpi.o(x$fpl$dcmpinf)
    __aeabi_ddiv                             0x0800571d   Thumb Code     0  ddiv.o(x$fpl$ddiv)
    _ddiv                                    0x0800571d   Thumb Code   556  ddiv.o(x$fpl$ddiv)
    __aeabi_cdcmpeq                          0x080059d1   Thumb Code     0  deqf.o(x$fpl$deqf)
    _dcmpeq                                  0x080059d1   Thumb Code   120  deqf.o(x$fpl$deqf)
    __aeabi_d2uiz                            0x08005a49   Thumb Code     0  dfixu.o(x$fpl$dfixu)
    _dfixu                                   0x08005a49   Thumb Code    90  dfixu.o(x$fpl$dfixu)
    __aeabi_i2d                              0x08005aa3   Thumb Code     0  dflt_clz.o(x$fpl$dflt)
    _dflt                                    0x08005aa3   Thumb Code    46  dflt_clz.o(x$fpl$dflt)
    __aeabi_ui2d                             0x08005ad1   Thumb Code     0  dflt_clz.o(x$fpl$dfltu)
    _dfltu                                   0x08005ad1   Thumb Code    38  dflt_clz.o(x$fpl$dfltu)
    __aeabi_cdcmpge                          0x08005af9   Thumb Code     0  dgeqf.o(x$fpl$dgeqf)
    _dcmpge                                  0x08005af9   Thumb Code   120  dgeqf.o(x$fpl$dgeqf)
    __aeabi_cdcmple                          0x08005b71   Thumb Code     0  dleqf.o(x$fpl$dleqf)
    _dcmple                                  0x08005b71   Thumb Code   120  dleqf.o(x$fpl$dleqf)
    __fpl_dcmple_InfNaN                      0x08005bd3   Thumb Code     0  dleqf.o(x$fpl$dleqf)
    __aeabi_dmul                             0x08005be9   Thumb Code     0  dmul.o(x$fpl$dmul)
    _dmul                                    0x08005be9   Thumb Code   332  dmul.o(x$fpl$dmul)
    __fpl_dnaninf                            0x08005d3d   Thumb Code   156  dnaninf.o(x$fpl$dnaninf)
    __fpl_dretinf                            0x08005dd9   Thumb Code    12  dretinf.o(x$fpl$dretinf)
    __aeabi_cdrcmple                         0x08005de5   Thumb Code     0  drleqf.o(x$fpl$drleqf)
    _drcmple                                 0x08005de5   Thumb Code   108  drleqf.o(x$fpl$drleqf)
    _drnd                                    0x08005e51   Thumb Code   180  drnd.o(x$fpl$drnd)
    __aeabi_drsub                            0x08005f05   Thumb Code     0  daddsub_clz.o(x$fpl$drsb)
    _drsb                                    0x08005f05   Thumb Code    22  daddsub_clz.o(x$fpl$drsb)
    __aeabi_dsub                             0x08005f1d   Thumb Code     0  daddsub_clz.o(x$fpl$dsub)
    _dsub                                    0x08005f1d   Thumb Code   472  daddsub_clz.o(x$fpl$dsub)
    __aeabi_f2d                              0x080060f9   Thumb Code     0  f2d.o(x$fpl$f2d)
    _f2d                                     0x080060f9   Thumb Code    86  f2d.o(x$fpl$f2d)
    __aeabi_dcmpeq                           0x0800614f   Thumb Code     0  dcmp.o(x$fpl$fcmp)
    _deq                                     0x0800614f   Thumb Code    14  dcmp.o(x$fpl$fcmp)
    _dneq                                    0x0800615d   Thumb Code    14  dcmp.o(x$fpl$fcmp)
    __aeabi_dcmpgt                           0x0800616b   Thumb Code     0  dcmp.o(x$fpl$fcmp)
    _dgr                                     0x0800616b   Thumb Code    14  dcmp.o(x$fpl$fcmp)
    __aeabi_dcmpge                           0x08006179   Thumb Code     0  dcmp.o(x$fpl$fcmp)
    _dgeq                                    0x08006179   Thumb Code    14  dcmp.o(x$fpl$fcmp)
    __aeabi_dcmple                           0x08006187   Thumb Code     0  dcmp.o(x$fpl$fcmp)
    _dleq                                    0x08006187   Thumb Code    14  dcmp.o(x$fpl$fcmp)
    __aeabi_dcmplt                           0x08006195   Thumb Code     0  dcmp.o(x$fpl$fcmp)
    _dls                                     0x08006195   Thumb Code    14  dcmp.o(x$fpl$fcmp)
    __aeabi_fcmpeq                           0x080061a3   Thumb Code     0  fcmp.o(x$fpl$fcmp)
    _feq                                     0x080061a3   Thumb Code    14  fcmp.o(x$fpl$fcmp)
    _fneq                                    0x080061b1   Thumb Code    14  fcmp.o(x$fpl$fcmp)
    __aeabi_fcmpgt                           0x080061bf   Thumb Code     0  fcmp.o(x$fpl$fcmp)
    _fgr                                     0x080061bf   Thumb Code    14  fcmp.o(x$fpl$fcmp)
    __aeabi_fcmpge                           0x080061cd   Thumb Code     0  fcmp.o(x$fpl$fcmp)
    _fgeq                                    0x080061cd   Thumb Code    14  fcmp.o(x$fpl$fcmp)
    __aeabi_fcmple                           0x080061db   Thumb Code     0  fcmp.o(x$fpl$fcmp)
    _fleq                                    0x080061db   Thumb Code    14  fcmp.o(x$fpl$fcmp)
    __aeabi_fcmplt                           0x080061e9   Thumb Code     0  fcmp.o(x$fpl$fcmp)
    _fls                                     0x080061e9   Thumb Code    14  fcmp.o(x$fpl$fcmp)
    __fpl_fcmp_Inf                           0x080061f7   Thumb Code    24  fcmpi.o(x$fpl$fcmpinf)
    __aeabi_cfcmpeq                          0x08006211   Thumb Code     0  feqf.o(x$fpl$feqf)
    _fcmpeq                                  0x08006211   Thumb Code   104  feqf.o(x$fpl$feqf)
    _fcmpge                                  0x08006279   Thumb Code   104  fgeqf.o(x$fpl$fgeqf)
    __aeabi_cfcmple                          0x080062e1   Thumb Code     0  fleqf.o(x$fpl$fleqf)
    _fcmple                                  0x080062e1   Thumb Code   104  fleqf.o(x$fpl$fleqf)
    __fpl_fcmple_InfNaN                      0x08006333   Thumb Code     0  fleqf.o(x$fpl$fleqf)
    __fpl_fnaninf                            0x08006349   Thumb Code   140  fnaninf.o(x$fpl$fnaninf)
    __fpl_fretinf                            0x080063d5   Thumb Code    10  fretinf.o(x$fpl$fretinf)
    _printf_fp_dec                           0x080063df   Thumb Code     4  printf1.o(x$fpl$printf1)
    __I$use$fp                               0x080063e2   Number         0  usenofp.o(x$fpl$usenofp)
    AHBPrescTable                            0x08006488   Data          16  system_stm32f1xx.o(.rodata.AHBPrescTable)
    APBPrescTable                            0x08006498   Data           8  system_stm32f1xx.o(.rodata.APBPrescTable)
    OLED_F6x8                                0x080064a2   Data         570  oled_data.o(.rodata.OLED_F6x8)
    OLED_F8x16                               0x080066dc   Data        1520  oled_data.o(.rodata.OLED_F8x16)
    Region$$Table$$Base                      0x08006d5c   Number         0  anon$$obj.o(Region$$Table)
    Region$$Table$$Limit                     0x08006d7c   Number         0  anon$$obj.o(Region$$Table)
    GPIO_SCL_PIN                             0x20000000   Data           2  oled.o(.data..L_MergedGlobals)
    GPIO_SDA_PIN                             0x20000002   Data           2  oled.o(.data..L_MergedGlobals)
    uwTickFreq                               0x20000004   Data           1  stm32f1xx_hal.o(.data..L_MergedGlobals)
    uwTickPrio                               0x20000008   Data           4  stm32f1xx_hal.o(.data..L_MergedGlobals)
    SystemCoreClock                          0x2000000c   Data           4  system_stm32f1xx.o(.data.SystemCoreClock)
    __libspace_start                         0x20000010   Data          96  libspace.o(.bss)
    OLED_DisplayBuf                          0x20000070   Data        1024  oled.o(.bss.OLED_DisplayBuf)
    __temporary_stack_top$libspace           0x20000070   Data           0  libspace.o(.bss)
    hadc1                                    0x20000470   Data          48  adc.o(.bss.hadc1)
    hi2c1                                    0x200004a0   Data          84  i2c.o(.bss.hi2c1)
    huart1                                   0x200004f4   Data          72  usart.o(.bss.huart1)
    uwTick                                   0x2000053c   Data           4  stm32f1xx_hal.o(.bss.uwTick)



==============================================================================

Memory Map of the image

  Image Entry point : 0x080000ed

  Load Region LR_IROM1 (Base: 0x08000000, Size: 0x00006da8, Max: 0x00010000, ABSOLUTE)

    Execution Region ER_IROM1 (Exec base: 0x08000000, Load base: 0x08000000, Size: 0x00006d98, Max: 0x00010000, ABSOLUTE)

    Exec Addr    Load Addr    Size         Type   Attr      Idx    E Section Name        Object

    0x08000000   0x08000000   0x000000ec   Data   RO            3    RESET               startup_stm32f103xb.o
    0x080000ec   0x080000ec   0x00000008   Code   RO         1035  * !!!main             c_w.l(__main.o)
    0x080000f4   0x080000f4   0x00000034   Code   RO         1457    !!!scatter          c_w.l(__scatter.o)
    0x08000128   0x08000128   0x0000001a   Code   RO         1459    !!handler_copy      c_w.l(__scatter_copy.o)
    0x08000142   0x08000142   0x00000002   PAD
    0x08000144   0x08000144   0x0000001c   Code   RO         1461    !!handler_zi        c_w.l(__scatter_zi.o)
    0x08000160   0x08000160   0x00000000   Code   RO         1028    .ARM.Collect$$_printf_percent$$00000000  c_w.l(_printf_percent.o)
    0x08000160   0x08000160   0x00000006   Code   RO         1027    .ARM.Collect$$_printf_percent$$00000003  c_w.l(_printf_f.o)
    0x08000166   0x08000166   0x00000006   Code   RO         1026    .ARM.Collect$$_printf_percent$$00000009  c_w.l(_printf_d.o)
    0x0800016c   0x0800016c   0x00000006   Code   RO         1025    .ARM.Collect$$_printf_percent$$00000014  c_w.l(_printf_s.o)
    0x08000172   0x08000172   0x00000004   Code   RO         1154    .ARM.Collect$$_printf_percent$$00000017  c_w.l(_printf_percent_end.o)
    0x08000176   0x08000176   0x00000002   Code   RO         1311    .ARM.Collect$$libinit$$00000000  c_w.l(libinit.o)
    0x08000178   0x08000178   0x00000000   Code   RO         1313    .ARM.Collect$$libinit$$00000002  c_w.l(libinit2.o)
    0x08000178   0x08000178   0x00000000   Code   RO         1315    .ARM.Collect$$libinit$$00000004  c_w.l(libinit2.o)
    0x08000178   0x08000178   0x00000000   Code   RO         1317    .ARM.Collect$$libinit$$00000006  c_w.l(libinit2.o)
    0x08000178   0x08000178   0x00000000   Code   RO         1320    .ARM.Collect$$libinit$$0000000C  c_w.l(libinit2.o)
    0x08000178   0x08000178   0x00000000   Code   RO         1322    .ARM.Collect$$libinit$$0000000E  c_w.l(libinit2.o)
    0x08000178   0x08000178   0x00000000   Code   RO         1324    .ARM.Collect$$libinit$$00000010  c_w.l(libinit2.o)
    0x08000178   0x08000178   0x00000006   Code   RO         1325    .ARM.Collect$$libinit$$00000011  c_w.l(libinit2.o)
    0x0800017e   0x0800017e   0x00000000   Code   RO         1327    .ARM.Collect$$libinit$$00000013  c_w.l(libinit2.o)
    0x0800017e   0x0800017e   0x00000000   Code   RO         1329    .ARM.Collect$$libinit$$00000015  c_w.l(libinit2.o)
    0x0800017e   0x0800017e   0x00000000   Code   RO         1331    .ARM.Collect$$libinit$$00000017  c_w.l(libinit2.o)
    0x0800017e   0x0800017e   0x0000000a   Code   RO         1332    .ARM.Collect$$libinit$$00000018  c_w.l(libinit2.o)
    0x08000188   0x08000188   0x00000000   Code   RO         1333    .ARM.Collect$$libinit$$00000019  c_w.l(libinit2.o)
    0x08000188   0x08000188   0x00000000   Code   RO         1335    .ARM.Collect$$libinit$$0000001B  c_w.l(libinit2.o)
    0x08000188   0x08000188   0x00000000   Code   RO         1337    .ARM.Collect$$libinit$$0000001D  c_w.l(libinit2.o)
    0x08000188   0x08000188   0x00000000   Code   RO         1339    .ARM.Collect$$libinit$$0000001F  c_w.l(libinit2.o)
    0x08000188   0x08000188   0x00000000   Code   RO         1341    .ARM.Collect$$libinit$$00000021  c_w.l(libinit2.o)
    0x08000188   0x08000188   0x00000000   Code   RO         1343    .ARM.Collect$$libinit$$00000023  c_w.l(libinit2.o)
    0x08000188   0x08000188   0x00000000   Code   RO         1345    .ARM.Collect$$libinit$$00000025  c_w.l(libinit2.o)
    0x08000188   0x08000188   0x00000000   Code   RO         1347    .ARM.Collect$$libinit$$00000027  c_w.l(libinit2.o)
    0x08000188   0x08000188   0x00000000   Code   RO         1351    .ARM.Collect$$libinit$$0000002E  c_w.l(libinit2.o)
    0x08000188   0x08000188   0x00000000   Code   RO         1353    .ARM.Collect$$libinit$$00000030  c_w.l(libinit2.o)
    0x08000188   0x08000188   0x00000000   Code   RO         1355    .ARM.Collect$$libinit$$00000032  c_w.l(libinit2.o)
    0x08000188   0x08000188   0x00000000   Code   RO         1357    .ARM.Collect$$libinit$$00000034  c_w.l(libinit2.o)
    0x08000188   0x08000188   0x00000002   Code   RO         1358    .ARM.Collect$$libinit$$00000035  c_w.l(libinit2.o)
    0x0800018a   0x0800018a   0x00000002   Code   RO         1403    .ARM.Collect$$libshutdown$$00000000  c_w.l(libshutdown.o)
    0x0800018c   0x0800018c   0x00000000   Code   RO         1414    .ARM.Collect$$libshutdown$$00000002  c_w.l(libshutdown2.o)
    0x0800018c   0x0800018c   0x00000000   Code   RO         1416    .ARM.Collect$$libshutdown$$00000004  c_w.l(libshutdown2.o)
    0x0800018c   0x0800018c   0x00000000   Code   RO         1419    .ARM.Collect$$libshutdown$$00000007  c_w.l(libshutdown2.o)
    0x0800018c   0x0800018c   0x00000000   Code   RO         1422    .ARM.Collect$$libshutdown$$0000000A  c_w.l(libshutdown2.o)
    0x0800018c   0x0800018c   0x00000000   Code   RO         1424    .ARM.Collect$$libshutdown$$0000000C  c_w.l(libshutdown2.o)
    0x0800018c   0x0800018c   0x00000000   Code   RO         1427    .ARM.Collect$$libshutdown$$0000000F  c_w.l(libshutdown2.o)
    0x0800018c   0x0800018c   0x00000002   Code   RO         1428    .ARM.Collect$$libshutdown$$00000010  c_w.l(libshutdown2.o)
    0x0800018e   0x0800018e   0x00000000   Code   RO         1091    .ARM.Collect$$rtentry$$00000000  c_w.l(__rtentry.o)
    0x0800018e   0x0800018e   0x00000000   Code   RO         1216    .ARM.Collect$$rtentry$$00000002  c_w.l(__rtentry2.o)
    0x0800018e   0x0800018e   0x00000006   Code   RO         1228    .ARM.Collect$$rtentry$$00000004  c_w.l(__rtentry4.o)
    0x08000194   0x08000194   0x00000000   Code   RO         1218    .ARM.Collect$$rtentry$$00000009  c_w.l(__rtentry2.o)
    0x08000194   0x08000194   0x00000004   Code   RO         1219    .ARM.Collect$$rtentry$$0000000A  c_w.l(__rtentry2.o)
    0x08000198   0x08000198   0x00000000   Code   RO         1221    .ARM.Collect$$rtentry$$0000000C  c_w.l(__rtentry2.o)
    0x08000198   0x08000198   0x00000008   Code   RO         1222    .ARM.Collect$$rtentry$$0000000D  c_w.l(__rtentry2.o)
    0x080001a0   0x080001a0   0x00000002   Code   RO         1361    .ARM.Collect$$rtexit$$00000000  c_w.l(rtexit.o)
    0x080001a2   0x080001a2   0x00000000   Code   RO         1375    .ARM.Collect$$rtexit$$00000002  c_w.l(rtexit2.o)
    0x080001a2   0x080001a2   0x00000004   Code   RO         1376    .ARM.Collect$$rtexit$$00000003  c_w.l(rtexit2.o)
    0x080001a6   0x080001a6   0x00000006   Code   RO         1377    .ARM.Collect$$rtexit$$00000004  c_w.l(rtexit2.o)
    0x080001ac   0x080001ac   0x00000040   Code   RO            4    .text               startup_stm32f103xb.o
    0x080001ec   0x080001ec   0x0000002c   Code   RO          995    .text               c_w.l(__2sprintf.o)
    0x08000218   0x08000218   0x00000052   Code   RO         1001    .text               c_w.l(_printf_str.o)
    0x0800026a   0x0800026a   0x00000002   PAD
    0x0800026c   0x0800026c   0x00000078   Code   RO         1003    .text               c_w.l(_printf_dec.o)
    0x080002e4   0x080002e4   0x00000188   Code   RO         1022    .text               c_w.l(__printf_flags_ss_wp.o)
    0x0800046c   0x0800046c   0x0000004e   Code   RO         1029    .text               c_w.l(rt_memclr_w.o)
    0x080004ba   0x080004ba   0x00000002   PAD
    0x080004bc   0x080004bc   0x00000080   Code   RO         1031    .text               c_w.l(strcmpv7m.o)
    0x0800053c   0x0800053c   0x00000006   Code   RO         1033    .text               c_w.l(heapauxi.o)
    0x08000542   0x08000542   0x000000b2   Code   RO         1098    .text               c_w.l(_printf_intcommon.o)
    0x080005f4   0x080005f4   0x0000041c   Code   RO         1102    .text               c_w.l(_printf_fp_dec.o)
    0x08000a10   0x08000a10   0x00000030   Code   RO         1106    .text               c_w.l(_printf_char_common.o)
    0x08000a40   0x08000a40   0x0000000a   Code   RO         1108    .text               c_w.l(_sputc.o)
    0x08000a4a   0x08000a4a   0x0000002c   Code   RO         1110    .text               c_w.l(_printf_char.o)
    0x08000a76   0x08000a76   0x00000002   PAD
    0x08000a78   0x08000a78   0x00000008   Code   RO         1233    .text               c_w.l(rt_locale_intlibspace.o)
    0x08000a80   0x08000a80   0x0000008a   Code   RO         1240    .text               c_w.l(lludiv10.o)
    0x08000b0a   0x08000b0a   0x00000002   PAD
    0x08000b0c   0x08000b0c   0x00000080   Code   RO         1245    .text               c_w.l(_printf_fp_infnan.o)
    0x08000b8c   0x08000b8c   0x000000e4   Code   RO         1251    .text               c_w.l(bigflt0.o)
    0x08000c70   0x08000c70   0x00000008   Code   RO         1295    .text               c_w.l(libspace.o)
    0x08000c78   0x08000c78   0x0000004a   Code   RO         1298    .text               c_w.l(sys_stackheap_outer.o)
    0x08000cc2   0x08000cc2   0x00000012   Code   RO         1304    .text               c_w.l(exit.o)
    0x08000cd4   0x08000cd4   0x0000000c   Code   RO         1389    .text               c_w.l(sys_exit.o)
    0x08000ce0   0x08000ce0   0x00000002   Code   RO         1404    .text               c_w.l(use_no_semi.o)
    0x08000ce2   0x08000ce2   0x00000000   Code   RO         1406    .text               c_w.l(indicate_semi.o)
    0x08000ce2   0x08000ce2   0x00000002   PAD
    0x08000ce4   0x08000ce4   0x000000b6   Code   RO          300    .text.ADC_Enable    stm32f1xx_hal_adc.o
    0x08000d9a   0x08000d9a   0x00000002   PAD
    0x08000d9c   0x08000d9c   0x00000002   Code   RO          246    .text.BusFault_Handler  stm32f1xx_it.o
    0x08000d9e   0x08000d9e   0x00000002   PAD
    0x08000da0   0x08000da0   0x00000002   Code   RO          252    .text.DebugMon_Handler  stm32f1xx_it.o
    0x08000da2   0x08000da2   0x00000002   PAD
    0x08000da4   0x08000da4   0x0000000a   Code   RO          158    .text.Error_Handler  main.o
    0x08000dae   0x08000dae   0x00000002   PAD
    0x08000db0   0x08000db0   0x0000018c   Code   RO          334    .text.HAL_ADC_ConfigChannel  stm32f1xx_hal_adc.o
    0x08000f3c   0x08000f3c   0x00000006   Code   RO          322    .text.HAL_ADC_GetValue  stm32f1xx_hal_adc.o
    0x08000f42   0x08000f42   0x00000002   PAD
    0x08000f44   0x08000f44   0x0000015c   Code   RO          288    .text.HAL_ADC_Init  stm32f1xx_hal_adc.o
    0x080010a0   0x080010a0   0x00000062   Code   RO          181    .text.HAL_ADC_MspInit  adc.o
    0x08001102   0x08001102   0x00000002   PAD
    0x08001104   0x08001104   0x00000268   Code   RO          304    .text.HAL_ADC_PollForConversion  stm32f1xx_hal_adc.o
    0x0800136c   0x0800136c   0x000000cc   Code   RO          298    .text.HAL_ADC_Start  stm32f1xx_hal_adc.o
    0x08001438   0x08001438   0x0000007e   Code   RO          302    .text.HAL_ADC_Stop  stm32f1xx_hal_adc.o
    0x080014b6   0x080014b6   0x00000002   PAD
    0x080014b8   0x080014b8   0x00000028   Code   RO          404    .text.HAL_Delay     stm32f1xx_hal.o
    0x080014e0   0x080014e0   0x0000021a   Code   RO          496    .text.HAL_GPIO_Init  stm32f1xx_hal_gpio.o
    0x080016fa   0x080016fa   0x00000002   PAD
    0x080016fc   0x080016fc   0x0000000a   Code   RO          502    .text.HAL_GPIO_WritePin  stm32f1xx_hal_gpio.o
    0x08001706   0x08001706   0x00000002   PAD
    0x08001708   0x08001708   0x0000000c   Code   RO          396    .text.HAL_GetTick   stm32f1xx_hal.o
    0x08001714   0x08001714   0x00000176   Code   RO          717    .text.HAL_I2C_Init  stm32f1xx_hal_i2c.o
    0x0800188a   0x0800188a   0x00000002   PAD
    0x0800188c   0x0800188c   0x000003fc   Code   RO          733    .text.HAL_I2C_Master_Receive  stm32f1xx_hal_i2c.o
    0x08001c88   0x08001c88   0x000001d4   Code   RO          725    .text.HAL_I2C_Master_Transmit  stm32f1xx_hal_i2c.o
    0x08001e5c   0x08001e5c   0x00000062   Code   RO          196    .text.HAL_I2C_MspInit  i2c.o
    0x08001ebe   0x08001ebe   0x00000002   PAD
    0x08001ec0   0x08001ec0   0x0000001a   Code   RO          394    .text.HAL_IncTick   stm32f1xx_hal.o
    0x08001eda   0x08001eda   0x00000002   PAD
    0x08001edc   0x08001edc   0x00000026   Code   RO          384    .text.HAL_Init      stm32f1xx_hal.o
    0x08001f02   0x08001f02   0x00000002   PAD
    0x08001f04   0x08001f04   0x00000048   Code   RO          386    .text.HAL_InitTick  stm32f1xx_hal.o
    0x08001f4c   0x08001f4c   0x00000042   Code   RO          265    .text.HAL_MspInit   stm32f1xx_hal_msp.o
    0x08001f8e   0x08001f8e   0x00000002   PAD
    0x08001f90   0x08001f90   0x00000056   Code   RO          554    .text.HAL_NVIC_SetPriority  stm32f1xx_hal_cortex.o
    0x08001fe6   0x08001fe6   0x00000002   PAD
    0x08001fe8   0x08001fe8   0x00000020   Code   RO          552    .text.HAL_NVIC_SetPriorityGrouping  stm32f1xx_hal_cortex.o
    0x08002008   0x08002008   0x000000f0   Code   RO          486    .text.HAL_RCCEx_GetPeriphCLKFreq  stm32f1xx_hal_rcc_ex.o
    0x080020f8   0x080020f8   0x0000010a   Code   RO          482    .text.HAL_RCCEx_PeriphCLKConfig  stm32f1xx_hal_rcc_ex.o
    0x08002202   0x08002202   0x00000002   PAD
    0x08002204   0x08002204   0x000001be   Code   RO          448    .text.HAL_RCC_ClockConfig  stm32f1xx_hal_rcc.o
    0x080023c2   0x080023c2   0x00000002   PAD
    0x080023c4   0x080023c4   0x00000026   Code   RO          460    .text.HAL_RCC_GetPCLK1Freq  stm32f1xx_hal_rcc.o
    0x080023ea   0x080023ea   0x00000002   PAD
    0x080023ec   0x080023ec   0x00000026   Code   RO          462    .text.HAL_RCC_GetPCLK2Freq  stm32f1xx_hal_rcc.o
    0x08002412   0x08002412   0x00000002   PAD
    0x08002414   0x08002414   0x000003b4   Code   RO          446    .text.HAL_RCC_OscConfig  stm32f1xx_hal_rcc.o
    0x080027c8   0x080027c8   0x0000002c   Code   RO          564    .text.HAL_SYSTICK_Config  stm32f1xx_hal_cortex.o
    0x080027f4   0x080027f4   0x000000e2   Code   RO          857    .text.HAL_UART_Init  stm32f1xx_hal_uart.o
    0x080028d6   0x080028d6   0x00000002   PAD
    0x080028d8   0x080028d8   0x0000007a   Code   RO          227    .text.HAL_UART_MspInit  usart.o
    0x08002952   0x08002952   0x00000002   PAD
    0x08002954   0x08002954   0x00000278   Code   RO          871    .text.HAL_UART_Transmit  stm32f1xx_hal_uart.o
    0x08002bcc   0x08002bcc   0x00000002   Code   RO          242    .text.HardFault_Handler  stm32f1xx_it.o
    0x08002bce   0x08002bce   0x00000002   PAD
    0x08002bd0   0x08002bd0   0x000000be   Code   RO          731    .text.I2C_WaitOnBTFFlagUntilTimeout  stm32f1xx_hal_i2c.o
    0x08002c8e   0x08002c8e   0x00000002   PAD
    0x08002c90   0x08002c90   0x000001d2   Code   RO          727    .text.I2C_WaitOnFlagUntilTimeout  stm32f1xx_hal_i2c.o
    0x08002e62   0x08002e62   0x00000002   PAD
    0x08002e64   0x08002e64   0x000000e0   Code   RO          845    .text.I2C_WaitOnMasterAddressFlagUntilTimeout  stm32f1xx_hal_i2c.o
    0x08002f44   0x08002f44   0x00000090   Code   RO          735    .text.I2C_WaitOnRXNEFlagUntilTimeout  stm32f1xx_hal_i2c.o
    0x08002fd4   0x08002fd4   0x000000be   Code   RO          729    .text.I2C_WaitOnTXEFlagUntilTimeout  stm32f1xx_hal_i2c.o
    0x08003092   0x08003092   0x00000002   PAD
    0x08003094   0x08003094   0x00000056   Code   RO          179    .text.MX_ADC1_Init  adc.o
    0x080030ea   0x080030ea   0x00000002   PAD
    0x080030ec   0x080030ec   0x0000009a   Code   RO          170    .text.MX_GPIO_Init  gpio.o
    0x08003186   0x08003186   0x00000002   PAD
    0x08003188   0x08003188   0x00000042   Code   RO          194    .text.MX_I2C1_Init  i2c.o
    0x080031ca   0x080031ca   0x00000002   PAD
    0x080031cc   0x080031cc   0x0000003c   Code   RO          225    .text.MX_USART1_UART_Init  usart.o
    0x08003208   0x08003208   0x00000002   Code   RO          244    .text.MemManage_Handler  stm32f1xx_it.o
    0x0800320a   0x0800320a   0x00000002   PAD
    0x0800320c   0x0800320c   0x00000002   Code   RO          240    .text.NMI_Handler   stm32f1xx_it.o
    0x0800320e   0x0800320e   0x00000002   PAD
    0x08003210   0x08003210   0x00000014   Code   RO           29    .text.OLED_Clear    oled.o
    0x08003224   0x08003224   0x000007fe   Code   RO           79    .text.OLED_DrawCircle  oled.o
    0x08003a22   0x08003a22   0x00000002   PAD
    0x08003a24   0x08003a24   0x0000012a   Code   RO           21    .text.OLED_I2C_SendByte  oled.o
    0x08003b4e   0x08003b4e   0x00000002   PAD
    0x08003b50   0x08003b50   0x00000106   Code   RO           27    .text.OLED_Init     oled.o
    0x08003c56   0x08003c56   0x00000002   PAD
    0x08003c58   0x08003c58   0x00000050   Code   RO           49    .text.OLED_ShowChar  oled.o
    0x08003ca8   0x08003ca8   0x000001b6   Code   RO           63    .text.OLED_ShowFloatNum  oled.o
    0x08003e5e   0x08003e5e   0x00000002   PAD
    0x08003e60   0x08003e60   0x00000192   Code   RO           51    .text.OLED_ShowImage  oled.o
    0x08003ff2   0x08003ff2   0x00000002   PAD
    0x08003ff4   0x08003ff4   0x0000018a   Code   RO           55    .text.OLED_ShowNum  oled.o
    0x0800417e   0x0800417e   0x00000002   PAD
    0x08004180   0x08004180   0x0000008a   Code   RO           53    .text.OLED_ShowString  oled.o
    0x0800420a   0x0800420a   0x00000002   PAD
    0x0800420c   0x0800420c   0x000000ec   Code   RO           31    .text.OLED_Update   oled.o
    0x080042f8   0x080042f8   0x00000070   Code   RO           23    .text.OLED_WriteCommand  oled.o
    0x08004368   0x08004368   0x00000080   Code   RO           25    .text.OLED_WriteData  oled.o
    0x080043e8   0x080043e8   0x00000002   Code   RO          254    .text.PendSV_Handler  stm32f1xx_it.o
    0x080043ea   0x080043ea   0x00000002   PAD
    0x080043ec   0x080043ec   0x00000002   Code   RO          250    .text.SVC_Handler   stm32f1xx_it.o
    0x080043ee   0x080043ee   0x00000002   PAD
    0x080043f0   0x080043f0   0x00000004   Code   RO          256    .text.SysTick_Handler  stm32f1xx_it.o
    0x080043f4   0x080043f4   0x00000002   Code   RO          977    .text.SystemInit    system_stm32f1xx.o
    0x080043f6   0x080043f6   0x00000002   PAD
    0x080043f8   0x080043f8   0x00000002   Code   RO          248    .text.UsageFault_Handler  stm32f1xx_it.o
    0x080043fa   0x080043fa   0x00000002   PAD
    0x080043fc   0x080043fc   0x00000238   Code   RO          112    .text._perform_measurements  shtc3.o
    0x08004634   0x08004634   0x00000468   Code   RO          140    .text.main          main.o
    0x08004a9c   0x08004a9c   0x00000060   Code   RO          128    .text.sgp30_init    sgp30.o
    0x08004afc   0x08004afc   0x00000158   Code   RO          130    .text.sgp30_read    sgp30.o
    0x08004c54   0x08004c54   0x0000000c   Code   RO          110    .text.shtc3_perform_measurements  shtc3.o
    0x08004c60   0x08004c60   0x00000066   Code   RO          104    .text.shtc3_read_id  shtc3.o
    0x08004cc6   0x08004cc6   0x0000003e   Code   RO         1254    CL$$btod_d2e        c_w.l(btod.o)
    0x08004d04   0x08004d04   0x00000046   Code   RO         1256    CL$$btod_d2e_denorm_low  c_w.l(btod.o)
    0x08004d4a   0x08004d4a   0x00000060   Code   RO         1255    CL$$btod_d2e_norm_op1  c_w.l(btod.o)
    0x08004daa   0x08004daa   0x00000002   PAD
    0x08004dac   0x08004dac   0x00000338   Code   RO         1264    CL$$btod_div_common  c_w.l(btod.o)
    0x080050e4   0x080050e4   0x000000dc   Code   RO         1261    CL$$btod_e2e        c_w.l(btod.o)
    0x080051c0   0x080051c0   0x0000002a   Code   RO         1258    CL$$btod_ediv       c_w.l(btod.o)
    0x080051ea   0x080051ea   0x0000002a   Code   RO         1257    CL$$btod_emul       c_w.l(btod.o)
    0x08005214   0x08005214   0x00000244   Code   RO         1263    CL$$btod_mult_common  c_w.l(btod.o)
    0x08005458   0x08005458   0x00000028   Code   RO         1291    i.__ARM_fpclassify  m_ws.l(fpclassify.o)
    0x08005480   0x08005480   0x0000000e   Code   RO         1015    i._is_digit         c_w.l(__printf_wp.o)
    0x0800548e   0x0800548e   0x00000002   PAD
    0x08005490   0x08005490   0x00000094   Code   RO         1089    i.round             m_ws.l(round.o)
    0x08005524   0x08005524   0x0000002c   Code   RO         1281    locale$$code        c_w.l(lc_numeric_c.o)
    0x08005550   0x08005550   0x00000062   Code   RO         1037    x$fpl$d2f           fz_ws.l(d2f.o)
    0x080055b2   0x080055b2   0x00000002   PAD
    0x080055b4   0x080055b4   0x00000150   Code   RO         1039    x$fpl$dadd          fz_ws.l(daddsub_clz.o)
    0x08005704   0x08005704   0x00000018   Code   RO         1283    x$fpl$dcmpinf       fz_ws.l(dcmpi.o)
    0x0800571c   0x0800571c   0x000002b4   Code   RO         1048    x$fpl$ddiv          fz_ws.l(ddiv.o)
    0x080059d0   0x080059d0   0x00000078   Code   RO         1164    x$fpl$deqf          fz_ws.l(deqf.o)
    0x08005a48   0x08005a48   0x0000005a   Code   RO         1055    x$fpl$dfixu         fz_ws.l(dfixu.o)
    0x08005aa2   0x08005aa2   0x0000002e   Code   RO         1060    x$fpl$dflt          fz_ws.l(dflt_clz.o)
    0x08005ad0   0x08005ad0   0x00000026   Code   RO         1059    x$fpl$dfltu         fz_ws.l(dflt_clz.o)
    0x08005af6   0x08005af6   0x00000002   PAD
    0x08005af8   0x08005af8   0x00000078   Code   RO         1166    x$fpl$dgeqf         fz_ws.l(dgeqf.o)
    0x08005b70   0x08005b70   0x00000078   Code   RO         1168    x$fpl$dleqf         fz_ws.l(dleqf.o)
    0x08005be8   0x08005be8   0x00000154   Code   RO         1065    x$fpl$dmul          fz_ws.l(dmul.o)
    0x08005d3c   0x08005d3c   0x0000009c   Code   RO         1170    x$fpl$dnaninf       fz_ws.l(dnaninf.o)
    0x08005dd8   0x08005dd8   0x0000000c   Code   RO         1172    x$fpl$dretinf       fz_ws.l(dretinf.o)
    0x08005de4   0x08005de4   0x0000006c   Code   RO         1174    x$fpl$drleqf        fz_ws.l(drleqf.o)
    0x08005e50   0x08005e50   0x000000b4   Code   RO         1176    x$fpl$drnd          fz_ws.l(drnd.o)
    0x08005f04   0x08005f04   0x00000016   Code   RO         1040    x$fpl$drsb          fz_ws.l(daddsub_clz.o)
    0x08005f1a   0x08005f1a   0x00000002   PAD
    0x08005f1c   0x08005f1c   0x000001dc   Code   RO         1041    x$fpl$dsub          fz_ws.l(daddsub_clz.o)
    0x080060f8   0x080060f8   0x00000056   Code   RO         1067    x$fpl$f2d           fz_ws.l(f2d.o)
    0x0800614e   0x0800614e   0x00000054   Code   RO         1045    x$fpl$fcmp          fz_ws.l(dcmp.o)
    0x080061a2   0x080061a2   0x00000054   Code   RO         1075    x$fpl$fcmp          fz_ws.l(fcmp.o)
    0x080061f6   0x080061f6   0x00000018   Code   RO         1285    x$fpl$fcmpinf       fz_ws.l(fcmpi.o)
    0x0800620e   0x0800620e   0x00000002   PAD
    0x08006210   0x08006210   0x00000068   Code   RO         1178    x$fpl$feqf          fz_ws.l(feqf.o)
    0x08006278   0x08006278   0x00000068   Code   RO         1180    x$fpl$fgeqf         fz_ws.l(fgeqf.o)
    0x080062e0   0x080062e0   0x00000068   Code   RO         1182    x$fpl$fleqf         fz_ws.l(fleqf.o)
    0x08006348   0x08006348   0x0000008c   Code   RO         1184    x$fpl$fnaninf       fz_ws.l(fnaninf.o)
    0x080063d4   0x080063d4   0x0000000a   Code   RO         1186    x$fpl$fretinf       fz_ws.l(fretinf.o)
    0x080063de   0x080063de   0x00000004   Code   RO         1083    x$fpl$printf1       fz_ws.l(printf1.o)
    0x080063e2   0x080063e2   0x00000000   Code   RO         1194    x$fpl$usenofp       fz_ws.l(usenofp.o)
    0x080063e2   0x080063e2   0x00000011   Data   RO         1023    .constdata          c_w.l(__printf_flags_ss_wp.o)
    0x080063f3   0x080063f3   0x00000001   PAD
    0x080063f4   0x080063f4   0x00000094   Data   RO         1252    .constdata          c_w.l(bigflt0.o)
    0x08006488   0x08006488   0x00000010   Data   RO          982    .rodata.AHBPrescTable  system_stm32f1xx.o
    0x08006498   0x08006498   0x00000008   Data   RO          983    .rodata.APBPrescTable  system_stm32f1xx.o
    0x080064a0   0x080064a0   0x00000002   Data   RO          473    .rodata.HAL_RCC_GetSysClockFreq.aPredivFactorTable  stm32f1xx_hal_rcc.o
    0x080064a2   0x080064a2   0x0000023a   Data   RO           96    .rodata.OLED_F6x8   oled_data.o
    0x080066dc   0x080066dc   0x000005f0   Data   RO           95    .rodata.OLED_F8x16  oled_data.o
    0x08006ccc   0x08006ccc   0x00000010   Data   RO          472    .rodata.cst16       stm32f1xx_hal_rcc.o
    0x08006cdc   0x08006cdc   0x0000007f   Data   RO          160    .rodata.str1.1      main.o
    0x08006d5b   0x08006d5b   0x00000001   PAD
    0x08006d5c   0x08006d5c   0x00000020   Data   RO         1456    Region$$Table       anon$$obj.o
    0x08006d7c   0x08006d7c   0x0000001c   Data   RO         1280    locale$$data        c_w.l(lc_numeric_c.o)


    Execution Region RW_IRAM1 (Exec base: 0x20000000, Load base: 0x08006d98, Size: 0x00000b40, Max: 0x00005000, ABSOLUTE)

    Exec Addr    Load Addr    Size         Type   Attr      Idx    E Section Name        Object

    0x20000000   0x08006d98   0x00000004   Data   RW           86    .data..L_MergedGlobals  oled.o
    0x20000004   0x08006d9c   0x00000008   Data   RW          435    .data..L_MergedGlobals  stm32f1xx_hal.o
    0x2000000c   0x08006da4   0x00000004   Data   RW          981    .data.SystemCoreClock  system_stm32f1xx.o
    0x20000010        -       0x00000060   Zero   RW         1296    .bss                c_w.l(libspace.o)
    0x20000070        -       0x00000400   Zero   RW           85    .bss.OLED_DisplayBuf  oled.o
    0x20000470        -       0x00000030   Zero   RW          185    .bss.hadc1          adc.o
    0x200004a0        -       0x00000054   Zero   RW          216    .bss.hi2c1          i2c.o
    0x200004f4        -       0x00000048   Zero   RW          231    .bss.huart1         usart.o
    0x2000053c        -       0x00000004   Zero   RW          434    .bss.uwTick         stm32f1xx_hal.o
    0x20000540        -       0x00000200   Zero   RW            2    HEAP                startup_stm32f103xb.o
    0x20000740        -       0x00000400   Zero   RW            1    STACK               startup_stm32f103xb.o


==============================================================================

Image component sizes


      Code (inc. data)   RO Data    RW Data    ZI Data      Debug   Object Name

       184          0          0          0         48       4011   adc.o
       154          0          0          0          0       1561   gpio.o
       164          0          0          0         84       8083   i2c.o
      1138         28        127          0          0      11609   main.o
      4554          0          0          4       1024      50573   oled.o
         0          0       2090          0          0        778   oled_data.o
       440          0          0          0          0       5972   sgp30.o
       682          0          0          0          0       7338   shtc3.o
        64         26        236          0       1536        772   startup_stm32f103xb.o
       188          0          0          8          4       5730   stm32f1xx_hal.o
      1878          0          0          0          0      13205   stm32f1xx_hal_adc.o
       162          0          0          0          0       8488   stm32f1xx_hal_cortex.o
       548         22          0          0          0       4558   stm32f1xx_hal_gpio.o
      3076          0          0          0          0      42540   stm32f1xx_hal_i2c.o
        66          0          0          0          0       1184   stm32f1xx_hal_msp.o
      1470          0         18          0          0       7660   stm32f1xx_hal_rcc.o
       506         20          0          0          0       3561   stm32f1xx_hal_rcc_ex.o
       858          0          0          0          0      32319   stm32f1xx_hal_uart.o
        20          0          0          0          0       1128   stm32f1xx_it.o
         2          0         24          4          0       1610   system_stm32f1xx.o
       182          0          0          0         72       4285   usart.o

    ----------------------------------------------------------------------
     16418         96       2528         16       2768     216965   Object Totals
         0          0         32          0          0          0   (incl. Generated)
        82          0          1          0          0          0   (incl. Padding)

    ----------------------------------------------------------------------

      Code (inc. data)   RO Data    RW Data    ZI Data      Debug   Library Member Name

        44          6          0          0          0         84   __2sprintf.o
         8          0          0          0          0         68   __main.o
       392          4         17          0          0         92   __printf_flags_ss_wp.o
        14          0          0          0          0         68   __printf_wp.o
         0          0          0          0          0          0   __rtentry.o
        12          0          0          0          0          0   __rtentry2.o
         6          0          0          0          0          0   __rtentry4.o
        52          8          0          0          0          0   __scatter.o
        26          0          0          0          0          0   __scatter_copy.o
        28          0          0          0          0          0   __scatter_zi.o
        44          0          0          0          0        108   _printf_char.o
        48          6          0          0          0         96   _printf_char_common.o
         6          0          0          0          0          0   _printf_d.o
       120         16          0          0          0         92   _printf_dec.o
         6          0          0          0          0          0   _printf_f.o
      1052          0          0          0          0        148   _printf_fp_dec.o
       128         16          0          0          0         84   _printf_fp_infnan.o
       178          0          0          0          0         88   _printf_intcommon.o
         0          0          0          0          0          0   _printf_percent.o
         4          0          0          0          0          0   _printf_percent_end.o
         6          0          0          0          0          0   _printf_s.o
        82          0          0          0          0         80   _printf_str.o
        10          0          0          0          0         68   _sputc.o
       228          4        148          0          0         96   bigflt0.o
      1936        128          0          0          0        668   btod.o
        18          0          0          0          0         80   exit.o
         6          0          0          0          0        152   heapauxi.o
         0          0          0          0          0          0   indicate_semi.o
        44         10         28          0          0         76   lc_numeric_c.o
         2          0          0          0          0          0   libinit.o
        18          0          0          0          0          0   libinit2.o
         2          0          0          0          0          0   libshutdown.o
         2          0          0          0          0          0   libshutdown2.o
         8          4          0          0         96         68   libspace.o
       138          0          0          0          0         80   lludiv10.o
         8          4          0          0          0         68   rt_locale_intlibspace.o
        78          0          0          0          0         80   rt_memclr_w.o
         2          0          0          0          0          0   rtexit.o
        10          0          0          0          0          0   rtexit2.o
       128          0          0          0          0         68   strcmpv7m.o
        12          4          0          0          0         68   sys_exit.o
        74          0          0          0          0         80   sys_stackheap_outer.o
         2          0          0          0          0         68   use_no_semi.o
        98          4          0          0          0         92   d2f.o
       834         16          0          0          0        372   daddsub_clz.o
        84          0          0          0          0        196   dcmp.o
        24          0          0          0          0         68   dcmpi.o
       692        140          0          0          0        216   ddiv.o
       120          4          0          0          0         92   deqf.o
        90          4          0          0          0         92   dfixu.o
        84          0          0          0          0        136   dflt_clz.o
       120          4          0          0          0         92   dgeqf.o
       120          4          0          0          0         92   dleqf.o
       340         12          0          0          0        104   dmul.o
       156          4          0          0          0         92   dnaninf.o
        12          0          0          0          0         68   dretinf.o
       108          0          0          0          0         80   drleqf.o
       180          4          0          0          0         80   drnd.o
        86          4          0          0          0         84   f2d.o
        84          0          0          0          0        196   fcmp.o
        24          0          0          0          0         68   fcmpi.o
       104          4          0          0          0         84   feqf.o
       104          4          0          0          0         84   fgeqf.o
       104          4          0          0          0         84   fleqf.o
       140          4          0          0          0         84   fnaninf.o
        10          0          0          0          0         68   fretinf.o
         4          0          0          0          0         68   printf1.o
         0          0          0          0          0          0   usenofp.o
        40          0          0          0          0         68   fpclassify.o
       148         12          0          0          0         88   round.o

    ----------------------------------------------------------------------
      8916        438        194          0         96       5576   Library Totals
        24          0          1          0          0          0   (incl. Padding)

    ----------------------------------------------------------------------

      Code (inc. data)   RO Data    RW Data    ZI Data      Debug   Library Name

      4982        210        193          0         96       2728   c_w.l
      3722        216          0          0          0       2692   fz_ws.l
       188         12          0          0          0        156   m_ws.l

    ----------------------------------------------------------------------
      8916        438        194          0         96       5576   Library Totals

    ----------------------------------------------------------------------

==============================================================================


      Code (inc. data)   RO Data    RW Data    ZI Data      Debug   

     25334        534       2722         16       2864     219265   Grand Totals
     25334        534       2722         16       2864     219265   ELF Image Totals
     25334        534       2722         16          0          0   ROM Totals

==============================================================================

    Total RO  Size (Code + RO Data)                28056 (  27.40kB)
    Total RW  Size (RW Data + ZI Data)              2880 (   2.81kB)
    Total ROM Size (Code + RO Data + RW Data)      28072 (  27.41kB)

==============================================================================

